[glades-cuda] Using device 0: NVIDIA GeForce RTX 4080 SUPER (SM 8.9, 15936 MB, 80 SMs)
[i]2026-05-16 07:50:05 [chiron]: [chiron-train] device: NVIDIA GeForce RTX 4080 SUPER (sm_8.9), 15.6 GB VRAM
[i]2026-05-16 07:50:05 [chiron]: [val] enabled: every 200 steps, 8 batches (512 tokens/batch), buckets=8, bytes/tok=4.00
[i]2026-05-16 07:50:05 [chiron]: [fuse-attn-per-layer] allocated trainable gamma_p/beta_p [L=4 × m=128 × 2 × 4 = 4.00 KB params] (init 1/0); Adam state mode=fp32 adds proportional VRAM.
[i]2026-05-16 07:50:05 [chiron]: [chiron-train] VRAM usage after allocation: 0.74 / 15.56 GB (95.3% free)
[i]2026-05-16 07:50:05 [chiron]: [chiron-train] T=512 m=128 dModel=256 L=4 nH=4 dH=64 V=32000  params=4.62M  (17.6 MB FP32)
[i]2026-05-16 07:50:05 [chiron]: [chiron-train] lr=3.00e-04 wd=1.00e-02 seed=1337 max_steps=2000 adam=fp32 attn=tiled bf16_grads=0 bf16_weights=0 local_attn_W=0 warmup=50 grad_clip=1.00 accum=1 (effective batch=512 tokens)
[i]2026-05-16 07:50:05 [chiron]: [bf16-logits] tied-readout logits GEMMs routed through cublasGemmEx FAST_16BF (BF16-TC, FP32 in/out); 3 GEMMs/step at shape (T=512, V=32000, m=128) = 4.19 GFLOP each
[i]2026-05-16 07:50:05 [chiron]: [bf16-logits-storage] readout triple (logits, probs, dlogits) materialized as BF16 (T*V*2 = 0.03 GB each); FP32 triple would be 0.18 GB.  Added BF16 mirrors: W.E_bf cache (V*m = 8 MB, refreshed per step) and q_L_bf scratch (T*m = 0 MB, cast per step).  Net VRAM saved: 0.08 GB.  Math FP32 in registers, BF16 on load/store; NLL impact expected negligible (probs floor at 1e-12 after BF16→FP32 cast matches FP32 kernel).
[i]2026-05-16 07:50:05 [chiron]: [fuse-attn-per-layer] ACTIVE (DEFAULT since 2026-05-12): at EVERY layer, q ← q + (1/√L)·reln_p(p) BEFORE the q-reln.  Couples attention into q at every depth; bounds p magnitude; enables L ≥ 48 with attention training.  Per-layer trainable gamma_p[l]/beta_p[l] (init 1/0, task #12 2026-05-12).  Validated 1B fair-comparison: +1.09 nat ema @ 5000 steps vs --no-fuse-attn.
[i]2026-05-16 07:50:05 [chiron]: [step      1] loss=9.9691 ema=9.9691 best=9.9691@1 acc=0.2773 ||g||=6.236 scale=0.160 lr=6.00e-06 tok/s=5750 wall=0.1s
[i]2026-05-16 07:50:05 [chiron]: [val val   ] nll=9.6599 bpb=3.4841 ppl=15676.24 acc1=0.4807 acc5=0.4810 acc10=0.4810 pos=[9.65/9.67/9.70/9.65/9.69/9.60/9.68/9.64] n_tok=8192 batches=8
[i]2026-05-16 07:50:05 [chiron]: [val val   ] medal_elbo=10.4000 ppl=32860.01 n_masked=2127 alpha=0.573
[i]2026-05-16 07:50:05 [chiron]: [step     10] loss=9.1028 ema=9.7246 best=8.9843@3 acc=0.8066 ||g||=13.749 scale=0.073 lr=6.00e-05 tok/s=81590 wall=0.1s
[i]2026-05-16 07:50:05 [chiron]: [step     20] loss=9.5762 ema=9.6128 best=8.9082@18 acc=0.5195 ||g||=12.753 scale=0.078 lr=1.20e-04 tok/s=121767 wall=0.2s
[i]2026-05-16 07:50:05 [chiron]: [step     30] loss=9.9660 ema=9.5667 best=8.8313@29 acc=0.2422 ||g||=13.369 scale=0.075 lr=1.80e-04 tok/s=121792 wall=0.2s
[i]2026-05-16 07:50:05 [chiron]: [step     40] loss=8.8255 ema=9.5317 best=8.8255@40 acc=0.8906 ||g||=17.448 scale=0.057 lr=2.40e-04 tok/s=121950 wall=0.3s
[i]2026-05-16 07:50:05 [chiron]: [step     50] loss=9.2627 ema=9.4842 best=8.5730@44 acc=0.5898 ||g||=12.614 scale=0.079 lr=3.00e-04 tok/s=128030 wall=0.3s
[i]2026-05-16 07:50:05 [chiron]: [step     60] loss=9.5860 ema=9.3937 best=8.4802@55 acc=0.3008 ||g||=7.918 scale=0.126 lr=3.00e-04 tok/s=128928 wall=0.4s
[i]2026-05-16 07:50:05 [chiron]: [step     70] loss=8.3681 ema=9.1229 best=8.1757@66 acc=0.9102 ||g||=14.302 scale=0.070 lr=3.00e-04 tok/s=128787 wall=0.4s
[i]2026-05-16 07:50:05 [chiron]: [step     80] loss=8.7794 ema=9.1368 best=8.1757@66 acc=0.6152 ||g||=5.900 scale=0.170 lr=3.00e-04 tok/s=128943 wall=0.4s
[i]2026-05-16 07:50:05 [chiron]: [step     90] loss=9.2504 ema=9.0407 best=8.1399@85 acc=0.3516 ||g||=6.300 scale=0.159 lr=3.00e-04 tok/s=128795 wall=0.5s
[i]2026-05-16 07:50:05 [chiron]: [step    100] loss=9.8517 ema=8.9363 best=7.9361@96 acc=0.0625 ||g||=7.884 scale=0.127 lr=3.00e-04 tok/s=128831 wall=0.5s
[i]2026-05-16 07:50:05 [chiron]: [step    110] loss=8.2736 ema=8.8011 best=7.9038@107 acc=0.6797 ||g||=4.084 scale=0.245 lr=3.00e-04 tok/s=128888 wall=0.5s
[i]2026-05-16 07:50:05 [chiron]: [step    120] loss=8.8135 ema=8.8022 best=7.6595@111 acc=0.4297 ||g||=4.235 scale=0.236 lr=3.00e-04 tok/s=128821 wall=0.6s
[i]2026-05-16 07:50:05 [chiron]: [step    130] loss=9.4237 ema=8.7289 best=7.6350@122 acc=0.1191 ||g||=5.860 scale=0.171 lr=3.00e-04 tok/s=129010 wall=0.6s
[i]2026-05-16 07:50:05 [chiron]: [step    140] loss=8.0437 ema=8.4812 best=7.5355@137 acc=0.7383 ||g||=5.239 scale=0.191 lr=3.00e-04 tok/s=128632 wall=0.7s
[i]2026-05-16 07:50:05 [chiron]: [step    150] loss=8.6356 ema=8.5230 best=7.4956@148 acc=0.4531 ||g||=5.548 scale=0.180 lr=3.00e-04 tok/s=128898 wall=0.7s
[i]2026-05-16 07:50:05 [chiron]: [step    160] loss=9.0151 ema=8.5229 best=7.4956@148 acc=0.1953 ||g||=12.274 scale=0.081 lr=3.00e-04 tok/s=129092 wall=0.7s
[i]2026-05-16 07:50:05 [chiron]: [step    170] loss=7.6307 ema=8.3563 best=7.2261@163 acc=0.8086 ||g||=5.914 scale=0.169 lr=3.00e-04 tok/s=128902 wall=0.8s
[i]2026-05-16 07:50:05 [chiron]: [step    180] loss=8.1368 ema=8.3195 best=7.2261@163 acc=0.5625 ||g||=3.067 scale=0.326 lr=3.00e-04 tok/s=128547 wall=0.8s
[i]2026-05-16 07:50:05 [chiron]: [step    190] loss=8.9679 ema=8.3382 best=7.0472@189 acc=0.2520 ||g||=2.553 scale=0.392 lr=3.00e-04 tok/s=128748 wall=0.9s
[i]2026-05-16 07:50:06 [chiron]: [step    200] loss=7.0694 ema=8.1519 best=7.0472@189 acc=0.9023 ||g||=8.199 scale=0.122 lr=3.00e-04 tok/s=128973 wall=0.9s
[i]2026-05-16 07:50:06 [chiron]: [val val   ] nll=8.1082 bpb=2.9244 ppl=3321.44 acc1=0.5090 acc5=0.5117 acc10=0.5166 pos=[8.14/8.21/8.17/7.98/8.05/8.08/8.16/8.08] n_tok=8192 batches=8
[i]2026-05-16 07:50:06 [chiron]: [val val   ] medal_elbo=9.6175 ppl=15025.30 n_masked=2012 alpha=0.892
[i]2026-05-16 07:50:06 [chiron]: [step    210] loss=7.4313 ema=7.9900 best=6.8619@207 acc=0.7227 ||g||=3.856 scale=0.259 lr=3.00e-04 tok/s=89650 wall=1.0s
[i]2026-05-16 07:50:06 [chiron]: [step    220] loss=8.8154 ema=8.3651 best=6.8619@207 acc=0.4512 ||g||=5.161 scale=0.194 lr=3.00e-04 tok/s=128962 wall=1.0s
[i]2026-05-16 07:50:06 [chiron]: [step    230] loss=9.7837 ema=8.7566 best=6.8619@207 acc=0.1484 ||g||=7.948 scale=0.126 lr=3.00e-04 tok/s=128816 wall=1.0s
[i]2026-05-16 07:50:06 [chiron]: [step    240] loss=7.1278 ema=8.3229 best=6.8619@207 acc=0.7031 ||g||=5.290 scale=0.189 lr=3.00e-04 tok/s=128783 wall=1.1s
[i]2026-05-16 07:50:06 [chiron]: [step    250] loss=7.8846 ema=8.0464 best=6.6093@248 acc=0.5156 ||g||=2.673 scale=0.374 lr=3.00e-04 tok/s=128839 wall=1.1s
[i]2026-05-16 07:50:06 [chiron]: [step    260] loss=8.5270 ema=7.9607 best=6.4430@259 acc=0.2305 ||g||=2.847 scale=0.351 lr=3.00e-04 tok/s=128870 wall=1.2s
[i]2026-05-16 07:50:06 [chiron]: [step    270] loss=6.7841 ema=7.7306 best=6.4430@259 acc=0.7891 ||g||=6.209 scale=0.161 lr=3.00e-04 tok/s=128668 wall=1.2s
[i]2026-05-16 07:50:06 [chiron]: [step    280] loss=7.9451 ema=8.0690 best=6.4430@259 acc=0.5527 ||g||=4.652 scale=0.215 lr=3.00e-04 tok/s=128931 wall=1.2s
[i]2026-05-16 07:50:06 [chiron]: [step    290] loss=8.9032 ema=7.7871 best=6.2855@289 acc=0.2656 ||g||=6.161 scale=0.162 lr=3.00e-04 tok/s=128373 wall=1.3s
[i]2026-05-16 07:50:06 [chiron]: [step    300] loss=6.2410 ema=7.6185 best=6.2410@300 acc=0.8262 ||g||=7.813 scale=0.128 lr=3.00e-04 tok/s=128836 wall=1.3s
[i]2026-05-16 07:50:06 [chiron]: [step    310] loss=7.0855 ema=7.7721 best=6.2410@300 acc=0.6465 ||g||=6.153 scale=0.163 lr=3.00e-04 tok/s=128987 wall=1.4s
[i]2026-05-16 07:50:06 [chiron]: [step    320] loss=8.2399 ema=7.7473 best=6.2410@300 acc=0.3398 ||g||=3.359 scale=0.298 lr=3.00e-04 tok/s=128781 wall=1.4s
[i]2026-05-16 07:50:06 [chiron]: [step    330] loss=9.2756 ema=7.7320 best=6.2410@300 acc=0.0684 ||g||=4.344 scale=0.230 lr=3.00e-04 tok/s=128972 wall=1.4s
[i]2026-05-16 07:50:06 [chiron]: [step    340] loss=7.2630 ema=7.8056 best=6.2410@300 acc=0.6816 ||g||=12.326 scale=0.081 lr=3.00e-04 tok/s=128842 wall=1.5s
[i]2026-05-16 07:50:06 [chiron]: [step    350] loss=8.0339 ema=7.9108 best=6.2410@300 acc=0.4082 ||g||=3.184 scale=0.314 lr=3.00e-04 tok/s=129022 wall=1.5s
[i]2026-05-16 07:50:06 [chiron]: [step    360] loss=9.0657 ema=7.5521 best=5.8233@356 acc=0.1328 ||g||=10.147 scale=0.099 lr=3.00e-04 tok/s=128758 wall=1.6s
[i]2026-05-16 07:50:06 [chiron]: [step    370] loss=6.9398 ema=7.6196 best=5.8233@356 acc=0.7227 ||g||=6.277 scale=0.159 lr=3.00e-04 tok/s=128737 wall=1.6s
[i]2026-05-16 07:50:06 [chiron]: [step    380] loss=8.1580 ema=7.7755 best=5.8233@356 acc=0.1934 ||g||=19.374 scale=0.052 lr=3.00e-04 tok/s=129034 wall=1.6s
[i]2026-05-16 07:50:06 [chiron]: [step    390] loss=9.1653 ema=8.1237 best=5.8233@356 acc=0.1738 ||g||=47.817 scale=0.021 lr=3.00e-04 tok/s=128900 wall=1.7s
[i]2026-05-16 07:50:06 [chiron]: [step    400] loss=7.3288 ema=8.0448 best=5.8233@356 acc=0.2598 ||g||=27.304 scale=0.037 lr=3.00e-04 tok/s=128841 wall=1.7s
[i]2026-05-16 07:50:06 [chiron]: [val val   ] nll=7.7060 bpb=2.7793 ppl=2221.60 acc1=0.2908 acc5=0.3340 acc10=0.3562 pos=[7.75/7.77/7.85/7.80/7.58/7.62/7.66/7.61] n_tok=8192 batches=8
[i]2026-05-16 07:50:06 [chiron]: [val val   ] medal_elbo=9.5383 ppl=13881.71 n_masked=1911 alpha=0.070
[i]2026-05-16 07:50:06 [chiron]: [step    410] loss=7.4141 ema=8.0424 best=5.8233@356 acc=0.6387 ||g||=14.016 scale=0.071 lr=3.00e-04 tok/s=89707 wall=1.8s
[i]2026-05-16 07:50:06 [chiron]: [step    420] loss=8.0211 ema=8.0782 best=5.8233@356 acc=0.3145 ||g||=9.655 scale=0.104 lr=3.00e-04 tok/s=129281 wall=1.8s
[i]2026-05-16 07:50:06 [chiron]: [step    430] loss=9.2692 ema=8.0858 best=5.8233@356 acc=0.1055 ||g||=6.284 scale=0.159 lr=3.00e-04 tok/s=128794 wall=1.9s
[i]2026-05-16 07:50:07 [chiron]: [step    440] loss=7.1905 ema=7.8292 best=5.8233@356 acc=0.6797 ||g||=20.741 scale=0.048 lr=3.00e-04 tok/s=128790 wall=1.9s
[i]2026-05-16 07:50:07 [chiron]: [step    450] loss=9.0357 ema=8.2449 best=5.8233@356 acc=0.4219 ||g||=15.250 scale=0.066 lr=3.00e-04 tok/s=128822 wall=1.9s
[i]2026-05-16 07:50:07 [chiron]: [step    460] loss=9.2023 ema=8.5060 best=5.8233@356 acc=0.1309 ||g||=5.001 scale=0.200 lr=3.00e-04 tok/s=129055 wall=2.0s
[i]2026-05-16 07:50:07 [chiron]: [step    470] loss=7.1589 ema=8.2005 best=5.8233@356 acc=0.7910 ||g||=13.758 scale=0.073 lr=3.00e-04 tok/s=128600 wall=2.0s
[i]2026-05-16 07:50:07 [chiron]: [step    480] loss=7.9795 ema=8.1978 best=5.8233@356 acc=0.3496 ||g||=19.563 scale=0.051 lr=3.00e-04 tok/s=128867 wall=2.1s
[i]2026-05-16 07:50:07 [chiron]: [step    490] loss=8.6841 ema=8.2056 best=5.8233@356 acc=0.2129 ||g||=4.202 scale=0.238 lr=3.00e-04 tok/s=128959 wall=2.1s
[i]2026-05-16 07:50:07 [chiron]: [step    500] loss=6.6707 ema=7.7693 best=5.8233@356 acc=0.6250 ||g||=14.628 scale=0.068 lr=3.00e-04 tok/s=128833 wall=2.1s
[i]2026-05-16 07:50:07 [chiron]: [step    510] loss=7.3399 ema=7.7243 best=5.8233@356 acc=0.5254 ||g||=6.456 scale=0.155 lr=3.00e-04 tok/s=129056 wall=2.2s
[i]2026-05-16 07:50:07 [chiron]: [step    520] loss=8.0230 ema=7.4057 best=5.7480@519 acc=0.3066 ||g||=38.458 scale=0.026 lr=3.00e-04 tok/s=128771 wall=2.2s
[i]2026-05-16 07:50:07 [chiron]: [step    530] loss=10.4293 ema=8.7553 best=5.7480@519 acc=0.0430 ||g||=19.635 scale=0.051 lr=3.00e-04 tok/s=128970 wall=2.3s
[i]2026-05-16 07:50:07 [chiron]: [step    540] loss=11.0461 ema=9.7302 best=5.7480@519 acc=0.0273 ||g||=15.775 scale=0.063 lr=3.00e-04 tok/s=128361 wall=2.3s
[i]2026-05-16 07:50:07 [chiron]: [step    550] loss=9.4453 ema=9.9091 best=5.7480@519 acc=0.0938 ||g||=6.189 scale=0.162 lr=3.00e-04 tok/s=128976 wall=2.3s
[i]2026-05-16 07:50:07 [chiron]: [step    560] loss=8.2650 ema=9.1385 best=5.7480@519 acc=0.1191 ||g||=25.937 scale=0.039 lr=3.00e-04 tok/s=128713 wall=2.4s
[i]2026-05-16 07:50:07 [chiron]: [step    570] loss=7.0400 ema=8.3424 best=5.7480@519 acc=0.4473 ||g||=7.091 scale=0.141 lr=3.00e-04 tok/s=128950 wall=2.4s
[i]2026-05-16 07:50:07 [chiron]: [step    580] loss=7.5904 ema=7.9212 best=5.7480@519 acc=0.3789 ||g||=6.181 scale=0.162 lr=3.00e-04 tok/s=129075 wall=2.5s
[i]2026-05-16 07:50:07 [chiron]: [step    590] loss=8.8173 ema=8.0541 best=5.7480@519 acc=0.1074 ||g||=3.942 scale=0.254 lr=3.00e-04 tok/s=128770 wall=2.5s
[i]2026-05-16 07:50:07 [chiron]: [step    600] loss=6.6717 ema=7.7362 best=5.7480@519 acc=0.5977 ||g||=6.841 scale=0.146 lr=3.00e-04 tok/s=128744 wall=2.5s
[i]2026-05-16 07:50:07 [chiron]: [val val   ] nll=7.7592 bpb=2.7986 ppl=2343.12 acc1=0.4189 acc5=0.4480 acc10=0.4609 pos=[7.92/7.50/7.76/7.88/7.80/7.79/7.79/7.63] n_tok=8192 batches=8
[i]2026-05-16 07:50:07 [chiron]: [val val   ] medal_elbo=9.6039 ppl=14822.93 n_masked=2227 alpha=0.148
[i]2026-05-16 07:50:07 [chiron]: [step    610] loss=6.7452 ema=7.6114 best=5.7480@519 acc=0.5898 ||g||=7.487 scale=0.134 lr=3.00e-04 tok/s=89632 wall=2.6s
[i]2026-05-16 07:50:07 [chiron]: [step    620] loss=8.7386 ema=7.5803 best=5.5161@615 acc=0.3008 ||g||=8.476 scale=0.118 lr=3.00e-04 tok/s=128729 wall=2.6s
[i]2026-05-16 07:50:07 [chiron]: [step    630] loss=5.0808 ema=7.2186 best=5.0808@630 acc=0.9082 ||g||=19.347 scale=0.052 lr=3.00e-04 tok/s=128726 wall=2.7s
[i]2026-05-16 07:50:07 [chiron]: [step    640] loss=6.7620 ema=7.4121 best=5.0808@630 acc=0.5820 ||g||=15.213 scale=0.066 lr=3.00e-04 tok/s=128834 wall=2.7s
[i]2026-05-16 07:50:07 [chiron]: [step    650] loss=7.9304 ema=7.3287 best=5.0808@630 acc=0.3379 ||g||=4.520 scale=0.221 lr=3.00e-04 tok/s=128532 wall=2.7s
[i]2026-05-16 07:50:07 [chiron]: [step    660] loss=9.1404 ema=7.2709 best=5.0808@630 acc=0.0625 ||g||=6.155 scale=0.162 lr=3.00e-04 tok/s=128830 wall=2.8s
[i]2026-05-16 07:50:07 [chiron]: [step    670] loss=6.6272 ema=6.8811 best=4.8771@667 acc=0.6309 ||g||=7.799 scale=0.128 lr=3.00e-04 tok/s=128783 wall=2.8s
[i]2026-05-16 07:50:07 [chiron]: [step    680] loss=8.1361 ema=7.5175 best=4.8771@667 acc=0.3828 ||g||=4.430 scale=0.226 lr=3.00e-04 tok/s=128807 wall=2.9s
[i]2026-05-16 07:50:08 [chiron]: [step    690] loss=8.6593 ema=7.3709 best=4.8771@667 acc=0.1328 ||g||=6.087 scale=0.164 lr=3.00e-04 tok/s=128765 wall=2.9s
[i]2026-05-16 07:50:08 [chiron]: [step    700] loss=5.9112 ema=6.9090 best=4.6282@697 acc=0.7227 ||g||=10.067 scale=0.099 lr=3.00e-04 tok/s=128674 wall=2.9s
[i]2026-05-16 07:50:08 [chiron]: [step    710] loss=7.0069 ema=7.0067 best=4.6282@697 acc=0.4512 ||g||=3.861 scale=0.259 lr=3.00e-04 tok/s=128875 wall=3.0s
[i]2026-05-16 07:50:08 [chiron]: [step    720] loss=7.9972 ema=6.8110 best=4.6282@697 acc=0.1445 ||g||=7.842 scale=0.128 lr=3.00e-04 tok/s=128767 wall=3.0s
[i]2026-05-16 07:50:08 [chiron]: [step    730] loss=5.9264 ema=6.8269 best=4.6282@697 acc=0.7637 ||g||=10.679 scale=0.094 lr=3.00e-04 tok/s=128841 wall=3.1s
[i]2026-05-16 07:50:08 [chiron]: [step    740] loss=5.6210 ema=6.6991 best=4.6282@697 acc=0.3828 ||g||=11.908 scale=0.084 lr=3.00e-04 tok/s=128413 wall=3.1s
[i]2026-05-16 07:50:08 [chiron]: [step    750] loss=7.0526 ema=6.2509 best=4.3931@749 acc=0.3184 ||g||=11.808 scale=0.085 lr=3.00e-04 tok/s=128851 wall=3.1s
[i]2026-05-16 07:50:08 [chiron]: [step    760] loss=4.2497 ema=5.7107 best=4.2497@760 acc=0.8711 ||g||=70.364 scale=0.014 lr=3.00e-04 tok/s=129002 wall=3.2s
[i]2026-05-16 07:50:08 [chiron]: [step    770] loss=4.9025 ema=5.5479 best=3.7692@764 acc=0.6523 ||g||=5.531 scale=0.181 lr=3.00e-04 tok/s=128953 wall=3.2s
[i]2026-05-16 07:50:08 [chiron]: [step    780] loss=5.7338 ema=5.4584 best=3.2747@775 acc=0.3809 ||g||=14.471 scale=0.069 lr=3.00e-04 tok/s=128922 wall=3.3s
[i]2026-05-16 07:50:08 [chiron]: [step    790] loss=2.6182 ema=4.5731 best=2.6182@790 acc=0.9219 ||g||=7.292 scale=0.137 lr=3.00e-04 tok/s=128383 wall=3.3s
[i]2026-05-16 07:50:08 [chiron]: [step    800] loss=4.3488 ema=4.6472 best=2.6182@790 acc=0.6562 ||g||=5.531 scale=0.181 lr=3.00e-04 tok/s=129001 wall=3.3s
[i]2026-05-16 07:50:08 [chiron]: [val val   ] nll=7.1243 bpb=2.5696 ppl=1241.82 acc1=0.5305 acc5=0.5986 acc10=0.6047 pos=[6.92/7.04/6.86/7.06/7.35/7.05/7.17/7.55] n_tok=8192 batches=8
[i]2026-05-16 07:50:08 [chiron]: [val val   ] medal_elbo=9.8710 ppl=19360.89 n_masked=1605 alpha=0.225
[i]2026-05-16 07:50:08 [chiron]: [step    810] loss=6.7551 ema=5.4093 best=2.6182@790 acc=0.4902 ||g||=4.185 scale=0.239 lr=3.00e-04 tok/s=89771 wall=3.4s
[i]2026-05-16 07:50:08 [chiron]: [step    820] loss=8.2299 ema=6.2532 best=2.6182@790 acc=0.2129 ||g||=10.146 scale=0.099 lr=3.00e-04 tok/s=129015 wall=3.4s
[i]2026-05-16 07:50:08 [chiron]: [step    830] loss=6.2785 ema=6.7057 best=2.6182@790 acc=0.8281 ||g||=176.197 scale=0.006 lr=3.00e-04 tok/s=128792 wall=3.5s
[i]2026-05-16 07:50:08 [chiron]: [step    840] loss=7.1460 ema=7.2220 best=2.6182@790 acc=0.5410 ||g||=19.136 scale=0.052 lr=3.00e-04 tok/s=129027 wall=3.5s
[i]2026-05-16 07:50:08 [chiron]: [step    850] loss=8.3909 ema=7.0268 best=2.6182@790 acc=0.2559 ||g||=23.903 scale=0.042 lr=3.00e-04 tok/s=128820 wall=3.6s
[i]2026-05-16 07:50:08 [chiron]: [step    860] loss=4.9983 ema=6.6185 best=2.6182@790 acc=0.8203 ||g||=19.136 scale=0.052 lr=3.00e-04 tok/s=128892 wall=3.6s
[i]2026-05-16 07:50:08 [chiron]: [step    870] loss=7.0429 ema=7.2589 best=2.6182@790 acc=0.5898 ||g||=55.857 scale=0.018 lr=3.00e-04 tok/s=129131 wall=3.6s
[i]2026-05-16 07:50:08 [chiron]: [step    880] loss=7.6616 ema=7.1433 best=2.6182@790 acc=0.3477 ||g||=7.742 scale=0.129 lr=3.00e-04 tok/s=128787 wall=3.7s
[i]2026-05-16 07:50:08 [chiron]: [step    890] loss=4.7612 ema=6.5982 best=2.6182@790 acc=0.9219 ||g||=66.230 scale=0.015 lr=3.00e-04 tok/s=128647 wall=3.7s
[i]2026-05-16 07:50:08 [chiron]: [step    900] loss=6.2216 ema=6.8740 best=2.6182@790 acc=0.4551 ||g||=8.931 scale=0.112 lr=3.00e-04 tok/s=128994 wall=3.8s
[i]2026-05-16 07:50:08 [chiron]: [step    910] loss=7.9702 ema=7.2667 best=2.6182@790 acc=0.3223 ||g||=11.595 scale=0.086 lr=3.00e-04 tok/s=129052 wall=3.8s
[i]2026-05-16 07:50:08 [chiron]: [step    920] loss=8.9497 ema=7.1011 best=2.6182@790 acc=0.1133 ||g||=7.125 scale=0.140 lr=3.00e-04 tok/s=128799 wall=3.8s
[i]2026-05-16 07:50:09 [chiron]: [step    930] loss=5.5137 ema=6.8165 best=2.6182@790 acc=0.6680 ||g||=11.342 scale=0.088 lr=3.00e-04 tok/s=128797 wall=3.9s
[i]2026-05-16 07:50:09 [chiron]: [step    940] loss=7.2434 ema=6.9771 best=2.6182@790 acc=0.4688 ||g||=43.510 scale=0.023 lr=3.00e-04 tok/s=128965 wall=3.9s
[i]2026-05-16 07:50:09 [chiron]: [step    950] loss=8.2228 ema=6.9496 best=2.6182@790 acc=0.2031 ||g||=6.609 scale=0.151 lr=3.00e-04 tok/s=128949 wall=4.0s
[i]2026-05-16 07:50:09 [chiron]: [step    960] loss=5.5169 ema=6.7253 best=2.6182@790 acc=0.7344 ||g||=10.559 scale=0.095 lr=3.00e-04 tok/s=128831 wall=4.0s
[i]2026-05-16 07:50:09 [chiron]: [step    970] loss=6.5532 ema=6.6995 best=2.6182@790 acc=0.4492 ||g||=5.719 scale=0.175 lr=3.00e-04 tok/s=128774 wall=4.0s
[i]2026-05-16 07:50:09 [chiron]: [step    980] loss=8.3805 ema=7.1062 best=2.6182@790 acc=0.2109 ||g||=27.835 scale=0.036 lr=3.00e-04 tok/s=128904 wall=4.1s
[i]2026-05-16 07:50:09 [chiron]: [step    990] loss=5.9812 ema=6.8212 best=2.6182@790 acc=0.4395 ||g||=101.632 scale=0.010 lr=3.00e-04 tok/s=128760 wall=4.1s
[i]2026-05-16 07:50:09 [chiron]: [step   1000] loss=6.4572 ema=6.9217 best=2.6182@790 acc=0.5332 ||g||=45.968 scale=0.022 lr=3.00e-04 tok/s=128795 wall=4.2s
[i]2026-05-16 07:50:09 [chiron]: [val val   ] nll=7.0510 bpb=2.5431 ppl=1154.02 acc1=0.4556 acc5=0.5098 acc10=0.5249 pos=[6.85/7.22/6.96/7.12/6.94/7.02/7.18/7.11] n_tok=8192 batches=8
[i]2026-05-16 07:50:09 [chiron]: [val val   ] medal_elbo=9.8889 ppl=19709.71 n_masked=1925 alpha=0.303
[i]2026-05-16 07:50:09 [chiron]: [step   1010] loss=7.5062 ema=7.0900 best=2.6182@790 acc=0.3652 ||g||=7.009 scale=0.143 lr=3.00e-04 tok/s=89739 wall=4.2s
[i]2026-05-16 07:50:09 [chiron]: [step   1020] loss=8.7686 ema=7.0812 best=2.6182@790 acc=0.1504 ||g||=6.511 scale=0.154 lr=3.00e-04 tok/s=128863 wall=4.3s
[i]2026-05-16 07:50:09 [chiron]: [step   1030] loss=5.9205 ema=6.8719 best=2.6182@790 acc=0.5469 ||g||=53.053 scale=0.019 lr=3.00e-04 tok/s=128198 wall=4.3s
[i]2026-05-16 07:50:09 [chiron]: [step   1040] loss=7.4105 ema=7.0302 best=2.6182@790 acc=0.4531 ||g||=242.608 scale=0.004 lr=3.00e-04 tok/s=128920 wall=4.3s
[i]2026-05-16 07:50:09 [chiron]: [step   1050] loss=8.4512 ema=7.3672 best=2.6182@790 acc=0.1953 ||g||=37.783 scale=0.026 lr=3.00e-04 tok/s=129057 wall=4.4s
[i]2026-05-16 07:50:09 [chiron]: [step   1060] loss=7.0022 ema=7.1103 best=2.6182@790 acc=0.3047 ||g||=182.812 scale=0.005 lr=3.00e-04 tok/s=128811 wall=4.4s
[i]2026-05-16 07:50:09 [chiron]: [step   1070] loss=7.9998 ema=7.6338 best=2.6182@790 acc=0.3809 ||g||=54.042 scale=0.019 lr=3.00e-04 tok/s=128740 wall=4.5s
[i]2026-05-16 07:50:09 [chiron]: [step   1080] loss=9.9241 ema=8.0121 best=2.6182@790 acc=0.2598 ||g||=116.619 scale=0.009 lr=3.00e-04 tok/s=128858 wall=4.5s
[i]2026-05-16 07:50:09 [chiron]: [step   1090] loss=8.5621 ema=8.7659 best=2.6182@790 acc=0.1465 ||g||=47.544 scale=0.021 lr=3.00e-04 tok/s=128932 wall=4.5s
[i]2026-05-16 07:50:09 [chiron]: [step   1100] loss=7.8348 ema=8.7338 best=2.6182@790 acc=0.4102 ||g||=26.533 scale=0.038 lr=3.00e-04 tok/s=128848 wall=4.6s
[i]2026-05-16 07:50:09 [chiron]: [step   1110] loss=8.2100 ema=8.1074 best=2.6182@790 acc=0.2930 ||g||=75.186 scale=0.013 lr=3.00e-04 tok/s=129015 wall=4.6s
[i]2026-05-16 07:50:09 [chiron]: [step   1120] loss=4.8120 ema=6.8570 best=2.6182@790 acc=0.8281 ||g||=38.046 scale=0.026 lr=3.00e-04 tok/s=128724 wall=4.7s
[i]2026-05-16 07:50:09 [chiron]: [step   1130] loss=5.6119 ema=6.9426 best=2.6182@790 acc=0.6270 ||g||=186.763 scale=0.005 lr=3.00e-04 tok/s=128942 wall=4.7s
[i]2026-05-16 07:50:09 [chiron]: [step   1140] loss=7.7319 ema=6.9670 best=2.6182@790 acc=0.3340 ||g||=52.346 scale=0.019 lr=3.00e-04 tok/s=128934 wall=4.7s
[i]2026-05-16 07:50:09 [chiron]: [step   1150] loss=9.2398 ema=7.1567 best=2.6182@790 acc=0.1035 ||g||=87.289 scale=0.011 lr=3.00e-04 tok/s=128719 wall=4.8s
[i]2026-05-16 07:50:09 [chiron]: [step   1160] loss=5.9838 ema=7.1193 best=2.6182@790 acc=0.6562 ||g||=27.563 scale=0.036 lr=3.00e-04 tok/s=128784 wall=4.8s
[i]2026-05-16 07:50:09 [chiron]: [step   1170] loss=7.1253 ema=7.2051 best=2.6182@790 acc=0.3789 ||g||=67.088 scale=0.015 lr=3.00e-04 tok/s=128785 wall=4.8s
[i]2026-05-16 07:50:10 [chiron]: [step   1180] loss=9.2170 ema=7.1553 best=2.6182@790 acc=0.0586 ||g||=33.832 scale=0.030 lr=3.00e-04 tok/s=128966 wall=4.9s
[i]2026-05-16 07:50:10 [chiron]: [step   1190] loss=5.7358 ema=7.0097 best=2.6182@790 acc=0.4746 ||g||=139.429 scale=0.007 lr=3.00e-04 tok/s=128702 wall=4.9s
[i]2026-05-16 07:50:10 [chiron]: [step   1200] loss=7.1798 ema=7.1482 best=2.6182@790 acc=0.4512 ||g||=45.175 scale=0.022 lr=3.00e-04 tok/s=128804 wall=5.0s
[i]2026-05-16 07:50:10 [chiron]: [val val   ] nll=7.3814 bpb=2.6623 ppl=1605.89 acc1=0.4043 acc5=0.4216 acc10=0.4263 pos=[7.49/7.25/7.35/7.47/7.36/7.49/7.53/7.12] n_tok=8192 batches=8
[i]2026-05-16 07:50:10 [chiron]: [val val   ] medal_elbo=9.9309 ppl=20555.60 n_masked=2270 alpha=0.381
[i]2026-05-16 07:50:10 [chiron]: [step   1210] loss=7.5497 ema=7.1724 best=2.6182@790 acc=0.3516 ||g||=20.122 scale=0.050 lr=3.00e-04 tok/s=89486 wall=5.0s
[i]2026-05-16 07:50:10 [chiron]: [step   1220] loss=9.4130 ema=7.2256 best=2.6182@790 acc=0.0723 ||g||=173.742 scale=0.006 lr=3.00e-04 tok/s=128583 wall=5.1s
[i]2026-05-16 07:50:10 [chiron]: [step   1230] loss=7.3946 ema=7.4898 best=2.6182@790 acc=0.4629 ||g||=185.691 scale=0.005 lr=3.00e-04 tok/s=128548 wall=5.1s
[i]2026-05-16 07:50:10 [chiron]: [step   1240] loss=8.4717 ema=8.1586 best=2.6182@790 acc=0.2930 ||g||=45.228 scale=0.022 lr=3.00e-04 tok/s=128698 wall=5.1s
[i]2026-05-16 07:50:10 [chiron]: [step   1250] loss=9.0147 ema=8.3361 best=2.6182@790 acc=0.0840 ||g||=49.215 scale=0.020 lr=3.00e-04 tok/s=128468 wall=5.2s
[i]2026-05-16 07:50:10 [chiron]: [step   1260] loss=8.1473 ema=8.4045 best=2.6182@790 acc=0.1250 ||g||=39.410 scale=0.025 lr=3.00e-04 tok/s=128522 wall=5.2s
[i]2026-05-16 07:50:10 [chiron]: [step   1270] loss=8.4285 ema=8.5464 best=2.6182@790 acc=0.3418 ||g||=53.409 scale=0.019 lr=3.00e-04 tok/s=128703 wall=5.3s
[i]2026-05-16 07:50:10 [chiron]: [step   1280] loss=8.2987 ema=7.8369 best=2.6182@790 acc=0.1582 ||g||=17.669 scale=0.057 lr=3.00e-04 tok/s=128219 wall=5.3s
[i]2026-05-16 07:50:10 [chiron]: [step   1290] loss=6.2546 ema=7.4007 best=2.6182@790 acc=0.6426 ||g||=109.004 scale=0.009 lr=3.00e-04 tok/s=128637 wall=5.3s
[i]2026-05-16 07:50:10 [chiron]: [step   1300] loss=7.1465 ema=7.3786 best=2.6182@790 acc=0.4102 ||g||=18.548 scale=0.054 lr=3.00e-04 tok/s=128677 wall=5.4s
[i]2026-05-16 07:50:10 [chiron]: [step   1310] loss=8.3524 ema=7.4699 best=2.6182@790 acc=0.2051 ||g||=15.135 scale=0.066 lr=3.00e-04 tok/s=128627 wall=5.4s
[i]2026-05-16 07:50:10 [chiron]: [step   1320] loss=8.1311 ema=7.8572 best=2.6182@790 acc=0.3066 ||g||=137.472 scale=0.007 lr=3.00e-04 tok/s=128836 wall=5.5s
[i]2026-05-16 07:50:10 [chiron]: [step   1330] loss=8.8630 ema=8.6559 best=2.6182@790 acc=0.2461 ||g||=142.510 scale=0.007 lr=3.00e-04 tok/s=128754 wall=5.5s
[i]2026-05-16 07:50:10 [chiron]: [step   1340] loss=8.6917 ema=8.5355 best=2.6182@790 acc=0.2129 ||g||=49.883 scale=0.020 lr=3.00e-04 tok/s=128449 wall=5.5s
[i]2026-05-16 07:50:10 [chiron]: [step   1350] loss=8.4269 ema=8.5024 best=2.6182@790 acc=0.1309 ||g||=32.980 scale=0.030 lr=3.00e-04 tok/s=128592 wall=5.6s
[i]2026-05-16 07:50:10 [chiron]: [step   1360] loss=8.0843 ema=8.4195 best=2.6182@790 acc=0.3047 ||g||=12.279 scale=0.081 lr=3.00e-04 tok/s=128870 wall=5.6s
[i]2026-05-16 07:50:10 [chiron]: [step   1370] loss=8.6818 ema=8.5699 best=2.6182@790 acc=0.1992 ||g||=17.674 scale=0.057 lr=3.00e-04 tok/s=128623 wall=5.7s
[i]2026-05-16 07:50:10 [chiron]: [step   1380] loss=9.0670 ema=8.1870 best=2.6182@790 acc=0.0781 ||g||=14.853 scale=0.067 lr=3.00e-04 tok/s=128611 wall=5.7s
[i]2026-05-16 07:50:10 [chiron]: [step   1390] loss=7.7147 ema=7.9961 best=2.6182@790 acc=0.2871 ||g||=96.649 scale=0.010 lr=3.00e-04 tok/s=128589 wall=5.7s
[i]2026-05-16 07:50:10 [chiron]: [step   1400] loss=7.7311 ema=7.8758 best=2.6182@790 acc=0.3047 ||g||=8.548 scale=0.117 lr=3.00e-04 tok/s=128649 wall=5.8s
[i]2026-05-16 07:50:10 [chiron]: [val val   ] nll=8.0063 bpb=2.8877 ppl=2999.75 acc1=0.2605 acc5=0.3384 acc10=0.3870 pos=[7.91/8.18/8.10/8.08/7.97/7.96/7.88/7.95] n_tok=8192 batches=8
[i]2026-05-16 07:50:10 [chiron]: [val val   ] medal_elbo=9.5882 ppl=14591.65 n_masked=2113 alpha=0.459
[i]2026-05-16 07:50:10 [chiron]: [step   1410] loss=8.8409 ema=7.7709 best=2.6182@790 acc=0.2070 ||g||=23.384 scale=0.043 lr=3.00e-04 tok/s=89458 wall=5.8s
[i]2026-05-16 07:50:11 [chiron]: [step   1420] loss=5.8720 ema=7.7191 best=2.6182@790 acc=0.7852 ||g||=118.906 scale=0.008 lr=3.00e-04 tok/s=128663 wall=5.9s
[i]2026-05-16 07:50:11 [chiron]: [step   1430] loss=7.4351 ema=7.7590 best=2.6182@790 acc=0.2578 ||g||=50.203 scale=0.020 lr=3.00e-04 tok/s=128506 wall=5.9s
[i]2026-05-16 07:50:11 [chiron]: [step   1440] loss=8.1418 ema=8.0033 best=2.6182@790 acc=0.2598 ||g||=9.981 scale=0.100 lr=3.00e-04 tok/s=128818 wall=6.0s
[i]2026-05-16 07:50:11 [chiron]: [step   1450] loss=7.5909 ema=7.7616 best=2.6182@790 acc=0.2617 ||g||=166.954 scale=0.006 lr=3.00e-04 tok/s=128469 wall=6.0s
[i]2026-05-16 07:50:11 [chiron]: [step   1460] loss=8.0278 ema=8.0378 best=2.6182@790 acc=0.4297 ||g||=98.657 scale=0.010 lr=3.00e-04 tok/s=128632 wall=6.0s
[i]2026-05-16 07:50:11 [chiron]: [step   1470] loss=8.4157 ema=8.3074 best=2.6182@790 acc=0.2520 ||g||=214.220 scale=0.005 lr=3.00e-04 tok/s=128724 wall=6.1s
[i]2026-05-16 07:50:11 [chiron]: [step   1480] loss=9.0579 ema=8.3680 best=2.6182@790 acc=0.0977 ||g||=10.164 scale=0.098 lr=3.00e-04 tok/s=128518 wall=6.1s
[i]2026-05-16 07:50:11 [chiron]: [step   1490] loss=6.8177 ema=7.8610 best=2.6182@790 acc=0.6738 ||g||=39.510 scale=0.025 lr=3.00e-04 tok/s=128534 wall=6.2s
[i]2026-05-16 07:50:11 [chiron]: [step   1500] loss=7.7525 ema=7.8416 best=2.6182@790 acc=0.4102 ||g||=23.443 scale=0.043 lr=3.00e-04 tok/s=128799 wall=6.2s
[i]2026-05-16 07:50:11 [chiron]: [step   1510] loss=9.0291 ema=7.8950 best=2.6182@790 acc=0.1406 ||g||=5.298 scale=0.189 lr=3.00e-04 tok/s=128521 wall=6.2s
[i]2026-05-16 07:50:11 [chiron]: [step   1520] loss=6.4533 ema=7.4767 best=2.6182@790 acc=0.4844 ||g||=10.603 scale=0.094 lr=3.00e-04 tok/s=128349 wall=6.3s
[i]2026-05-16 07:50:11 [chiron]: [step   1530] loss=6.8643 ema=7.2000 best=2.6182@790 acc=0.4199 ||g||=109.274 scale=0.009 lr=3.00e-04 tok/s=127992 wall=6.3s
[i]2026-05-16 07:50:11 [chiron]: [step   1540] loss=9.6709 ema=7.5179 best=2.6182@790 acc=0.1543 ||g||=222.928 scale=0.004 lr=3.00e-04 tok/s=128806 wall=6.4s
[i]2026-05-16 07:50:11 [chiron]: [step   1550] loss=6.5116 ema=7.4002 best=2.6182@790 acc=0.5527 ||g||=116.233 scale=0.009 lr=3.00e-04 tok/s=128486 wall=6.4s
[i]2026-05-16 07:50:11 [chiron]: [step   1560] loss=7.3887 ema=7.7307 best=2.6182@790 acc=0.3633 ||g||=34.997 scale=0.029 lr=3.00e-04 tok/s=128864 wall=6.4s
[i]2026-05-16 07:50:11 [chiron]: [step   1570] loss=8.0608 ema=7.6158 best=2.6182@790 acc=0.0996 ||g||=18.215 scale=0.055 lr=3.00e-04 tok/s=128627 wall=6.5s
[i]2026-05-16 07:50:11 [chiron]: [step   1580] loss=5.6528 ema=7.2717 best=2.6182@790 acc=0.4902 ||g||=31.644 scale=0.032 lr=3.00e-04 tok/s=128610 wall=6.5s
[i]2026-05-16 07:50:11 [chiron]: [step   1590] loss=6.0876 ema=7.4619 best=2.6182@790 acc=0.5410 ||g||=346.621 scale=0.003 lr=3.00e-04 tok/s=128826 wall=6.6s
[i]2026-05-16 07:50:11 [chiron]: [step   1600] loss=8.9659 ema=7.5639 best=2.6182@790 acc=0.3340 ||g||=878.159 scale=0.001 lr=3.00e-04 tok/s=128531 wall=6.6s
[i]2026-05-16 07:50:11 [chiron]: [val val   ] nll=7.5880 bpb=2.7368 ppl=1974.42 acc1=0.4519 acc5=0.4846 acc10=0.5002 pos=[7.64/7.51/7.48/7.58/7.58/7.59/7.62/7.71] n_tok=8192 batches=8
[i]2026-05-16 07:50:11 [chiron]: [val val   ] medal_elbo=10.5899 ppl=39731.07 n_masked=1995 alpha=0.536
[i]2026-05-16 07:50:11 [chiron]: [step   1610] loss=7.8472 ema=7.4270 best=2.6182@790 acc=0.2051 ||g||=53.512 scale=0.019 lr=3.00e-04 tok/s=89478 wall=6.7s
[i]2026-05-16 07:50:11 [chiron]: [step   1620] loss=7.5438 ema=7.5047 best=2.6182@790 acc=0.1836 ||g||=17.134 scale=0.058 lr=3.00e-04 tok/s=128613 wall=6.7s
[i]2026-05-16 07:50:11 [chiron]: [step   1630] loss=7.8423 ema=8.2183 best=2.6182@790 acc=0.2812 ||g||=18.553 scale=0.054 lr=3.00e-04 tok/s=128462 wall=6.7s
[i]2026-05-16 07:50:11 [chiron]: [step   1640] loss=8.3534 ema=7.6105 best=2.6182@790 acc=0.2617 ||g||=38.136 scale=0.026 lr=3.00e-04 tok/s=128527 wall=6.8s
[i]2026-05-16 07:50:11 [chiron]: [step   1650] loss=6.9262 ema=7.8096 best=2.6182@790 acc=0.3496 ||g||=34.630 scale=0.029 lr=3.00e-04 tok/s=128714 wall=6.8s
[i]2026-05-16 07:50:11 [chiron]: [step   1660] loss=7.7217 ema=7.7952 best=2.6182@790 acc=0.3926 ||g||=47.197 scale=0.021 lr=3.00e-04 tok/s=128554 wall=6.9s
[i]2026-05-16 07:50:12 [chiron]: [step   1670] loss=8.1548 ema=7.9034 best=2.6182@790 acc=0.2695 ||g||=60.250 scale=0.017 lr=3.00e-04 tok/s=128768 wall=6.9s
[i]2026-05-16 07:50:12 [chiron]: [step   1680] loss=6.2322 ema=7.7041 best=2.6182@790 acc=0.3105 ||g||=15.787 scale=0.063 lr=3.00e-04 tok/s=128488 wall=6.9s
[i]2026-05-16 07:50:12 [chiron]: [step   1690] loss=7.0369 ema=7.6449 best=2.6182@790 acc=0.5469 ||g||=163.545 scale=0.006 lr=3.00e-04 tok/s=128783 wall=7.0s
[i]2026-05-16 07:50:12 [chiron]: [step   1700] loss=9.3903 ema=8.1991 best=2.6182@790 acc=0.2695 ||g||=363.591 scale=0.003 lr=3.00e-04 tok/s=128568 wall=7.0s
[i]2026-05-16 07:50:12 [chiron]: [step   1710] loss=9.7884 ema=8.5875 best=2.6182@790 acc=0.0840 ||g||=499.756 scale=0.002 lr=3.00e-04 tok/s=128450 wall=7.1s
[i]2026-05-16 07:50:12 [chiron]: [step   1720] loss=7.1006 ema=8.4033 best=2.6182@790 acc=0.2188 ||g||=167.336 scale=0.006 lr=3.00e-04 tok/s=128570 wall=7.1s
[i]2026-05-16 07:50:12 [chiron]: [step   1730] loss=7.5687 ema=8.0842 best=2.6182@790 acc=0.2461 ||g||=11.036 scale=0.091 lr=3.00e-04 tok/s=128494 wall=7.1s
[i]2026-05-16 07:50:12 [chiron]: [step   1740] loss=9.4034 ema=8.3089 best=2.6182@790 acc=0.1348 ||g||=36.893 scale=0.027 lr=3.00e-04 tok/s=128754 wall=7.2s
[i]2026-05-16 07:50:12 [chiron]: [step   1750] loss=7.4265 ema=7.8521 best=2.6182@790 acc=0.4883 ||g||=114.182 scale=0.009 lr=3.00e-04 tok/s=128372 wall=7.2s
[i]2026-05-16 07:50:12 [chiron]: [step   1760] loss=7.9272 ema=7.9070 best=2.6182@790 acc=0.3125 ||g||=124.246 scale=0.008 lr=3.00e-04 tok/s=128636 wall=7.3s
[i]2026-05-16 07:50:12 [chiron]: [step   1770] loss=8.9610 ema=8.4744 best=2.6182@790 acc=0.1465 ||g||=940.837 scale=0.001 lr=3.00e-04 tok/s=119966 wall=7.3s
[i]2026-05-16 07:50:12 [chiron]: [step   1780] loss=8.3992 ema=7.8972 best=2.6182@790 acc=0.2207 ||g||=129.785 scale=0.008 lr=3.00e-04 tok/s=128588 wall=7.3s
[i]2026-05-16 07:50:12 [chiron]: [step   1790] loss=7.7898 ema=8.0535 best=2.6182@790 acc=0.1309 ||g||=360.090 scale=0.003 lr=3.00e-04 tok/s=128605 wall=7.4s
[i]2026-05-16 07:50:12 [chiron]: [step   1800] loss=10.3972 ema=8.4469 best=2.6182@790 acc=0.0703 ||g||=2033.138 scale=0.000 lr=3.00e-04 tok/s=128644 wall=7.4s
[i]2026-05-16 07:50:12 [chiron]: [val val   ] nll=8.2919 bpb=2.9907 ppl=3991.38 acc1=0.1394 acc5=0.1809 acc10=0.2014 pos=[8.40/8.47/8.23/8.23/8.11/8.14/8.27/8.49] n_tok=8192 batches=8
[i]2026-05-16 07:50:12 [chiron]: [val val   ] medal_elbo=9.8772 ppl=19481.01 n_masked=2308 alpha=0.614
[i]2026-05-16 07:50:12 [chiron]: [step   1810] loss=9.5102 ema=8.4873 best=2.6182@790 acc=0.0527 ||g||=1286.964 scale=0.001 lr=3.00e-04 tok/s=89498 wall=7.5s
[i]2026-05-16 07:50:12 [chiron]: [step   1820] loss=7.6766 ema=8.2549 best=2.6182@790 acc=0.2480 ||g||=133.670 scale=0.007 lr=3.00e-04 tok/s=128495 wall=7.5s
[i]2026-05-16 07:50:12 [chiron]: [step   1830] loss=6.1134 ema=7.7568 best=2.6182@790 acc=0.3008 ||g||=831.199 scale=0.001 lr=3.00e-04 tok/s=128681 wall=7.5s
[i]2026-05-16 07:50:12 [chiron]: [step   1840] loss=9.0483 ema=7.9307 best=2.6182@790 acc=0.0449 ||g||=222.032 scale=0.005 lr=3.00e-04 tok/s=128478 wall=7.6s
[i]2026-05-16 07:50:12 [chiron]: [step   1850] loss=8.2306 ema=8.1202 best=2.6182@790 acc=0.1074 ||g||=11.757 scale=0.085 lr=3.00e-04 tok/s=128693 wall=7.6s
[i]2026-05-16 07:50:12 [chiron]: [step   1860] loss=8.3811 ema=8.2664 best=2.6182@790 acc=0.1523 ||g||=9.367 scale=0.107 lr=3.00e-04 tok/s=128678 wall=7.7s
[i]2026-05-16 07:50:12 [chiron]: [step   1870] loss=8.8698 ema=8.3193 best=2.6182@790 acc=0.0918 ||g||=171.922 scale=0.006 lr=3.00e-04 tok/s=128697 wall=7.7s
[i]2026-05-16 07:50:12 [chiron]: [step   1880] loss=8.7107 ema=8.6856 best=2.6182@790 acc=0.0957 ||g||=67.886 scale=0.015 lr=3.00e-04 tok/s=128368 wall=7.7s
[i]2026-05-16 07:50:12 [chiron]: [step   1890] loss=8.6304 ema=8.8008 best=2.6182@790 acc=0.1289 ||g||=9.620 scale=0.104 lr=3.00e-04 tok/s=128646 wall=7.8s
[i]2026-05-16 07:50:12 [chiron]: [step   1900] loss=8.2691 ema=8.2596 best=2.6182@790 acc=0.1543 ||g||=56.801 scale=0.018 lr=3.00e-04 tok/s=128513 wall=7.8s
[i]2026-05-16 07:50:12 [chiron]: [step   1910] loss=7.9782 ema=8.3171 best=2.6182@790 acc=0.1602 ||g||=68.659 scale=0.015 lr=3.00e-04 tok/s=128473 wall=7.9s
[i]2026-05-16 07:50:13 [chiron]: [step   1920] loss=9.0221 ema=8.3304 best=2.6182@790 acc=0.1406 ||g||=2827.387 scale=0.000 lr=3.00e-04 tok/s=128784 wall=7.9s
[i]2026-05-16 07:50:13 [chiron]: [step   1930] loss=8.4398 ema=8.3028 best=2.6182@790 acc=0.1992 ||g||=220.976 scale=0.005 lr=3.00e-04 tok/s=128445 wall=7.9s
[i]2026-05-16 07:50:13 [chiron]: [step   1940] loss=9.1474 ema=8.2200 best=2.6182@790 acc=0.0273 ||g||=1272.562 scale=0.001 lr=3.00e-04 tok/s=128652 wall=8.0s
[i]2026-05-16 07:50:13 [chiron]: [step   1950] loss=7.9175 ema=8.1510 best=2.6182@790 acc=0.2656 ||g||=26.953 scale=0.037 lr=3.00e-04 tok/s=128664 wall=8.0s
[i]2026-05-16 07:50:13 [chiron]: [step   1960] loss=8.2567 ema=8.1522 best=2.6182@790 acc=0.2344 ||g||=29.857 scale=0.033 lr=3.00e-04 tok/s=128774 wall=8.1s
[i]2026-05-16 07:50:13 [chiron]: [step   1970] loss=8.9574 ema=8.0857 best=2.6182@790 acc=0.0605 ||g||=4299.812 scale=0.000 lr=3.00e-04 tok/s=128596 wall=8.1s
[i]2026-05-16 07:50:13 [chiron]: [step   1980] loss=8.1354 ema=8.1832 best=2.6182@790 acc=0.1035 ||g||=102.126 scale=0.010 lr=3.00e-04 tok/s=128530 wall=8.1s
[i]2026-05-16 07:50:13 [chiron]: [step   1990] loss=8.4479 ema=8.2699 best=2.6182@790 acc=0.1074 ||g||=53.715 scale=0.019 lr=3.00e-04 tok/s=128627 wall=8.2s
[i]2026-05-16 07:50:13 [chiron]: [step   2000] loss=8.4440 ema=8.2086 best=2.6182@790 acc=0.1016 ||g||=44.387 scale=0.023 lr=3.00e-04 tok/s=128587 wall=8.2s
[i]2026-05-16 07:50:13 [chiron]: [val val   ] nll=7.7179 bpb=2.7836 ppl=2248.24 acc1=0.1938 acc5=0.2373 acc10=0.2593 pos=[7.49/7.82/7.70/7.82/7.61/7.92/7.72/7.65] n_tok=8192 batches=8
[i]2026-05-16 07:50:13 [chiron]: [val val   ] medal_elbo=9.3570 ppl=11580.11 n_masked=2134 alpha=0.692
[i]2026-05-16 07:50:13 [chiron]: [chiron-train] done: steps=2000 total_tokens=1024000 wall=8.2s
