
============================================================
VESTA sweep: VESTA vs AdamW vs ATLAS on tiny token-LM
============================================================
Config: vocab=29 dModel=64 dFF=128 layers=3 heads=4 epochs=30 seq=256 seeds=5

opt       seed    trainNLL    trainPPL    testNLL     testPPL     wall(s) 
---       ---     ----------  ----------  ----------  ----------  ------- 
AdamW     101     2.5796      13.1921     2.7806      16.1288     0.39    
AdamW     202     2.5999      13.4624     2.8069      16.5593     0.34    
AdamW     303     2.5788      13.1809     2.7930      16.3297     0.33    
AdamW     404     2.5707      13.0747     2.7589      15.7829     0.35    
AdamW     505     2.5649      12.9998     2.7092      15.0171     0.35    
ATLAS     101     3.3889      29.6326     3.3904      29.6779     0.40    
ATLAS     202     3.3803      29.3807     3.3879      29.6038     0.40    
ATLAS     303     3.3630      28.8743     3.3637      28.8970     0.33    
ATLAS     404     3.3737      29.1860     3.3777      29.3045     0.32    
ATLAS     505     3.3748      29.2197     3.3816      29.4175     0.34    
VESTA     101     2.8912      18.0142     3.1014      22.2302     1.07    
VESTA     202     2.9120      18.3935     3.0590      21.3055     1.03    
VESTA     303     2.8972      18.1239     3.0719      21.5828     1.06    
VESTA     404     2.8961      18.1035     3.0468      21.0475     1.13    
VESTA     505     2.8819      17.8479     3.0282      20.6595     1.05    

Summary (mean +/- stddev across seeds):
opt       n     trainNLL            testNLL             testPPL             wall(s)     
---       ---   ------------------  ------------------  ------------------  ------------
AdamW     5     2.5788 +/- 0.0133   2.7697 +/- 0.0382   15.9636 +/- 0.6010    0.35 +/- 0.02 
ATLAS     5     3.3761 +/- 0.0095   3.3803 +/- 0.0105   29.3801 +/- 0.3079    0.36 +/- 0.04 
VESTA     5     2.8957 +/- 0.0110   3.0615 +/- 0.0276   21.3651 +/- 0.5912    1.07 +/- 0.04 

========================
| Unit Tests Completed |
========================
