$ /home/robert/dev/glades-ml/unit-tests/build/glades-unit-tests atlas-alt-bench --mode token-lm-document --token-epochs 2 --repeats 5 --variant geode --rank 8 --gpu-enable 1 --gpu-device 0
[glades-cuda] Using device 0: NVIDIA GeForce RTX 4080 SUPER (SM 8.9, 15936 MB, 80 SMs)
[atlas-gpu] init m=257 n=48 r=8 RIGHT total_gpu_bytes=53060
[atlas-gpu] init m=48 n=48 r=8 LEFT total_gpu_bytes=16276
[atlas-gpu] init m=48 n=48 r=8 LEFT total_gpu_bytes=16276
[atlas-gpu] init m=48 n=48 r=8 LEFT total_gpu_bytes=16276
[atlas-gpu] init m=48 n=48 r=8 LEFT total_gpu_bytes=16276
[atlas-gpu] init m=384 n=48 r=8 RIGHT total_gpu_bytes=75412
[atlas-gpu] init m=48 n=192 r=8 LEFT total_gpu_bytes=41620
[atlas-gpu] init m=48 n=48 r=8 LEFT total_gpu_bytes=16276
[atlas-gpu] init m=48 n=48 r=8 LEFT total_gpu_bytes=16276
[atlas-gpu] init m=48 n=48 r=8 LEFT total_gpu_bytes=16276
[atlas-gpu] init m=48 n=48 r=8 LEFT total_gpu_bytes=16276
[atlas-gpu] init m=384 n=48 r=8 RIGHT total_gpu_bytes=75412
[atlas-gpu] init m=48 n=192 r=8 LEFT total_gpu_bytes=41620
[atlas-gpu] init m=48 n=48 r=8 LEFT total_gpu_bytes=16276
[atlas-gpu] init m=48 n=48 r=8 LEFT total_gpu_bytes=16276
[atlas-gpu] init m=48 n=48 r=8 LEFT total_gpu_bytes=16276
[atlas-gpu] init m=48 n=48 r=8 LEFT total_gpu_bytes=16276
[atlas-gpu] init m=384 n=48 r=8 RIGHT total_gpu_bytes=75412
[atlas-gpu] init m=48 n=192 r=8 LEFT total_gpu_bytes=41620
[atlas-gpu] init m=257 n=48 r=8 RIGHT total_gpu_bytes=53060
[atlas-gpu] init m=48 n=48 r=8 LEFT total_gpu_bytes=16276
[atlas-gpu] init m=48 n=48 r=8 LEFT total_gpu_bytes=16276
[atlas-gpu] init m=48 n=48 r=8 LEFT total_gpu_bytes=16276
[atlas-gpu] init m=48 n=48 r=8 LEFT total_gpu_bytes=16276
[atlas-gpu] init m=384 n=48 r=8 RIGHT total_gpu_bytes=75412
[atlas-gpu] init m=48 n=192 r=8 LEFT total_gpu_bytes=41620
[atlas-gpu] init m=48 n=48 r=8 LEFT total_gpu_bytes=16276
[atlas-gpu] init m=48 n=48 r=8 LEFT total_gpu_bytes=16276
[atlas-gpu] init m=48 n=48 r=8 LEFT total_gpu_bytes=16276
[atlas-gpu] init m=48 n=48 r=8 LEFT total_gpu_bytes=16276
[atlas-gpu] init m=384 n=48 r=8 RIGHT total_gpu_bytes=75412
[atlas-gpu] init m=48 n=192 r=8 LEFT total_gpu_bytes=41620
[atlas-gpu] init m=48 n=48 r=8 LEFT total_gpu_bytes=16276
[atlas-gpu] init m=48 n=48 r=8 LEFT total_gpu_bytes=16276
[atlas-gpu] init m=48 n=48 r=8 LEFT total_gpu_bytes=16276
[atlas-gpu] init m=48 n=48 r=8 LEFT total_gpu_bytes=16276
[atlas-gpu] init m=384 n=48 r=8 RIGHT total_gpu_bytes=75412
[atlas-gpu] init m=48 n=192 r=8 LEFT total_gpu_bytes=41620
[atlas-gpu] init m=257 n=48 r=8 RIGHT total_gpu_bytes=53060
[atlas-gpu] init m=48 n=48 r=8 LEFT total_gpu_bytes=16276
[atlas-gpu] init m=48 n=48 r=8 LEFT total_gpu_bytes=16276
[atlas-gpu] init m=48 n=48 r=8 LEFT total_gpu_bytes=16276
[atlas-gpu] init m=48 n=48 r=8 LEFT total_gpu_bytes=16276
[atlas-gpu] init m=384 n=48 r=8 RIGHT total_gpu_bytes=75412
[atlas-gpu] init m=48 n=192 r=8 LEFT total_gpu_bytes=41620
[atlas-gpu] init m=48 n=48 r=8 LEFT total_gpu_bytes=16276
[atlas-gpu] init m=48 n=48 r=8 LEFT total_gpu_bytes=16276
[atlas-gpu] init m=48 n=48 r=8 LEFT total_gpu_bytes=16276
[atlas-gpu] init m=48 n=48 r=8 LEFT total_gpu_bytes=16276
[atlas-gpu] init m=384 n=48 r=8 RIGHT total_gpu_bytes=75412
[atlas-gpu] init m=48 n=192 r=8 LEFT total_gpu_bytes=41620
[atlas-gpu] init m=48 n=48 r=8 LEFT total_gpu_bytes=16276
[atlas-gpu] init m=48 n=48 r=8 LEFT total_gpu_bytes=16276
[atlas-gpu] init m=48 n=48 r=8 LEFT total_gpu_bytes=16276
[atlas-gpu] init m=48 n=48 r=8 LEFT total_gpu_bytes=16276
[atlas-gpu] init m=384 n=48 r=8 RIGHT total_gpu_bytes=75412
[atlas-gpu] init m=48 n=192 r=8 LEFT total_gpu_bytes=41620
[atlas-gpu] init m=257 n=48 r=8 RIGHT total_gpu_bytes=53060
[atlas-gpu] init m=48 n=48 r=8 LEFT total_gpu_bytes=16276
[atlas-gpu] init m=48 n=48 r=8 LEFT total_gpu_bytes=16276
[atlas-gpu] init m=48 n=48 r=8 LEFT total_gpu_bytes=16276
[atlas-gpu] init m=48 n=48 r=8 LEFT total_gpu_bytes=16276
[atlas-gpu] init m=384 n=48 r=8 RIGHT total_gpu_bytes=75412
[atlas-gpu] init m=48 n=192 r=8 LEFT total_gpu_bytes=41620
[atlas-gpu] init m=48 n=48 r=8 LEFT total_gpu_bytes=16276
[atlas-gpu] init m=48 n=48 r=8 LEFT total_gpu_bytes=16276
[atlas-gpu] init m=48 n=48 r=8 LEFT total_gpu_bytes=16276
[atlas-gpu] init m=48 n=48 r=8 LEFT total_gpu_bytes=16276
[atlas-gpu] init m=384 n=48 r=8 RIGHT total_gpu_bytes=75412
[atlas-gpu] init m=48 n=192 r=8 LEFT total_gpu_bytes=41620
[atlas-gpu] init m=48 n=48 r=8 LEFT total_gpu_bytes=16276
[atlas-gpu] init m=48 n=48 r=8 LEFT total_gpu_bytes=16276
[atlas-gpu] init m=48 n=48 r=8 LEFT total_gpu_bytes=16276
[atlas-gpu] init m=48 n=48 r=8 LEFT total_gpu_bytes=16276
[atlas-gpu] init m=384 n=48 r=8 RIGHT total_gpu_bytes=75412
[atlas-gpu] init m=48 n=192 r=8 LEFT total_gpu_bytes=41620
[atlas-gpu] init m=257 n=48 r=8 RIGHT total_gpu_bytes=53060
[atlas-gpu] init m=48 n=48 r=8 LEFT total_gpu_bytes=16276
[atlas-gpu] init m=48 n=48 r=8 LEFT total_gpu_bytes=16276
[atlas-gpu] init m=48 n=48 r=8 LEFT total_gpu_bytes=16276
[atlas-gpu] init m=48 n=48 r=8 LEFT total_gpu_bytes=16276
[atlas-gpu] init m=384 n=48 r=8 RIGHT total_gpu_bytes=75412
[atlas-gpu] init m=48 n=192 r=8 LEFT total_gpu_bytes=41620
[atlas-gpu] init m=48 n=48 r=8 LEFT total_gpu_bytes=16276
[atlas-gpu] init m=48 n=48 r=8 LEFT total_gpu_bytes=16276
[atlas-gpu] init m=48 n=48 r=8 LEFT total_gpu_bytes=16276
[atlas-gpu] init m=48 n=48 r=8 LEFT total_gpu_bytes=16276
[atlas-gpu] init m=384 n=48 r=8 RIGHT total_gpu_bytes=75412
[atlas-gpu] init m=48 n=192 r=8 LEFT total_gpu_bytes=41620
[atlas-gpu] init m=48 n=48 r=8 LEFT total_gpu_bytes=16276
[atlas-gpu] init m=48 n=48 r=8 LEFT total_gpu_bytes=16276
[atlas-gpu] init m=48 n=48 r=8 LEFT total_gpu_bytes=16276
[atlas-gpu] init m=48 n=48 r=8 LEFT total_gpu_bytes=16276
[atlas-gpu] init m=384 n=48 r=8 RIGHT total_gpu_bytes=75412
[atlas-gpu] init m=48 n=192 r=8 LEFT total_gpu_bytes=41620
============================================================
ATLAS Alternate Benchmark Harness
============================================================
------------------------------------------------------------
Case: token-lm-document
Description: larger pseudo-document autoregressive next-token prediction with article-style sections, cross-paragraph entity recall, and mixed topical/detail token populations.
Config: vocab=257 dModel=48 dFF=192 layers=3 heads=6 seqLen=96 trainSeqs=48 testSeqs=12 epochs=2 repeats=5
Optimizers: AdamW(lr=0.0010) ATLAS-BSRP(lr=0.0200 cRank=0) ATLAS-SPARROW(lr=0.0200 cRank=4 modeRankCap=1 autoGate=0) ATLAS-HELM(lr=0.0200 modeRank=2 hiddenStack=2) ATLAS-ASTER(lr=0.0200 stateRank=2 hiddenStack=2) ATLAS-AEGIS(lr=0.0200 cRank=4) ATLAS-CITADEL(lr=0.0200 cRank=4) ATLAS-RAMPART(lr=0.0200 cRank=4) ATLAS-MERIT(lr=0.0200 cRank=4) ATLAS-STRATA(lr=0.0200 cRank=4) ATLAS-AURORA(lr=0.0010 cRank=4) ATLAS-SEAM(lr=0.0200 cRank=4) ATLAS-QUASAR(lr=0.0200 cRank=4) ATLAS-GEODE(lr=0.0010 cRank=4)
ATLAS: rank=8 tSub=64 kappaMax=10.000 sparrow(modeRankCap=1 autoGate=0 memoryScale=0.050 edge=0.100 secondEdge=0.100 secondFrac=0.500 poleMax=0.950) helm(modeRank=2 hiddenStack=2 memoryScale=0.050 edge=0.100 poleMax=0.950) aster(stateRank=2 hiddenStack=2 memoryScale=0.050 edge=0.100 poleMax=0.950) kappa(enabled=0 heads=1 lags=4 rank=2) aurora(adamwBackbone=1 headGain=3.000 bodyTrust=0.600) geode(geom=1.000 pred=0.250)

Optimizer        Train(s)               Tok/s             TrainNLL            TrainPPL             TestNLL             TestPPL         Status
ATLAS-GEODE         0.28 +/- 0.07        34983.8 +/- 6197.8        4.86425 +/- 0.03005      129.632 +/- 3.844        4.87719 +/- 0.04156      131.374 +/- 5.389      ok
  XFORM proxy:  in=0.000 +/- 0.000  blk=[2.937 2.815 2.698]  final=0.557 +/- 0.015  head=2.460 +/- 0.075  hShare=0.200 +/- 0.008  applyMs=0.000 +/- 0.000
                trainMargin=0.000 +/- 0.000  trainHardNeg=0.000 +/- 0.000  testMargin=-1.734 +/- 0.183  testHardNeg=2.389 +/- 0.152

============================================================
========================
| Unit Tests Completed |
========================
