$ /home/robert/dev/glades-ml/unit-tests/build/glades-unit-tests atlas-alt-bench --mode token-lm-corpus-large --token-epochs 2 --repeats 5 --variant geode --rank 8 --gpu-enable 1 --gpu-device 0
[glades-cuda] Using device 0: NVIDIA GeForce RTX 4080 SUPER (SM 8.9, 15936 MB, 80 SMs)
[atlas-gpu] init m=769 n=56 r=8 RIGHT total_gpu_bytes=144036
[atlas-gpu] init m=56 n=56 r=8 LEFT total_gpu_bytes=18548
[atlas-gpu] init m=56 n=56 r=8 LEFT total_gpu_bytes=18548
[atlas-gpu] init m=56 n=56 r=8 LEFT total_gpu_bytes=18548
[atlas-gpu] init m=56 n=56 r=8 LEFT total_gpu_bytes=18548
[atlas-gpu] init m=448 n=56 r=8 RIGHT total_gpu_bytes=87540
[atlas-gpu] init m=56 n=224 r=8 LEFT total_gpu_bytes=48116
[atlas-gpu] init m=56 n=56 r=8 LEFT total_gpu_bytes=18548
[atlas-gpu] init m=56 n=56 r=8 LEFT total_gpu_bytes=18548
[atlas-gpu] init m=56 n=56 r=8 LEFT total_gpu_bytes=18548
[atlas-gpu] init m=56 n=56 r=8 LEFT total_gpu_bytes=18548
[atlas-gpu] init m=448 n=56 r=8 RIGHT total_gpu_bytes=87540
[atlas-gpu] init m=56 n=224 r=8 LEFT total_gpu_bytes=48116
[atlas-gpu] init m=56 n=56 r=8 LEFT total_gpu_bytes=18548
[atlas-gpu] init m=56 n=56 r=8 LEFT total_gpu_bytes=18548
[atlas-gpu] init m=56 n=56 r=8 LEFT total_gpu_bytes=18548
[atlas-gpu] init m=56 n=56 r=8 LEFT total_gpu_bytes=18548
[atlas-gpu] init m=448 n=56 r=8 RIGHT total_gpu_bytes=87540
[atlas-gpu] init m=56 n=224 r=8 LEFT total_gpu_bytes=48116
[atlas-gpu] init m=56 n=56 r=8 LEFT total_gpu_bytes=18548
[atlas-gpu] init m=56 n=56 r=8 LEFT total_gpu_bytes=18548
[atlas-gpu] init m=56 n=56 r=8 LEFT total_gpu_bytes=18548
[atlas-gpu] init m=56 n=56 r=8 LEFT total_gpu_bytes=18548
[atlas-gpu] init m=448 n=56 r=8 RIGHT total_gpu_bytes=87540
[atlas-gpu] init m=56 n=224 r=8 LEFT total_gpu_bytes=48116
[atlas-gpu] init m=769 n=56 r=8 RIGHT total_gpu_bytes=144036
[atlas-gpu] init m=56 n=56 r=8 LEFT total_gpu_bytes=18548
[atlas-gpu] init m=56 n=56 r=8 LEFT total_gpu_bytes=18548
[atlas-gpu] init m=56 n=56 r=8 LEFT total_gpu_bytes=18548
[atlas-gpu] init m=56 n=56 r=8 LEFT total_gpu_bytes=18548
[atlas-gpu] init m=448 n=56 r=8 RIGHT total_gpu_bytes=87540
[atlas-gpu] init m=56 n=224 r=8 LEFT total_gpu_bytes=48116
[atlas-gpu] init m=56 n=56 r=8 LEFT total_gpu_bytes=18548
[atlas-gpu] init m=56 n=56 r=8 LEFT total_gpu_bytes=18548
[atlas-gpu] init m=56 n=56 r=8 LEFT total_gpu_bytes=18548
[atlas-gpu] init m=56 n=56 r=8 LEFT total_gpu_bytes=18548
[atlas-gpu] init m=448 n=56 r=8 RIGHT total_gpu_bytes=87540
[atlas-gpu] init m=56 n=224 r=8 LEFT total_gpu_bytes=48116
[atlas-gpu] init m=56 n=56 r=8 LEFT total_gpu_bytes=18548
[atlas-gpu] init m=56 n=56 r=8 LEFT total_gpu_bytes=18548
[atlas-gpu] init m=56 n=56 r=8 LEFT total_gpu_bytes=18548
[atlas-gpu] init m=56 n=56 r=8 LEFT total_gpu_bytes=18548
[atlas-gpu] init m=448 n=56 r=8 RIGHT total_gpu_bytes=87540
[atlas-gpu] init m=56 n=224 r=8 LEFT total_gpu_bytes=48116
[atlas-gpu] init m=56 n=56 r=8 LEFT total_gpu_bytes=18548
[atlas-gpu] init m=56 n=56 r=8 LEFT total_gpu_bytes=18548
[atlas-gpu] init m=56 n=56 r=8 LEFT total_gpu_bytes=18548
[atlas-gpu] init m=56 n=56 r=8 LEFT total_gpu_bytes=18548
[atlas-gpu] init m=448 n=56 r=8 RIGHT total_gpu_bytes=87540
[atlas-gpu] init m=56 n=224 r=8 LEFT total_gpu_bytes=48116
[atlas-gpu] init m=769 n=56 r=8 RIGHT total_gpu_bytes=144036
[atlas-gpu] init m=56 n=56 r=8 LEFT total_gpu_bytes=18548
[atlas-gpu] init m=56 n=56 r=8 LEFT total_gpu_bytes=18548
[atlas-gpu] init m=56 n=56 r=8 LEFT total_gpu_bytes=18548
[atlas-gpu] init m=56 n=56 r=8 LEFT total_gpu_bytes=18548
[atlas-gpu] init m=448 n=56 r=8 RIGHT total_gpu_bytes=87540
[atlas-gpu] init m=56 n=224 r=8 LEFT total_gpu_bytes=48116
[atlas-gpu] init m=56 n=56 r=8 LEFT total_gpu_bytes=18548
[atlas-gpu] init m=56 n=56 r=8 LEFT total_gpu_bytes=18548
[atlas-gpu] init m=56 n=56 r=8 LEFT total_gpu_bytes=18548
[atlas-gpu] init m=56 n=56 r=8 LEFT total_gpu_bytes=18548
[atlas-gpu] init m=448 n=56 r=8 RIGHT total_gpu_bytes=87540
[atlas-gpu] init m=56 n=224 r=8 LEFT total_gpu_bytes=48116
[atlas-gpu] init m=56 n=56 r=8 LEFT total_gpu_bytes=18548
[atlas-gpu] init m=56 n=56 r=8 LEFT total_gpu_bytes=18548
[atlas-gpu] init m=56 n=56 r=8 LEFT total_gpu_bytes=18548
[atlas-gpu] init m=56 n=56 r=8 LEFT total_gpu_bytes=18548
[atlas-gpu] init m=448 n=56 r=8 RIGHT total_gpu_bytes=87540
[atlas-gpu] init m=56 n=224 r=8 LEFT total_gpu_bytes=48116
[atlas-gpu] init m=56 n=56 r=8 LEFT total_gpu_bytes=18548
[atlas-gpu] init m=56 n=56 r=8 LEFT total_gpu_bytes=18548
[atlas-gpu] init m=56 n=56 r=8 LEFT total_gpu_bytes=18548
[atlas-gpu] init m=56 n=56 r=8 LEFT total_gpu_bytes=18548
[atlas-gpu] init m=448 n=56 r=8 RIGHT total_gpu_bytes=87540
[atlas-gpu] init m=56 n=224 r=8 LEFT total_gpu_bytes=48116
[atlas-gpu] init m=769 n=56 r=8 RIGHT total_gpu_bytes=144036
[atlas-gpu] init m=56 n=56 r=8 LEFT total_gpu_bytes=18548
[atlas-gpu] init m=56 n=56 r=8 LEFT total_gpu_bytes=18548
[atlas-gpu] init m=56 n=56 r=8 LEFT total_gpu_bytes=18548
[atlas-gpu] init m=56 n=56 r=8 LEFT total_gpu_bytes=18548
[atlas-gpu] init m=448 n=56 r=8 RIGHT total_gpu_bytes=87540
[atlas-gpu] init m=56 n=224 r=8 LEFT total_gpu_bytes=48116
[atlas-gpu] init m=56 n=56 r=8 LEFT total_gpu_bytes=18548
[atlas-gpu] init m=56 n=56 r=8 LEFT total_gpu_bytes=18548
[atlas-gpu] init m=56 n=56 r=8 LEFT total_gpu_bytes=18548
[atlas-gpu] init m=56 n=56 r=8 LEFT total_gpu_bytes=18548
[atlas-gpu] init m=448 n=56 r=8 RIGHT total_gpu_bytes=87540
[atlas-gpu] init m=56 n=224 r=8 LEFT total_gpu_bytes=48116
[atlas-gpu] init m=56 n=56 r=8 LEFT total_gpu_bytes=18548
[atlas-gpu] init m=56 n=56 r=8 LEFT total_gpu_bytes=18548
[atlas-gpu] init m=56 n=56 r=8 LEFT total_gpu_bytes=18548
[atlas-gpu] init m=56 n=56 r=8 LEFT total_gpu_bytes=18548
[atlas-gpu] init m=448 n=56 r=8 RIGHT total_gpu_bytes=87540
[atlas-gpu] init m=56 n=224 r=8 LEFT total_gpu_bytes=48116
[atlas-gpu] init m=56 n=56 r=8 LEFT total_gpu_bytes=18548
[atlas-gpu] init m=56 n=56 r=8 LEFT total_gpu_bytes=18548
[atlas-gpu] init m=56 n=56 r=8 LEFT total_gpu_bytes=18548
[atlas-gpu] init m=56 n=56 r=8 LEFT total_gpu_bytes=18548
[atlas-gpu] init m=448 n=56 r=8 RIGHT total_gpu_bytes=87540
[atlas-gpu] init m=56 n=224 r=8 LEFT total_gpu_bytes=48116
[atlas-gpu] init m=769 n=56 r=8 RIGHT total_gpu_bytes=144036
[atlas-gpu] init m=56 n=56 r=8 LEFT total_gpu_bytes=18548
[atlas-gpu] init m=56 n=56 r=8 LEFT total_gpu_bytes=18548
[atlas-gpu] init m=56 n=56 r=8 LEFT total_gpu_bytes=18548
[atlas-gpu] init m=56 n=56 r=8 LEFT total_gpu_bytes=18548
[atlas-gpu] init m=448 n=56 r=8 RIGHT total_gpu_bytes=87540
[atlas-gpu] init m=56 n=224 r=8 LEFT total_gpu_bytes=48116
[atlas-gpu] init m=56 n=56 r=8 LEFT total_gpu_bytes=18548
[atlas-gpu] init m=56 n=56 r=8 LEFT total_gpu_bytes=18548
[atlas-gpu] init m=56 n=56 r=8 LEFT total_gpu_bytes=18548
[atlas-gpu] init m=56 n=56 r=8 LEFT total_gpu_bytes=18548
[atlas-gpu] init m=448 n=56 r=8 RIGHT total_gpu_bytes=87540
[atlas-gpu] init m=56 n=224 r=8 LEFT total_gpu_bytes=48116
[atlas-gpu] init m=56 n=56 r=8 LEFT total_gpu_bytes=18548
[atlas-gpu] init m=56 n=56 r=8 LEFT total_gpu_bytes=18548
[atlas-gpu] init m=56 n=56 r=8 LEFT total_gpu_bytes=18548
[atlas-gpu] init m=56 n=56 r=8 LEFT total_gpu_bytes=18548
[atlas-gpu] init m=448 n=56 r=8 RIGHT total_gpu_bytes=87540
[atlas-gpu] init m=56 n=224 r=8 LEFT total_gpu_bytes=48116
[atlas-gpu] init m=56 n=56 r=8 LEFT total_gpu_bytes=18548
[atlas-gpu] init m=56 n=56 r=8 LEFT total_gpu_bytes=18548
[atlas-gpu] init m=56 n=56 r=8 LEFT total_gpu_bytes=18548
[atlas-gpu] init m=56 n=56 r=8 LEFT total_gpu_bytes=18548
[atlas-gpu] init m=448 n=56 r=8 RIGHT total_gpu_bytes=87540
[atlas-gpu] init m=56 n=224 r=8 LEFT total_gpu_bytes=48116
============================================================
ATLAS Alternate Benchmark Harness
============================================================
------------------------------------------------------------
Case: token-lm-corpus-large
Description: larger checked-in corpus autoregressive next-token prediction with more public-domain prose documents, longer windows, and a shared train/test vocabulary.
Config: vocab=769 dModel=56 dFF=224 layers=4 heads=8 seqLen=112 trainSeqs=64 testSeqs=16 epochs=2 repeats=5
Optimizers: AdamW(lr=0.0010) ATLAS-BSRP(lr=0.0200 cRank=0) ATLAS-SPARROW(lr=0.0200 cRank=4 modeRankCap=1 autoGate=0) ATLAS-HELM(lr=0.0200 modeRank=2 hiddenStack=2) ATLAS-ASTER(lr=0.0200 stateRank=2 hiddenStack=2) ATLAS-AEGIS(lr=0.0200 cRank=4) ATLAS-CITADEL(lr=0.0200 cRank=4) ATLAS-RAMPART(lr=0.0200 cRank=4) ATLAS-MERIT(lr=0.0200 cRank=4) ATLAS-STRATA(lr=0.0200 cRank=4) ATLAS-AURORA(lr=0.0010 cRank=4) ATLAS-SEAM(lr=0.0200 cRank=4) ATLAS-QUASAR(lr=0.0200 cRank=4) ATLAS-GEODE(lr=0.0010 cRank=4)
ATLAS: rank=8 tSub=64 kappaMax=10.000 sparrow(modeRankCap=1 autoGate=0 memoryScale=0.050 edge=0.100 secondEdge=0.100 secondFrac=0.500 poleMax=0.950) helm(modeRank=2 hiddenStack=2 memoryScale=0.050 edge=0.100 poleMax=0.950) aster(stateRank=2 hiddenStack=2 memoryScale=0.050 edge=0.100 poleMax=0.950) kappa(enabled=0 heads=1 lags=4 rank=2) aurora(adamwBackbone=1 headGain=3.000 bodyTrust=0.600) geode(geom=1.000 pred=0.250)

Optimizer        Train(s)               Tok/s             TrainNLL            TrainPPL             TestNLL             TestPPL         Status
ATLAS-GEODE         0.48 +/- 0.07        30623.6 +/- 3769.7        5.03468 +/- 0.03840      153.763 +/- 5.791        6.33758 +/- 0.07722      567.080 +/- 42.451     ok
  XFORM proxy:  in=0.000 +/- 0.000  blk=[4.503 3.681 3.188 4.353]  final=0.816 +/- 0.030  head=9.716 +/- 0.151  hShare=0.594 +/- 0.066  applyMs=0.000 +/- 0.000
                trainMargin=0.000 +/- 0.000  trainHardNeg=0.000 +/- 0.000  testMargin=-3.457 +/- 0.220  testHardNeg=3.312 +/- 0.189

============================================================
========================
| Unit Tests Completed |
========================
