
============================================================
VESTA per-scale lambdaPerp sweep (GPU)
============================================================
[glades-cuda] Using device 0: NVIDIA GeForce RTX 4080 SUPER (SM 8.9, 15936 MB, 80 SMs)
Config: vocab=29 layers=4 epochs=50 seq=512 LR=1.0e-02 r=8 GPU=1 seeds=3

[i]2026-04-17 18:20:55 [NNetwork]: event=nn_epoch_progress net_type=5 run_type=eval epoch=50 seq_done=1 seq_total=1 tokens_seen=512 targets_seen=511 targets_per_sec=8241.94 token_lm_loss_kind=full_softmax nll=1.68971 perplexity=5.41792 acc_top1=72.2114 lr_mult=1 grad_norm=na grad_norm_scale=na optimizer_step=50
[i]2026-04-17 18:20:57 [NNetwork]: event=nn_epoch_progress net_type=5 run_type=eval epoch=50 seq_done=1 seq_total=1 tokens_seen=512 targets_seen=511 targets_per_sec=9290.91 token_lm_loss_kind=full_softmax nll=1.67952 perplexity=5.36297 acc_top1=71.82 lr_mult=1 grad_norm=na grad_norm_scale=na optimizer_step=50
[i]2026-04-17 18:21:00 [NNetwork]: event=nn_epoch_progress net_type=5 run_type=eval epoch=50 seq_done=1 seq_total=1 tokens_seen=512 targets_seen=511 targets_per_sec=9290.91 token_lm_loss_kind=full_softmax nll=1.62988 perplexity=5.10327 acc_top1=72.6027 lr_mult=1 grad_norm=na grad_norm_scale=na optimizer_step=50
dModel=256, AdamW reference: testNLL = 1.6664 +/- 0.0320
lp        n     trainNLL              testNLL               wall(s)   
--        ---   --------------------  --------------------  ----------
[i]2026-04-17 18:21:03 [NNetwork]: event=nn_epoch_progress net_type=5 run_type=eval epoch=50 seq_done=1 seq_total=1 tokens_seen=512 targets_seen=511 targets_per_sec=9290.91 token_lm_loss_kind=full_softmax nll=3.38342 perplexity=29.4713 acc_top1=1.56556 lr_mult=1 grad_norm=na grad_norm_scale=na optimizer_step=50
[i]2026-04-17 18:21:07 [NNetwork]: event=nn_epoch_progress net_type=5 run_type=eval epoch=50 seq_done=1 seq_total=1 tokens_seen=512 targets_seen=511 targets_per_sec=10645.8 token_lm_loss_kind=full_softmax nll=3.3778 perplexity=29.3061 acc_top1=2.93542 lr_mult=1 grad_norm=na grad_norm_scale=na optimizer_step=50
[i]2026-04-17 18:21:10 [NNetwork]: event=nn_epoch_progress net_type=5 run_type=eval epoch=50 seq_done=1 seq_total=1 tokens_seen=512 targets_seen=511 targets_per_sec=9125 token_lm_loss_kind=full_softmax nll=3.36814 perplexity=29.0245 acc_top1=5.47945 lr_mult=1 grad_norm=na grad_norm_scale=na optimizer_step=50
lp=0.05   3      3.3609 +/- 0.0085     3.3765 +/- 0.0077      3.4 +/- 0.0  
[i]2026-04-17 18:21:14 [NNetwork]: event=nn_epoch_progress net_type=5 run_type=eval epoch=50 seq_done=1 seq_total=1 tokens_seen=512 targets_seen=511 targets_per_sec=8516.67 token_lm_loss_kind=full_softmax nll=3.36838 perplexity=29.0314 acc_top1=1.36986 lr_mult=1 grad_norm=na grad_norm_scale=na optimizer_step=50
[i]2026-04-17 18:21:17 [NNetwork]: event=nn_epoch_progress net_type=5 run_type=eval epoch=50 seq_done=1 seq_total=1 tokens_seen=512 targets_seen=511 targets_per_sec=9641.51 token_lm_loss_kind=full_softmax nll=3.35742 perplexity=28.715 acc_top1=2.73973 lr_mult=1 grad_norm=na grad_norm_scale=na optimizer_step=50
[i]2026-04-17 18:21:20 [NNetwork]: event=nn_epoch_progress net_type=5 run_type=eval epoch=50 seq_done=1 seq_total=1 tokens_seen=512 targets_seen=511 targets_per_sec=9641.51 token_lm_loss_kind=full_softmax nll=3.35471 perplexity=28.6374 acc_top1=5.47945 lr_mult=1 grad_norm=na grad_norm_scale=na optimizer_step=50
lp=0.10   3      3.3420 +/- 0.0052     3.3602 +/- 0.0072      3.4 +/- 0.0  
[i]2026-04-17 18:21:24 [NNetwork]: event=nn_epoch_progress net_type=5 run_type=eval epoch=50 seq_done=1 seq_total=1 tokens_seen=512 targets_seen=511 targets_per_sec=10019.6 token_lm_loss_kind=full_softmax nll=3.33823 perplexity=28.1692 acc_top1=3.5225 lr_mult=1 grad_norm=na grad_norm_scale=na optimizer_step=50
[i]2026-04-17 18:21:27 [NNetwork]: event=nn_epoch_progress net_type=5 run_type=eval epoch=50 seq_done=1 seq_total=1 tokens_seen=512 targets_seen=511 targets_per_sec=10220 token_lm_loss_kind=full_softmax nll=3.32035 perplexity=27.67 acc_top1=4.69667 lr_mult=1 grad_norm=na grad_norm_scale=na optimizer_step=50
[i]2026-04-17 18:21:31 [NNetwork]: event=nn_epoch_progress net_type=5 run_type=eval epoch=50 seq_done=1 seq_total=1 tokens_seen=512 targets_seen=511 targets_per_sec=9290.91 token_lm_loss_kind=full_softmax nll=3.32834 perplexity=27.8919 acc_top1=5.47945 lr_mult=1 grad_norm=na grad_norm_scale=na optimizer_step=50
lp=0.20   3      3.3057 +/- 0.0042     3.3290 +/- 0.0090      3.4 +/- 0.0  
[i]2026-04-17 18:21:34 [NNetwork]: event=nn_epoch_progress net_type=5 run_type=eval epoch=50 seq_done=1 seq_total=1 tokens_seen=512 targets_seen=511 targets_per_sec=10019.6 token_lm_loss_kind=full_softmax nll=3.236 perplexity=25.4318 acc_top1=16.6341 lr_mult=1 grad_norm=na grad_norm_scale=na optimizer_step=50
[i]2026-04-17 18:21:38 [NNetwork]: event=nn_epoch_progress net_type=5 run_type=eval epoch=50 seq_done=1 seq_total=1 tokens_seen=512 targets_seen=511 targets_per_sec=9125 token_lm_loss_kind=full_softmax nll=3.19988 perplexity=24.5296 acc_top1=18.1996 lr_mult=1 grad_norm=na grad_norm_scale=na optimizer_step=50
[i]2026-04-17 18:21:41 [NNetwork]: event=nn_epoch_progress net_type=5 run_type=eval epoch=50 seq_done=1 seq_total=1 tokens_seen=512 targets_seen=511 targets_per_sec=10019.6 token_lm_loss_kind=full_softmax nll=3.23575 perplexity=25.4254 acc_top1=18.7867 lr_mult=1 grad_norm=na grad_norm_scale=na optimizer_step=50
lp=0.50   3      3.1794 +/- 0.0221     3.2239 +/- 0.0208      3.4 +/- 0.0  
[i]2026-04-17 18:21:45 [NNetwork]: event=nn_epoch_progress net_type=5 run_type=eval epoch=50 seq_done=1 seq_total=1 tokens_seen=512 targets_seen=511 targets_per_sec=8516.67 token_lm_loss_kind=full_softmax nll=2.90997 perplexity=18.3563 acc_top1=50.2935 lr_mult=1 grad_norm=na grad_norm_scale=na optimizer_step=50
[i]2026-04-17 18:21:48 [NNetwork]: event=nn_epoch_progress net_type=5 run_type=eval epoch=50 seq_done=1 seq_total=1 tokens_seen=512 targets_seen=511 targets_per_sec=8377.05 token_lm_loss_kind=full_softmax nll=2.86597 perplexity=17.5661 acc_top1=49.3151 lr_mult=1 grad_norm=na grad_norm_scale=na optimizer_step=50
[i]2026-04-17 18:21:52 [NNetwork]: event=nn_epoch_progress net_type=5 run_type=eval epoch=50 seq_done=1 seq_total=1 tokens_seen=512 targets_seen=511 targets_per_sec=9290.91 token_lm_loss_kind=full_softmax nll=2.91912 perplexity=18.525 acc_top1=47.1624 lr_mult=1 grad_norm=na grad_norm_scale=na optimizer_step=50
lp=1.00   3      2.7373 +/- 0.0609     2.8984 +/- 0.0284      3.4 +/- 0.0  
[i]2026-04-17 18:21:55 [NNetwork]: event=nn_epoch_progress net_type=5 run_type=eval epoch=50 seq_done=1 seq_total=1 tokens_seen=512 targets_seen=511 targets_per_sec=8964.91 token_lm_loss_kind=full_softmax nll=2.34506 perplexity=10.4339 acc_top1=69.4716 lr_mult=1 grad_norm=na grad_norm_scale=na optimizer_step=50
[i]2026-04-17 18:21:59 [NNetwork]: event=nn_epoch_progress net_type=5 run_type=eval epoch=50 seq_done=1 seq_total=1 tokens_seen=512 targets_seen=511 targets_per_sec=7984.38 token_lm_loss_kind=full_softmax nll=2.38587 perplexity=10.8685 acc_top1=71.0372 lr_mult=1 grad_norm=na grad_norm_scale=na optimizer_step=50
[i]2026-04-17 18:22:02 [NNetwork]: event=nn_epoch_progress net_type=5 run_type=eval epoch=50 seq_done=1 seq_total=1 tokens_seen=512 targets_seen=511 targets_per_sec=9125 token_lm_loss_kind=full_softmax nll=2.42713 perplexity=11.3263 acc_top1=70.4501 lr_mult=1 grad_norm=na grad_norm_scale=na optimizer_step=50
lp=2.00   3      2.1902 +/- 0.0678     2.3860 +/- 0.0410      3.4 +/- 0.0  
  Best lp=2.00  testNLL=2.3860  delta vs AdamW = +0.7196 nats

[i]2026-04-17 18:22:14 [NNetwork]: event=nn_epoch_progress net_type=5 run_type=eval epoch=50 seq_done=1 seq_total=1 tokens_seen=512 targets_seen=511 targets_per_sec=3961.24 token_lm_loss_kind=full_softmax nll=2.00895 perplexity=7.45545 acc_top1=65.9491 lr_mult=1 grad_norm=na grad_norm_scale=na optimizer_step=50
[i]2026-04-17 18:22:25 [NNetwork]: event=nn_epoch_progress net_type=5 run_type=eval epoch=50 seq_done=1 seq_total=1 tokens_seen=512 targets_seen=511 targets_per_sec=4188.52 token_lm_loss_kind=full_softmax nll=1.86229 perplexity=6.43845 acc_top1=71.4286 lr_mult=1 grad_norm=na grad_norm_scale=na optimizer_step=50
[i]2026-04-17 18:22:37 [NNetwork]: event=nn_epoch_progress net_type=5 run_type=eval epoch=50 seq_done=1 seq_total=1 tokens_seen=512 targets_seen=511 targets_per_sec=4088 token_lm_loss_kind=full_softmax nll=1.81954 perplexity=6.16905 acc_top1=72.6027 lr_mult=1 grad_norm=na grad_norm_scale=na optimizer_step=50
dModel=512, AdamW reference: testNLL = 1.8969 +/- 0.0993
lp        n     trainNLL              testNLL               wall(s)   
--        ---   --------------------  --------------------  ----------
[i]2026-04-17 18:22:54 [NNetwork]: event=nn_epoch_progress net_type=5 run_type=eval epoch=50 seq_done=1 seq_total=1 tokens_seen=512 targets_seen=511 targets_per_sec=3729.93 token_lm_loss_kind=full_softmax nll=3.25854 perplexity=26.0115 acc_top1=13.1115 lr_mult=1 grad_norm=na grad_norm_scale=na optimizer_step=50
[i]2026-04-17 18:23:10 [NNetwork]: event=nn_epoch_progress net_type=5 run_type=eval epoch=50 seq_done=1 seq_total=1 tokens_seen=512 targets_seen=511 targets_per_sec=3871.21 token_lm_loss_kind=full_softmax nll=3.2786 perplexity=26.5385 acc_top1=10.3718 lr_mult=1 grad_norm=na grad_norm_scale=na optimizer_step=50
[i]2026-04-17 18:23:27 [NNetwork]: event=nn_epoch_progress net_type=5 run_type=eval epoch=50 seq_done=1 seq_total=1 tokens_seen=512 targets_seen=511 targets_per_sec=4088 token_lm_loss_kind=full_softmax nll=3.25073 perplexity=25.8093 acc_top1=8.61057 lr_mult=1 grad_norm=na grad_norm_scale=na optimizer_step=50
lp=0.10   3      3.2320 +/- 0.0157     3.2626 +/- 0.0144     16.8 +/- 0.1  
[i]2026-04-17 18:23:44 [NNetwork]: event=nn_epoch_progress net_type=5 run_type=eval epoch=50 seq_done=1 seq_total=1 tokens_seen=512 targets_seen=511 targets_per_sec=4154.47 token_lm_loss_kind=full_softmax nll=3.14383 perplexity=23.1926 acc_top1=20.1566 lr_mult=1 grad_norm=na grad_norm_scale=na optimizer_step=50
[i]2026-04-17 18:24:01 [NNetwork]: event=nn_epoch_progress net_type=5 run_type=eval epoch=50 seq_done=1 seq_total=1 tokens_seen=512 targets_seen=511 targets_per_sec=4188.52 token_lm_loss_kind=full_softmax nll=3.13215 perplexity=22.9233 acc_top1=32.2896 lr_mult=1 grad_norm=na grad_norm_scale=na optimizer_step=50
[i]2026-04-17 18:24:18 [NNetwork]: event=nn_epoch_progress net_type=5 run_type=eval epoch=50 seq_done=1 seq_total=1 tokens_seen=512 targets_seen=511 targets_per_sec=3961.24 token_lm_loss_kind=full_softmax nll=3.12013 perplexity=22.6493 acc_top1=18.1996 lr_mult=1 grad_norm=na grad_norm_scale=na optimizer_step=50
lp=0.20   3      3.0812 +/- 0.0285     3.1320 +/- 0.0119     16.8 +/- 0.0  
[i]2026-04-17 18:24:35 [NNetwork]: event=nn_epoch_progress net_type=5 run_type=eval epoch=50 seq_done=1 seq_total=1 tokens_seen=512 targets_seen=511 targets_per_sec=3813.43 token_lm_loss_kind=full_softmax nll=2.5702 perplexity=13.0684 acc_top1=63.2094 lr_mult=1 grad_norm=na grad_norm_scale=na optimizer_step=50
[i]2026-04-17 18:24:52 [NNetwork]: event=nn_epoch_progress net_type=5 run_type=eval epoch=50 seq_done=1 seq_total=1 tokens_seen=512 targets_seen=511 targets_per_sec=4055.56 token_lm_loss_kind=full_softmax nll=2.47095 perplexity=11.8337 acc_top1=67.5147 lr_mult=1 grad_norm=na grad_norm_scale=na optimizer_step=50
[i]2026-04-17 18:25:09 [NNetwork]: event=nn_epoch_progress net_type=5 run_type=eval epoch=50 seq_done=1 seq_total=1 tokens_seen=512 targets_seen=511 targets_per_sec=3871.21 token_lm_loss_kind=full_softmax nll=2.47593 perplexity=11.8928 acc_top1=64.775 lr_mult=1 grad_norm=na grad_norm_scale=na optimizer_step=50
lp=0.50   3      2.2531 +/- 0.1380     2.5057 +/- 0.0559     16.9 +/- 0.1  
[i]2026-04-17 18:25:26 [NNetwork]: event=nn_epoch_progress net_type=5 run_type=eval epoch=50 seq_done=1 seq_total=1 tokens_seen=512 targets_seen=511 targets_per_sec=3813.43 token_lm_loss_kind=full_softmax nll=1.90924 perplexity=6.74796 acc_top1=69.6673 lr_mult=1 grad_norm=na grad_norm_scale=na optimizer_step=50
[i]2026-04-17 18:25:43 [NNetwork]: event=nn_epoch_progress net_type=5 run_type=eval epoch=50 seq_done=1 seq_total=1 tokens_seen=512 targets_seen=511 targets_per_sec=4120.97 token_lm_loss_kind=full_softmax nll=1.91899 perplexity=6.81408 acc_top1=70.0587 lr_mult=1 grad_norm=na grad_norm_scale=na optimizer_step=50
[i]2026-04-17 18:26:00 [NNetwork]: event=nn_epoch_progress net_type=5 run_type=eval epoch=50 seq_done=1 seq_total=1 tokens_seen=512 targets_seen=511 targets_per_sec=3842.11 token_lm_loss_kind=full_softmax nll=1.98025 perplexity=7.24459 acc_top1=70.4501 lr_mult=1 grad_norm=na grad_norm_scale=na optimizer_step=50
lp=1.00   3      1.5139 +/- 0.0275     1.9362 +/- 0.0385     16.8 +/- 0.1  
[i]2026-04-17 18:26:17 [NNetwork]: event=nn_epoch_progress net_type=5 run_type=eval epoch=50 seq_done=1 seq_total=1 tokens_seen=512 targets_seen=511 targets_per_sec=4023.62 token_lm_loss_kind=full_softmax nll=1.78035 perplexity=5.9319 acc_top1=70.0587 lr_mult=1 grad_norm=na grad_norm_scale=na optimizer_step=50
[i]2026-04-17 18:26:34 [NNetwork]: event=nn_epoch_progress net_type=5 run_type=eval epoch=50 seq_done=1 seq_total=1 tokens_seen=512 targets_seen=511 targets_per_sec=4055.56 token_lm_loss_kind=full_softmax nll=1.75911 perplexity=5.80729 acc_top1=71.2329 lr_mult=1 grad_norm=na grad_norm_scale=na optimizer_step=50
[i]2026-04-17 18:26:51 [NNetwork]: event=nn_epoch_progress net_type=5 run_type=eval epoch=50 seq_done=1 seq_total=1 tokens_seen=512 targets_seen=511 targets_per_sec=4154.47 token_lm_loss_kind=full_softmax nll=1.74724 perplexity=5.73877 acc_top1=71.2329 lr_mult=1 grad_norm=na grad_norm_scale=na optimizer_step=50
lp=2.00   3      1.3018 +/- 0.0156     1.7622 +/- 0.0168     16.8 +/- 0.0  
  Best lp=2.00  testNLL=1.7622  delta vs AdamW = -0.1347 nats

[i]2026-04-17 18:27:23 [NNetwork]: event=nn_epoch_progress net_type=5 run_type=eval epoch=50 seq_done=1 seq_total=1 tokens_seen=512 targets_seen=511 targets_per_sec=1720.54 token_lm_loss_kind=full_softmax nll=1.71848 perplexity=5.57606 acc_top1=71.2329 lr_mult=1 grad_norm=na grad_norm_scale=na optimizer_step=50
[i]2026-04-17 18:27:54 [NNetwork]: event=nn_epoch_progress net_type=5 run_type=eval epoch=50 seq_done=1 seq_total=1 tokens_seen=512 targets_seen=511 targets_per_sec=1838.13 token_lm_loss_kind=full_softmax nll=1.82586 perplexity=6.20813 acc_top1=71.0372 lr_mult=1 grad_norm=na grad_norm_scale=na optimizer_step=50
[i]2026-04-17 18:28:26 [NNetwork]: event=nn_epoch_progress net_type=5 run_type=eval epoch=50 seq_done=1 seq_total=1 tokens_seen=512 targets_seen=511 targets_per_sec=1844.77 token_lm_loss_kind=full_softmax nll=1.87669 perplexity=6.53185 acc_top1=71.2329 lr_mult=1 grad_norm=na grad_norm_scale=na optimizer_step=50
dModel=1024, AdamW reference: testNLL = 1.8070 +/- 0.0808
lp        n     trainNLL              testNLL               wall(s)   
--        ---   --------------------  --------------------  ----------
[i]2026-04-17 18:29:25 [NNetwork]: event=nn_epoch_progress net_type=5 run_type=eval epoch=50 seq_done=1 seq_total=1 tokens_seen=512 targets_seen=511 targets_per_sec=1799.3 token_lm_loss_kind=full_softmax nll=2.82757 perplexity=16.9043 acc_top1=50.2935 lr_mult=1 grad_norm=na grad_norm_scale=na optimizer_step=50
[i]2026-04-17 18:30:25 [NNetwork]: event=nn_epoch_progress net_type=5 run_type=eval epoch=50 seq_done=1 seq_total=1 tokens_seen=512 targets_seen=511 targets_per_sec=1744.03 token_lm_loss_kind=full_softmax nll=2.83394 perplexity=17.0123 acc_top1=53.229 lr_mult=1 grad_norm=na grad_norm_scale=na optimizer_step=50
[i]2026-04-17 18:31:25 [NNetwork]: event=nn_epoch_progress net_type=5 run_type=eval epoch=50 seq_done=1 seq_total=1 tokens_seen=512 targets_seen=511 targets_per_sec=1792.98 token_lm_loss_kind=full_softmax nll=2.81412 perplexity=16.6784 acc_top1=42.6614 lr_mult=1 grad_norm=na grad_norm_scale=na optimizer_step=50
lp=0.10   3      2.7228 +/- 0.0238     2.8252 +/- 0.0101     59.5 +/- 0.5  
[i]2026-04-17 18:32:26 [NNetwork]: event=nn_epoch_progress net_type=5 run_type=eval epoch=50 seq_done=1 seq_total=1 tokens_seen=512 targets_seen=511 targets_per_sec=1709.03 token_lm_loss_kind=full_softmax nll=1.7634 perplexity=5.83223 acc_top1=70.2544 lr_mult=1 grad_norm=na grad_norm_scale=na optimizer_step=50
[i]2026-04-17 18:33:27 [NNetwork]: event=nn_epoch_progress net_type=5 run_type=eval epoch=50 seq_done=1 seq_total=1 tokens_seen=512 targets_seen=511 targets_per_sec=1726.35 token_lm_loss_kind=full_softmax nll=1.76469 perplexity=5.83975 acc_top1=70.2544 lr_mult=1 grad_norm=na grad_norm_scale=na optimizer_step=50
[i]2026-04-17 18:34:28 [NNetwork]: event=nn_epoch_progress net_type=5 run_type=eval epoch=50 seq_done=1 seq_total=1 tokens_seen=512 targets_seen=511 targets_per_sec=1750 token_lm_loss_kind=full_softmax nll=1.82578 perplexity=6.20763 acc_top1=68.4932 lr_mult=1 grad_norm=na grad_norm_scale=na optimizer_step=50
lp=0.50   3      1.2905 +/- 0.0294     1.7846 +/- 0.0356     60.6 +/- 0.3  
[i]2026-04-17 18:35:30 [NNetwork]: event=nn_epoch_progress net_type=5 run_type=eval epoch=50 seq_done=1 seq_total=1 tokens_seen=512 targets_seen=511 targets_per_sec=1786.71 token_lm_loss_kind=full_softmax nll=1.73854 perplexity=5.68905 acc_top1=71.2329 lr_mult=1 grad_norm=na grad_norm_scale=na optimizer_step=50
[i]2026-04-17 18:36:32 [NNetwork]: event=nn_epoch_progress net_type=5 run_type=eval epoch=50 seq_done=1 seq_total=1 tokens_seen=512 targets_seen=511 targets_per_sec=1762.07 token_lm_loss_kind=full_softmax nll=1.76907 perplexity=5.86539 acc_top1=70.6458 lr_mult=1 grad_norm=na grad_norm_scale=na optimizer_step=50
[i]2026-04-17 18:37:34 [NNetwork]: event=nn_epoch_progress net_type=5 run_type=eval epoch=50 seq_done=1 seq_total=1 tokens_seen=512 targets_seen=511 targets_per_sec=1762.07 token_lm_loss_kind=full_softmax nll=1.66059 perplexity=5.26239 acc_top1=72.6027 lr_mult=1 grad_norm=na grad_norm_scale=na optimizer_step=50
lp=1.00   3      1.1497 +/- 0.0296     1.7227 +/- 0.0559     61.8 +/- 0.5  
[i]2026-04-17 18:38:35 [NNetwork]: event=nn_epoch_progress net_type=5 run_type=eval epoch=50 seq_done=1 seq_total=1 tokens_seen=512 targets_seen=511 targets_per_sec=1774.31 token_lm_loss_kind=full_softmax nll=1.7587 perplexity=5.80487 acc_top1=70.6458 lr_mult=1 grad_norm=na grad_norm_scale=na optimizer_step=50
[i]2026-04-17 18:39:36 [NNetwork]: event=nn_epoch_progress net_type=5 run_type=eval epoch=50 seq_done=1 seq_total=1 tokens_seen=512 targets_seen=511 targets_per_sec=1762.07 token_lm_loss_kind=full_softmax nll=1.75055 perplexity=5.7578 acc_top1=70.8415 lr_mult=1 grad_norm=na grad_norm_scale=na optimizer_step=50
[i]2026-04-17 18:40:37 [NNetwork]: event=nn_epoch_progress net_type=5 run_type=eval epoch=50 seq_done=1 seq_total=1 tokens_seen=512 targets_seen=511 targets_per_sec=1750 token_lm_loss_kind=full_softmax nll=1.70606 perplexity=5.50724 acc_top1=72.407 lr_mult=1 grad_norm=na grad_norm_scale=na optimizer_step=50
lp=2.00   3      1.0485 +/- 0.0094     1.7384 +/- 0.0283     60.4 +/- 0.2  
  Best lp=1.00  testNLL=1.7227  delta vs AdamW = -0.0843 nats

[i]2026-04-17 18:42:17 [NNetwork]: event=nn_epoch_progress net_type=5 run_type=eval epoch=50 seq_done=1 seq_total=1 tokens_seen=512 targets_seen=511 targets_per_sec=766.117 token_lm_loss_kind=full_softmax nll=3.05687 perplexity=21.2609 acc_top1=25.2446 lr_mult=1 grad_norm=na grad_norm_scale=na optimizer_step=50
[i]2026-04-17 18:43:58 [NNetwork]: event=nn_epoch_progress net_type=5 run_type=eval epoch=50 seq_done=1 seq_total=1 tokens_seen=512 targets_seen=511 targets_per_sec=792.248 token_lm_loss_kind=full_softmax nll=3.19012 perplexity=24.2914 acc_top1=19.7652 lr_mult=1 grad_norm=na grad_norm_scale=na optimizer_step=50
[i]2026-04-17 18:45:39 [NNetwork]: event=nn_epoch_progress net_type=5 run_type=eval epoch=50 seq_done=1 seq_total=1 tokens_seen=512 targets_seen=511 targets_per_sec=792.248 token_lm_loss_kind=full_softmax nll=3.16067 perplexity=23.5863 acc_top1=25.4403 lr_mult=1 grad_norm=na grad_norm_scale=na optimizer_step=50
dModel=2048, AdamW reference: testNLL = 3.1359 +/- 0.0700
lp        n     trainNLL              testNLL               wall(s)   
--        ---   --------------------  --------------------  ----------
[i]2026-04-17 18:50:52 [NNetwork]: event=nn_epoch_progress net_type=5 run_type=eval epoch=50 seq_done=1 seq_total=1 tokens_seen=512 targets_seen=511 targets_per_sec=805.994 token_lm_loss_kind=full_softmax nll=2.51723 perplexity=12.3942 acc_top1=60.4697 lr_mult=1 grad_norm=na grad_norm_scale=na optimizer_step=50
[i]2026-04-17 18:56:32 [NNetwork]: event=nn_epoch_progress net_type=5 run_type=eval epoch=50 seq_done=1 seq_total=1 tokens_seen=512 targets_seen=511 targets_per_sec=786.154 token_lm_loss_kind=full_softmax nll=2.69207 perplexity=14.7622 acc_top1=56.1644 lr_mult=1 grad_norm=na grad_norm_scale=na optimizer_step=50
[i]2026-04-17 19:01:36 [NNetwork]: event=nn_epoch_progress net_type=5 run_type=eval epoch=50 seq_done=1 seq_total=1 tokens_seen=512 targets_seen=511 targets_per_sec=780.153 token_lm_loss_kind=full_softmax nll=2.68678 perplexity=14.6843 acc_top1=56.5558 lr_mult=1 grad_norm=na grad_norm_scale=na optimizer_step=50
lp=0.05   3      2.4706 +/- 0.1390     2.6320 +/- 0.0995    318.4 +/- 19.1 
[i]2026-04-17 19:07:25 [NNetwork]: event=nn_epoch_progress net_type=5 run_type=eval epoch=50 seq_done=1 seq_total=1 tokens_seen=512 targets_seen=511 targets_per_sec=787.365 token_lm_loss_kind=full_softmax nll=2.00911 perplexity=7.45667 acc_top1=68.2975 lr_mult=1 grad_norm=na grad_norm_scale=na optimizer_step=50
[i]2026-04-17 19:13:13 [NNetwork]: event=nn_epoch_progress net_type=5 run_type=eval epoch=50 seq_done=1 seq_total=1 tokens_seen=512 targets_seen=511 targets_per_sec=778.963 token_lm_loss_kind=full_softmax nll=2.09265 perplexity=8.10635 acc_top1=68.8845 lr_mult=1 grad_norm=na grad_norm_scale=na optimizer_step=50
[i]2026-04-17 19:18:30 [NNetwork]: event=nn_epoch_progress net_type=5 run_type=eval epoch=50 seq_done=1 seq_total=1 tokens_seen=512 targets_seen=511 targets_per_sec=792.248 token_lm_loss_kind=full_softmax nll=2.03691 perplexity=7.66687 acc_top1=70.4501 lr_mult=1 grad_norm=na grad_norm_scale=na optimizer_step=50
lp=0.10   3      1.7846 +/- 0.0830     2.0462 +/- 0.0425    337.0 +/- 17.7 
[i]2026-04-17 19:24:07 [NNetwork]: event=nn_epoch_progress net_type=5 run_type=eval epoch=50 seq_done=1 seq_total=1 tokens_seen=512 targets_seen=511 targets_per_sec=778.963 token_lm_loss_kind=full_softmax nll=4.25636 perplexity=70.5524 acc_top1=4.10959 lr_mult=1 grad_norm=na grad_norm_scale=na optimizer_step=50
[i]2026-04-17 19:29:36 [NNetwork]: event=nn_epoch_progress net_type=5 run_type=eval epoch=50 seq_done=1 seq_total=1 tokens_seen=512 targets_seen=511 targets_per_sec=789.799 token_lm_loss_kind=full_softmax nll=1.75333 perplexity=5.77378 acc_top1=70.2544 lr_mult=1 grad_norm=na grad_norm_scale=na optimizer_step=50
[i]2026-04-17 19:35:25 [NNetwork]: event=nn_epoch_progress net_type=5 run_type=eval epoch=50 seq_done=1 seq_total=1 tokens_seen=512 targets_seen=511 targets_per_sec=783.742 token_lm_loss_kind=full_softmax nll=9.59727 perplexity=14724.5 acc_top1=3.7182 lr_mult=1 grad_norm=na grad_norm_scale=na optimizer_step=50
lp=0.50   3      3.0203 +/- 1.6790     5.2023 +/- 4.0066    337.2 +/- 9.4  
[i]2026-04-17 19:40:48 [NNetwork]: event=nn_epoch_progress net_type=5 run_type=eval epoch=50 seq_done=1 seq_total=1 tokens_seen=512 targets_seen=511 targets_per_sec=808.544 token_lm_loss_kind=full_softmax nll=2.17503 perplexity=8.80245 acc_top1=59.0998 lr_mult=1 grad_norm=na grad_norm_scale=na optimizer_step=50
[i]2026-04-17 19:46:26 [NNetwork]: event=nn_epoch_progress net_type=5 run_type=eval epoch=50 seq_done=1 seq_total=1 tokens_seen=512 targets_seen=511 targets_per_sec=793.478 token_lm_loss_kind=full_softmax nll=2.36002 perplexity=10.5912 acc_top1=64.9706 lr_mult=1 grad_norm=na grad_norm_scale=na optimizer_step=50
[i]2026-04-17 19:51:38 [NNetwork]: event=nn_epoch_progress net_type=5 run_type=eval epoch=50 seq_done=1 seq_total=1 tokens_seen=512 targets_seen=511 targets_per_sec=764.97 token_lm_loss_kind=full_softmax nll=15.5819 perplexity=5.84956e+06 acc_top1=3.32681 lr_mult=1 grad_norm=na grad_norm_scale=na optimizer_step=50
lp=1.00   3     10.1042 +/- 13.8651    6.7056 +/- 7.6876    323.6 +/- 12.7 
  Best lp=0.10  testNLL=2.0462  delta vs AdamW = -1.0897 nats

========================
| Unit Tests Completed |
========================
