
============================================================
VESTA per-scale lambdaPerp sweep (GPU)
============================================================
[glades-cuda] Using device 0: NVIDIA GeForce RTX 4080 SUPER (SM 8.9, 15936 MB, 80 SMs)
Config: vocab=29 layers=4 epochs=50 seq=512 LR=1.0e-02 r=8 GPU=1 seeds=3

dModel=256, AdamW reference: testNLL = 1.6664 +/- 0.0320
lp        n     trainNLL              testNLL               wall(s)   
--        ---   --------------------  --------------------  ----------
lp=0.05   3      3.3609 +/- 0.0085     3.3765 +/- 0.0077      3.4 +/- 0.0  
lp=0.10   3      3.3420 +/- 0.0052     3.3602 +/- 0.0072      3.4 +/- 0.0  
lp=0.20   3      3.3057 +/- 0.0042     3.3290 +/- 0.0090      3.4 +/- 0.0  
lp=0.50   3      3.1794 +/- 0.0221     3.2239 +/- 0.0208      3.4 +/- 0.0  
lp=1.00   3      2.7373 +/- 0.0609     2.8984 +/- 0.0284      3.4 +/- 0.0  
lp=2.00   3      2.1902 +/- 0.0678     2.3860 +/- 0.0410      3.4 +/- 0.0  
  Best lp=2.00  testNLL=2.3860  delta vs AdamW = +0.7196 nats

dModel=512, AdamW reference: testNLL = 1.8969 +/- 0.0993
lp        n     trainNLL              testNLL               wall(s)   
--        ---   --------------------  --------------------  ----------
lp=0.10   3      3.2320 +/- 0.0157     3.2626 +/- 0.0144     16.8 +/- 0.1  
lp=0.20   3      3.0812 +/- 0.0285     3.1320 +/- 0.0119     16.8 +/- 0.0  
lp=0.50   3      2.2531 +/- 0.1380     2.5057 +/- 0.0559     16.9 +/- 0.1  
lp=1.00   3      1.5139 +/- 0.0275     1.9362 +/- 0.0385     16.8 +/- 0.1  
lp=2.00   3      1.3018 +/- 0.0156     1.7622 +/- 0.0168     16.8 +/- 0.0  
  Best lp=2.00  testNLL=1.7622  delta vs AdamW = -0.1347 nats

dModel=1024, AdamW reference: testNLL = 1.8070 +/- 0.0808
lp        n     trainNLL              testNLL               wall(s)   
--        ---   --------------------  --------------------  ----------
lp=0.10   3      2.7228 +/- 0.0238     2.8252 +/- 0.0101     59.5 +/- 0.5  
lp=0.50   3      1.2905 +/- 0.0294     1.7846 +/- 0.0356     60.6 +/- 0.3  
lp=1.00   3      1.1497 +/- 0.0296     1.7227 +/- 0.0559     61.8 +/- 0.5  
lp=2.00   3      1.0485 +/- 0.0094     1.7384 +/- 0.0283     60.4 +/- 0.2  
  Best lp=1.00  testNLL=1.7227  delta vs AdamW = -0.0843 nats

dModel=2048, AdamW reference: testNLL = 3.1359 +/- 0.0700
lp        n     trainNLL              testNLL               wall(s)   
--        ---   --------------------  --------------------  ----------
lp=0.05   3      2.4706 +/- 0.1390     2.6320 +/- 0.0995    318.4 +/- 19.1 
lp=0.10   3      1.7846 +/- 0.0830     2.0462 +/- 0.0425    337.0 +/- 17.7 
lp=0.50   3      3.0203 +/- 1.6790     5.2023 +/- 4.0066    337.2 +/- 9.4  
lp=1.00   3     10.1042 +/- 13.8651    6.7056 +/- 7.6876    323.6 +/- 12.7 
  Best lp=0.10  testNLL=2.0462  delta vs AdamW = -1.0897 nats

========================
| Unit Tests Completed |
========================
