
============================================================
VESTA GPU scale ladder: AdamW vs VESTA-plain-raw
============================================================
[glades-cuda] Using device 0: NVIDIA GeForce RTX 4080 SUPER (SM 8.9, 15936 MB, 80 SMs)
Config: vocab=29 layers=4 heads=4 epochs=50 seq=512 LR=1.0e-02 r=8 GPU=1

dModel    optimizer           n     trainNLL              testNLL               wall(s)   
------    ---------           ---   --------------------  --------------------  ----------
256       AdamW-GPU           3      1.1120 +/- 0.0309     1.6667 +/- 0.0227      2.3 +/- 0.0  
256       VESTA-plain-raw     3      2.1951 +/- 0.0728     2.4183 +/- 0.0191      3.4 +/- 0.0  
          delta = +0.7517 nats   (VESTA-plain-raw vs AdamW)

512       AdamW-GPU           3      1.1524 +/- 0.1106     1.9080 +/- 0.0098     11.4 +/- 0.0  
512       VESTA-plain-raw     3      1.3118 +/- 0.0310     1.7685 +/- 0.0198     16.8 +/- 0.0  
          delta = -0.1395 nats   (VESTA-plain-raw vs AdamW)

1024      AdamW-GPU           3      1.8049 +/- 0.2565     2.0290 +/- 0.2144     31.3 +/- 0.1  
1024      VESTA-plain-raw     3      1.1172 +/- 0.0096     1.7012 +/- 0.0308     61.2 +/- 1.3  
          delta = -0.3278 nats   (VESTA-plain-raw vs AdamW)

2048      AdamW-GPU           3      3.1127 +/- 0.0495     3.1267 +/- 0.0503     99.6 +/- 0.3  
2048      VESTA-plain-raw     3      4.0308 +/- 3.0784     5.3236 +/- 4.9530    325.8 +/- 21.6 
          delta = +2.1969 nats   (VESTA-plain-raw vs AdamW)

========================
| Unit Tests Completed |
========================
