
============================================================
VESTA sweep v2: scale-up + per-opt LR sweep + VESTA HP sweep
============================================================
Scale-up base: vocab=29 dModel=128 dFF=256 layers=4 heads=4 epochs=15 seq=384 seeds=3

================ Phase 1: learning-rate sweep ================

axis        lr             n  trainNLL            testNLL             wall(s)     
----        ---           --  ------------------  ------------------  ------------
AdamW       3.0e-04        3  2.4906 +/- 0.0309   2.6845 +/- 0.0140    0.81 +/- 0.04 
AdamW       1.0e-03        3  2.0749 +/- 0.0446   2.2169 +/- 0.0205    0.81 +/- 0.03 
AdamW       3.0e-03        3  1.8604 +/- 0.0292   1.9591 +/- 0.0078    0.81 +/- 0.02 
AdamW       1.0e-02        3  1.7599 +/- 0.0509   1.8615 +/- 0.0173    0.78 +/- 0.04 

axis        lr             n  trainNLL            testNLL             wall(s)     
----        ---           --  ------------------  ------------------  ------------
ATLAS       3.0e-04        3  3.3906 +/- 0.0129   3.3941 +/- 0.0128    0.94 +/- 0.08 
ATLAS       1.0e-03        3  3.3903 +/- 0.0129   3.3938 +/- 0.0128    1.02 +/- 0.04 
ATLAS       3.0e-03        3  3.3892 +/- 0.0128   3.3929 +/- 0.0128    1.02 +/- 0.01 
ATLAS       1.0e-02        3  3.3855 +/- 0.0128   3.3897 +/- 0.0125    0.93 +/- 0.03 

axis        lr             n  trainNLL            testNLL             wall(s)     
----        ---           --  ------------------  ------------------  ------------
VESTA       3.0e-04        3  2.9542 +/- 0.0437   3.0881 +/- 0.0032    3.37 +/- 0.03 
VESTA       1.0e-03        3  2.6983 +/- 0.0569   2.7979 +/- 0.0023    3.43 +/- 0.03 
VESTA       3.0e-03        3  2.3224 +/- 0.0585   2.4113 +/- 0.0088    3.45 +/- 0.04 
VESTA       1.0e-02        3  2.0374 +/- 0.0301   2.1091 +/- 0.0093    3.44 +/- 0.08 

Phase 1 summary (best testNLL per optimizer):
opt       bestLR      testNLL@bestLR    
---       -------     ------------------
AdamW     1.0e-02    1.8615 +/- 0.0173 
ATLAS     1.0e-02    3.3897 +/- 0.0125 
VESTA     1.0e-02    2.1091 +/- 0.0093 

================ Phase 2: VESTA hyperparameter sweep ================
Using VESTA best LR = 1.0e-02 from Phase 1

axis        rank           n  trainNLL            testNLL             wall(s)     
----        ---           --  ------------------  ------------------  ------------
VESTA       r=4            3  2.0325 +/- 0.0427   2.1129 +/- 0.0110    3.10 +/- 0.02 
VESTA       r=8            3  2.0374 +/- 0.0301   2.1091 +/- 0.0093    3.44 +/- 0.03 
VESTA       r=16           3  2.0434 +/- 0.0513   2.1290 +/- 0.0199    4.04 +/- 0.01 

axis        tau            n  trainNLL            testNLL             wall(s)     
----        ---           --  ------------------  ------------------  ------------
VESTA       tau=0.00       3  2.0373 +/- 0.0304   2.1093 +/- 0.0093    3.38 +/- 0.05 
VESTA       tau=0.05       3  2.0374 +/- 0.0301   2.1091 +/- 0.0093    3.37 +/- 0.09 
VESTA       tau=0.10       3  2.0374 +/- 0.0301   2.1091 +/- 0.0093    3.45 +/- 0.06 
VESTA       tau=0.20       3  2.0374 +/- 0.0301   2.1090 +/- 0.0092    3.35 +/- 0.04 

axis        tSk            n  trainNLL            testNLL             wall(s)     
----        ---           --  ------------------  ------------------  ------------
VESTA       tSk=4          3  2.0360 +/- 0.0327   2.1096 +/- 0.0309    8.43 +/- 0.06 
VESTA       tSk=16         3  2.0374 +/- 0.0301   2.1091 +/- 0.0093    3.41 +/- 0.04 
VESTA       tSk=64         3  2.0374 +/- 0.0301   2.1091 +/- 0.0093    3.45 +/- 0.02 

axis        lambdaPerp     n  trainNLL            testNLL             wall(s)     
----        ---           --  ------------------  ------------------  ------------
VESTA       lp=0.00        3  3.3848 +/- 0.0126   3.3890 +/- 0.0123    3.41 +/- 0.02 
VESTA       lp=0.10        3  2.1869 +/- 0.0694   2.2439 +/- 0.0223    3.38 +/- 0.05 
VESTA       lp=0.20        3  2.0374 +/- 0.0301   2.1091 +/- 0.0093    3.40 +/- 0.03 
VESTA       lp=0.40        3  1.9565 +/- 0.0303   2.0487 +/- 0.0196    3.37 +/- 0.05 

Phase 2 summary (VESTA best single-axis settings):
  best rank       = 8     (testNLL 2.1091 +/- 0.0093)
  best tau        = 0.20  (testNLL 2.1090 +/- 0.0092)
  best tSk        = 16    (testNLL 2.1091 +/- 0.0093)
  best lambdaPerp = 0.40  (testNLL 2.0487 +/- 0.0196)

================ Phase 3: head-to-head (best per optimizer) ================

opt       config      n     trainNLL            testNLL             wall(s)     
---       ------      --    ------------------  ------------------  ------------
AdamW     adamw       5     1.7609 +/- 0.0363   1.8737 +/- 0.0279    0.80 +/- 0.03 
ATLAS     atlas-r8    5     3.3896 +/- 0.0141   3.3926 +/- 0.0101    0.98 +/- 0.06 
VESTA     r8/t0.20    5     1.9590 +/- 0.0218   2.0577 +/- 0.0262    3.39 +/- 0.06 

Final head-to-head deltas (testNLL, lower is better):
  ATLAS    vs AdamW: +1.5189 nats  (loses)
  VESTA    vs AdamW: +0.1839 nats  (loses)

========================
| Unit Tests Completed |
========================
