[glades-cuda] Using device 0: NVIDIA GeForce RTX 4080 SUPER (SM 8.9, 15936 MB, 80 SMs)
[i]2026-05-14 08:45:31 [chiron]: [chiron-train] device: NVIDIA GeForce RTX 4080 SUPER (sm_8.9), 15.6 GB VRAM
[i]2026-05-14 08:45:47 [chiron]: [scfa-bf16-inner] BF16 inner scratches overlay scfa_qpar: ~26.00 MB used of 64.00 MB (zero extra VRAM)
[i]2026-05-14 08:45:47 [chiron]: [scfa-bf16-outer] outer projection GEMMs routed through cublasGemmEx FAST_16BF (BF16-TC, FP32 in/out); 9 GEMMs/layer × L=24 = 216 GEMMs/step at shape (k=512, m=2048, T=8192)
[i]2026-05-14 08:45:47 [chiron]: [scfa-fuse-streams] fused element-wise stream ops active: fwd qperp=q-qpar and p±=sign·(ypar+yperp); bwd qperp=q-qpar, p±=sign·(ypar+yperp), ypar=sign·dp. L=24 layers × 2 dirs = 48 fused fwd ops + 72 fused bwd ops/step
[i]2026-05-14 08:45:47 [chiron]: [scfa] allocated SCFA state: B=[T=8192 × k=512]=16.00 MB (shared), D=[m=2048 × w+1=9] × L=24 (+dD)=3.38 MB, compression 16×, conv half-width 8
[i]2026-05-14 08:45:47 [chiron]: [scfa] design attention speedup at T=8192, k=512: 14.6× (O(T²) → O(Tk + k² + Tw))
[i]2026-05-14 08:45:47 [chiron]: [chiron-train] VRAM usage after allocation: 12.91 / 15.56 GB (17.1% free)
[i]2026-05-14 08:45:47 [chiron]: [chiron-train] T=8192 m=2048 dModel=4096 L=24 nH=16 dH=256 V=32000  params=870.94M  (3322.4 MB FP32)
[i]2026-05-14 08:45:47 [chiron]: [chiron-train] lr=1.00e-04 wd=1.00e-02 seed=1337 max_steps=5000 adam=int8 attn=bf16-tiled bf16_grads=1 bf16_weights=1 local_attn_W=0 warmup=500 grad_clip=0.50 accum=1 (effective batch=8192 tokens)
[i]2026-05-14 08:45:47 [chiron]: [bf16-logits] tied-readout logits GEMMs routed through cublasGemmEx FAST_16BF (BF16-TC, FP32 in/out); 3 GEMMs/step at shape (T=8192, V=32000, m=2048) = 1073.74 GFLOP each
[i]2026-05-14 08:45:47 [chiron]: [fuse-attn-reln] ACTIVE: at layer L-1, q ← q + p BEFORE the existing reln; final LN normalizes the fused signal (task #31).  Wq/Wk/Wv/Wo gradients flow through bounded LayerNorm; stable at L ≤ 24 but breaks at L ≥ 48.
[i]2026-05-14 08:45:47 [chiron]: [step      1] loss=10.4746 ema=10.4746 best=10.4746@1 acc=0.0004 ||g||=2.709 scale=0.185 lr=2.00e-07 tok/s=16845 wall=0.5s
[i]2026-05-14 08:47:27 [chiron]: [step    250] loss=8.7767 ema=8.9532 best=8.7683@245 acc=0.0551 ||g||=4.087 scale=0.122 lr=5.00e-05 tok/s=20495 wall=100.0s
[i]2026-05-14 08:49:07 [chiron]: [step    500] loss=8.3009 ema=8.3944 best=8.2326@443 acc=0.0823 ||g||=3.240 scale=0.154 lr=1.00e-04 tok/s=20481 wall=200.0s
[i]2026-05-14 08:50:47 [chiron]: [step    750] loss=7.9103 ema=7.9719 best=7.7480@744 acc=0.0900 ||g||=6.283 scale=0.080 lr=9.93e-05 tok/s=20476 wall=300.0s
[i]2026-05-14 08:52:27 [chiron]: [step   1000] loss=7.5080 ema=7.8231 best=7.4192@986 acc=0.0957 ||g||=6.350 scale=0.079 lr=9.73e-05 tok/s=20464 wall=400.1s
[i]2026-05-14 08:54:07 [chiron]: [step   1250] loss=7.4170 ema=7.5773 best=7.1586@1249 acc=0.0977 ||g||=8.007 scale=0.062 lr=9.40e-05 tok/s=20455 wall=500.2s
[i]2026-05-14 08:55:47 [chiron]: [step   1500] loss=7.6207 ema=7.2783 best=6.8487@1382 acc=0.1111 ||g||=7.226 scale=0.069 lr=8.95e-05 tok/s=20452 wall=600.4s
[i]2026-05-14 08:57:28 [chiron]: [step   1750] loss=7.0422 ema=7.0529 best=6.7354@1707 acc=0.1104 ||g||=13.237 scale=0.038 lr=8.39e-05 tok/s=20448 wall=700.5s
[i]2026-05-14 08:59:08 [chiron]: [step   2000] loss=7.3786 ema=6.8976 best=6.5206@1987 acc=0.1108 ||g||=2.072 scale=0.241 lr=7.75e-05 tok/s=20446 wall=800.7s
[i]2026-05-14 09:00:48 [chiron]: [step   2250] loss=6.4232 ema=6.4907 best=6.2779@2156 acc=0.1212 ||g||=2.432 scale=0.206 lr=7.04e-05 tok/s=20441 wall=900.9s
[i]2026-05-14 09:02:28 [chiron]: [step   2500] loss=6.3581 ema=6.3380 best=6.0917@2398 acc=0.1066 ||g||=1.824 scale=0.274 lr=6.28e-05 tok/s=20439 wall=1001.1s
[i]2026-05-14 09:04:08 [chiron]: [step   2750] loss=5.9660 ema=6.3362 best=5.9660@2750 acc=0.1143 ||g||=1.290 scale=0.388 lr=5.50e-05 tok/s=20433 wall=1101.3s
[i]2026-05-14 09:05:49 [chiron]: [step   3000] loss=5.9112 ema=6.0570 best=5.7800@2885 acc=0.1174 ||g||=2.160 scale=0.231 lr=4.72e-05 tok/s=20432 wall=1201.5s
[i]2026-05-14 09:07:29 [chiron]: [step   3250] loss=5.9875 ema=6.1233 best=5.6454@3202 acc=0.1334 ||g||=1.657 scale=0.302 lr=3.96e-05 tok/s=20430 wall=1301.8s
[i]2026-05-14 09:09:09 [chiron]: [step   3500] loss=6.2104 ema=6.0424 best=5.6389@3454 acc=0.1075 ||g||=1.875 scale=0.267 lr=3.25e-05 tok/s=20428 wall=1402.0s
[i]2026-05-14 09:10:49 [chiron]: [step   3750] loss=6.3086 ema=5.9467 best=5.3939@3506 acc=0.1077 ||g||=4.142 scale=0.121 lr=2.61e-05 tok/s=20428 wall=1502.3s
[i]2026-05-14 09:12:30 [chiron]: [step   4000] loss=5.6346 ema=5.7994 best=5.3939@3506 acc=0.1107 ||g||=1.781 scale=0.281 lr=2.05e-05 tok/s=20428 wall=1602.6s
[i]2026-05-14 09:14:10 [chiron]: [step   4250] loss=5.6455 ema=5.6794 best=5.3939@3506 acc=0.1150 ||g||=1.383 scale=0.361 lr=1.60e-05 tok/s=20428 wall=1702.8s
[i]2026-05-14 09:15:50 [chiron]: [step   4500] loss=6.0157 ema=5.9767 best=5.3939@3506 acc=0.1166 ||g||=1.730 scale=0.289 lr=1.27e-05 tok/s=20429 wall=1803.1s
[i]2026-05-14 09:17:30 [chiron]: [step   4750] loss=5.6294 ema=5.8575 best=5.3939@3506 acc=0.1132 ||g||=1.424 scale=0.351 lr=1.07e-05 tok/s=20427 wall=1903.3s
[i]2026-05-14 09:19:11 [chiron]: [step   5000] loss=5.6284 ema=5.7469 best=5.3593@4907 acc=0.1146 ||g||=1.503 scale=0.333 lr=1.00e-05 tok/s=20428 wall=2003.6s
[i]2026-05-14 09:19:11 [chiron]: [chiron-train] done: steps=5000 total_tokens=40960000 wall=2003.6s
