
============================================================
VESTA feature ablation (5 seeds)
============================================================
Base: dModel=128 layers=4 epochs=15 seq=384 LR=1.0e-02 rank=8 lp=0.20 tSk=4

config              n     trainNLL            testNLL             wall(s)   
------              ---   ------------------  ------------------  ----------
plain               5     2.0475 +/- 0.0390   2.1308 +/- 0.0366    8.38 +/- 0.17 
+mom                5     1.8722 +/- 0.0269   1.9785 +/- 0.0290    8.39 +/- 0.04 
+ema                5     2.0539 +/- 0.0254   2.1275 +/- 0.0270    8.43 +/- 0.13 
+gradbasis          5     2.6712 +/- 0.0887   2.7039 +/- 0.1039    7.48 +/- 0.05 
+mom+ema            5     1.8733 +/- 0.0274   1.9776 +/- 0.0285    8.37 +/- 0.10 
+mom+gradbasis      5     2.6290 +/- 0.2448   2.6805 +/- 0.2096    7.58 +/- 0.13 
+ema+gradbasis      5     2.7893 +/- 0.1388   2.8015 +/- 0.1010    7.48 +/- 0.12 
all3                5     2.6834 +/- 0.2540   2.7292 +/- 0.2292    7.46 +/- 0.13 

AdamW reference: testNLL = 1.8737 +/- 0.0279

Best VESTA variant: +mom+ema
  testNLL = 1.9776 +/- 0.0285
  Delta vs AdamW  = +0.1039 nats

========================
| Unit Tests Completed |
========================
