[glades-cuda] Using device 0: NVIDIA GeForce RTX 4080 SUPER (SM 8.9, 15936 MB, 80 SMs)
[i]2026-05-15 22:51:41 [chiron]: [chiron-train] device: NVIDIA GeForce RTX 4080 SUPER (sm_8.9), 15.6 GB VRAM
[i]2026-05-15 22:51:41 [chiron]: [val] enabled: every 1 steps, 4 batches (16384 tokens/batch), buckets=8, bytes/tok=4.00
[i]2026-05-15 22:51:57 [chiron]: [scfa-bf16-inner] BF16 inner scratches overlay scfa_qpar: ~68.00 MB used of 128.00 MB (zero extra VRAM)
[i]2026-05-15 22:51:57 [chiron]: [scfa-bf16-outer] outer projection GEMMs routed through cublasGemmEx FAST_16BF (BF16-TC, FP32 in/out); 9 GEMMs/layer × L=24 = 216 GEMMs/step at shape (k=1024, m=2048, T=16384)
[i]2026-05-15 22:51:57 [chiron]: [scfa-fuse-streams] fused element-wise stream ops active: fwd qperp=q-qpar and p±=sign·(ypar+yperp); bwd qperp=q-qpar, p±=sign·(ypar+yperp), ypar=sign·dp. L=24 layers × 2 dirs = 48 fused fwd ops + 72 fused bwd ops/step
[i]2026-05-15 22:51:57 [chiron]: [scfa] allocated SCFA state: B=[T=16384 × k=1024]=64.00 MB (shared), D=[m=2048 × w+1=9] × L=24 (+dD)=3.38 MB, compression 16×, conv half-width 8
[i]2026-05-15 22:51:57 [chiron]: [scfa] design attention speedup at T=16384, k=1024: 14.8× (O(T²) → O(Tk + k² + Tw))
[i]2026-05-15 22:51:57 [chiron]: [chiron-train] VRAM usage after allocation: 13.22 / 15.56 GB (15.0% free)
[i]2026-05-15 22:51:57 [chiron]: [load_full] CHRF v=4 with bf16 weights on disk
[i]2026-05-15 22:51:59 [chiron]: [chiron-train] loaded full state from /home/robert/dev/glades-ml/research/runs/2026-05-15-flagship-postfix-T16384-30k/chiron_1B_T16384.step30000 (resume step=30000, T=16384 L=24 α=0.000, slcLast=-1, faceStep=0)
[i]2026-05-15 22:51:59 [chiron]: [chiron-train] T=16384 m=2048 dModel=4096 L=24 nH=16 dH=256 V=32000  params=870.94M  (3322.4 MB FP32)
[i]2026-05-15 22:51:59 [chiron]: [chiron-train] lr=0.00e+00 wd=1.00e-02 seed=1337 max_steps=30001 adam=int8 attn=bf16-tiled bf16_grads=1 bf16_weights=1 local_attn_W=0 warmup=0 grad_clip=0.50 accum=1 (effective batch=16384 tokens)
[i]2026-05-15 22:51:59 [chiron]: [bf16-logits] tied-readout logits GEMMs routed through cublasGemmEx FAST_16BF (BF16-TC, FP32 in/out); 3 GEMMs/step at shape (T=16384, V=32000, m=2048) = 2147.48 GFLOP each
[i]2026-05-15 22:51:59 [chiron]: [scfa-reln-opt] reln memory-bandwidth optimizations active: (1) in-place chiron_reln_forward / chiron_reln_inverse (eliminates 48 post-reln memcpys/step at T·m=33554432 FP32 each); (2) fused chiron_reln_axpy_into_q kernel for per-layer-fuse path (eliminates 48 p_norm round-trips/step).  Bit-identical FP32 modulo sub-ULP FMA-ordering.  Zero new VRAM.
[i]2026-05-15 22:51:59 [chiron]: [bf16-logits-storage] readout triple (logits, probs, dlogits) materialized as BF16 (T*V*2 = 0.98 GB each); FP32 triple would be 5.86 GB.  Added BF16 mirrors: W.E_bf cache (V*m = 125 MB, refreshed per step) and q_L_bf scratch (T*m = 64 MB, cast per step).  Net VRAM saved: 2.75 GB.  Math FP32 in registers, BF16 on load/store; NLL impact expected negligible (probs floor at 1e-12 after BF16→FP32 cast matches FP32 kernel).
[i]2026-05-15 22:51:59 [chiron]: [fuse-attn-reln] ACTIVE: at layer L-1, q ← q + p BEFORE the existing reln; final LN normalizes the fused signal (task #31).  Wq/Wk/Wv/Wo gradients flow through bounded LayerNorm; stable at L ≤ 24 but breaks at L ≥ 48.
[W]2026-05-15 22:51:59 [chiron]: [resume] --no-resume-warmup: skipping iter-182 SLC re-arm; LR continues from natural cosine schedule.  Watch ‖g‖ in first 1000 steps for drift signs.
[i]2026-05-15 22:52:01 [chiron]: [val val   ] nll=4.0771 bpb=1.4705 ppl=58.98 acc1=0.1275 acc5=0.5010 acc10=0.7653 pos=[4.21/4.15/3.98/3.99/4.01/4.11/4.15/4.02] n_tok=4194304 batches=4
[i]2026-05-15 22:52:01 [chiron]: [chiron-train] done: steps=30001 total_tokens=16384 wall=1.7s
