
============================================================
VESTA raw-momentum mode: scale ladder x horizon
============================================================

--- dModel=512, epochs=50, 3 seeds ---
variant                 n     trainNLL              testNLL               wall(s)   
-------                 ---   --------------------  --------------------  ----------
AdamW baseline          3      1.1156 +/- 0.1569     1.8979 +/- 0.0635     12.3 +/- 0.1  
VESTA+sign lp=0.2       3      2.5387 +/- 0.2485     2.8547 +/- 0.3658     55.4 +/- 0.1  
VESTA-raw lp=0.5        3      2.7173 +/- 0.0669     2.8498 +/- 0.0341     54.3 +/- 0.1  
VESTA-raw lp=1.0        3      1.7943 +/- 0.0578     2.1875 +/- 0.0196     54.3 +/- 0.2  
VESTA-raw lp=2.0        3      1.3218 +/- 0.0122     1.7947 +/- 0.0227     54.4 +/- 0.3  
VESTA-raw lp=5.0        3      1.0268 +/- 0.0110     1.6951 +/- 0.0355     54.3 +/- 0.2  
VESTA-raw lp=10.0       3      0.8777 +/- 0.0059     1.6834 +/- 0.0488     54.3 +/- 0.2  
VESTA-raw lp=20.0       3      0.7706 +/- 0.0049     1.7099 +/- 0.0444     54.3 +/- 0.1  

Best VESTA-raw: lp = 10.0, testNLL = 1.6834 +/- 0.0488
Delta vs AdamW: -0.2145 nats


--- dModel=1024, epochs=50, 3 seeds ---
variant                 n     trainNLL              testNLL               wall(s)   
-------                 ---   --------------------  --------------------  ----------
AdamW baseline          3      1.8021 +/- 0.3560     2.2256 +/- 0.1212     31.8 +/- 0.6  
VESTA+sign lp=0.2       3      3.7726 +/- 0.2377     3.7097 +/- 0.0423    228.7 +/- 0.9  
VESTA-raw lp=0.5        3      1.3686 +/- 0.0280     1.7088 +/- 0.0098    225.3 +/- 1.1  
VESTA-raw lp=1.0        3      1.0955 +/- 0.0155     1.6678 +/- 0.0066    225.6 +/- 0.8  
VESTA-raw lp=2.0        3      0.8745 +/- 0.0108     1.7083 +/- 0.0198    225.1 +/- 0.4  
VESTA-raw lp=5.0        3      0.7071 +/- 0.0077     1.8548 +/- 0.0427    224.0 +/- 1.1  
VESTA-raw lp=10.0       3      0.6383 +/- 0.0177     1.9803 +/- 0.0378    225.9 +/- 1.1  
VESTA-raw lp=20.0       3      0.6728 +/- 0.0229     2.0967 +/- 0.0038    225.3 +/- 0.3  

Best VESTA-raw: lp = 1.0, testNLL = 1.6678 +/- 0.0066
Delta vs AdamW: -0.5578 nats

========================
| Unit Tests Completed |
========================
