
============================================================
VESTA momentum comparison (5 seeds, lp x {no-mom, +mom})
============================================================
Base: dModel=128 layers=4 epochs=15 seq=384 LR=1.0e-02

mom       lambdaPerp  n     trainNLL            testNLL             wall(s)   
---       ----------  ---   ------------------  ------------------  ----------
plain     lp=0.20     5     2.0460 +/- 0.0324   2.1274 +/- 0.0259    3.36 +/- 0.10 
plain     lp=0.40     5     1.9591 +/- 0.0218   2.0580 +/- 0.0264    3.39 +/- 0.06 
plain     lp=0.60     5     1.9566 +/- 0.0281   2.0618 +/- 0.0254    3.34 +/- 0.04 
plain     lp=0.80     5     2.0274 +/- 0.0443   2.0981 +/- 0.0338    3.39 +/- 0.04 
plain     lp=1.00     5     2.0761 +/- 0.0652   2.1291 +/- 0.0639    3.40 +/- 0.03 
+mom      lp=0.20     5     1.8752 +/- 0.0279   1.9794 +/- 0.0286    3.42 +/- 0.08 
+mom      lp=0.40     5     1.8847 +/- 0.0417   1.9869 +/- 0.0217    3.43 +/- 0.05 
+mom      lp=0.60     5     1.9460 +/- 0.0302   2.0297 +/- 0.0207    3.41 +/- 0.07 
+mom      lp=0.80     5     2.0666 +/- 0.0573   2.1578 +/- 0.0503    3.41 +/- 0.03 
+mom      lp=1.00     5     2.1672 +/- 0.0808   2.2518 +/- 0.0658    3.37 +/- 0.06 

Best per branch:
  plain  lambdaPerp = 0.40  testNLL = 2.0580 +/- 0.0264
  +mom   lambdaPerp = 0.20  testNLL = 1.9794 +/- 0.0286
  Delta (+mom - plain) = -0.0786 nats

AdamW reference (LR=1e-2, same seeds, 5 runs):
  AdamW   testNLL = 1.8737 +/- 0.0279   wall = 0.79 s

Final deltas vs AdamW (testNLL, lower is better):
  VESTA plain  (lp=0.40) : +0.1843 nats
  VESTA +mom   (lp=0.20) : +0.1057 nats

========================
| Unit Tests Completed |
========================
