[glades-cuda] Using device 0: NVIDIA GeForce RTX 4080 SUPER (SM 8.9, 15936 MB, 80 SMs)
[i]2026-05-16 07:49:42 [chiron]: [chiron-train] device: NVIDIA GeForce RTX 4080 SUPER (sm_8.9), 15.6 GB VRAM
[i]2026-05-16 07:49:42 [chiron]: [val] enabled: every 200 steps, 8 batches (512 tokens/batch), buckets=8, bytes/tok=4.00
[i]2026-05-16 07:49:42 [chiron]: [fuse-attn-per-layer] allocated trainable gamma_p/beta_p [L=4 × m=128 × 2 × 4 = 4.00 KB params] (init 1/0); Adam state mode=fp32 adds proportional VRAM.
[i]2026-05-16 07:49:42 [chiron]: [chiron-train] VRAM usage after allocation: 0.74 / 15.56 GB (95.3% free)
[i]2026-05-16 07:49:42 [chiron]: [chiron-train] T=512 m=128 dModel=256 L=4 nH=4 dH=64 V=32000  params=4.62M  (17.6 MB FP32)
[i]2026-05-16 07:49:42 [chiron]: [chiron-train] lr=3.00e-04 wd=1.00e-02 seed=1337 max_steps=2000 adam=fp32 attn=tiled bf16_grads=0 bf16_weights=0 local_attn_W=0 warmup=50 grad_clip=1.00 accum=1 (effective batch=512 tokens)
[i]2026-05-16 07:49:42 [chiron]: [bf16-logits] tied-readout logits GEMMs routed through cublasGemmEx FAST_16BF (BF16-TC, FP32 in/out); 3 GEMMs/step at shape (T=512, V=32000, m=128) = 4.19 GFLOP each
[i]2026-05-16 07:49:42 [chiron]: [bf16-logits-storage] readout triple (logits, probs, dlogits) materialized as BF16 (T*V*2 = 0.03 GB each); FP32 triple would be 0.18 GB.  Added BF16 mirrors: W.E_bf cache (V*m = 8 MB, refreshed per step) and q_L_bf scratch (T*m = 0 MB, cast per step).  Net VRAM saved: 0.08 GB.  Math FP32 in registers, BF16 on load/store; NLL impact expected negligible (probs floor at 1e-12 after BF16→FP32 cast matches FP32 kernel).
[i]2026-05-16 07:49:42 [chiron]: [fuse-attn-per-layer] ACTIVE (DEFAULT since 2026-05-12): at EVERY layer, q ← q + (1/√L)·reln_p(p) BEFORE the q-reln.  Couples attention into q at every depth; bounds p magnitude; enables L ≥ 48 with attention training.  Per-layer trainable gamma_p[l]/beta_p[l] (init 1/0, task #12 2026-05-12).  Validated 1B fair-comparison: +1.09 nat ema @ 5000 steps vs --no-fuse-attn.
[i]2026-05-16 07:49:42 [chiron]: [step      1] loss=10.3926 ema=10.3926 best=10.3926@1 acc=0.0000 ||g||=1.779 scale=0.562 lr=6.00e-06 tok/s=5938 wall=0.1s
[i]2026-05-16 07:49:42 [chiron]: [val val   ] nll=10.3969 bpb=3.7499 ppl=32756.37 acc1=0.0010 acc5=0.0010 acc10=0.0012 pos=[10.40/10.40/10.38/10.40/10.39/10.41/10.39/10.39] n_tok=8192 batches=8
[i]2026-05-16 07:49:42 [chiron]: [step     10] loss=10.4068 ema=10.3975 best=10.3657@7 acc=0.0000 ||g||=2.110 scale=0.474 lr=6.00e-05 tok/s=83191 wall=0.1s
[i]2026-05-16 07:49:42 [chiron]: [step     20] loss=10.3889 ema=10.3993 best=10.3657@7 acc=0.0000 ||g||=1.765 scale=0.567 lr=1.20e-04 tok/s=124817 wall=0.2s
[i]2026-05-16 07:49:42 [chiron]: [step     30] loss=10.3614 ema=10.3866 best=10.3614@30 acc=0.0000 ||g||=2.441 scale=0.410 lr=1.80e-04 tok/s=124652 wall=0.2s
[i]2026-05-16 07:49:42 [chiron]: [step     40] loss=10.2913 ema=10.3504 best=10.2913@40 acc=0.0000 ||g||=1.177 scale=0.850 lr=2.40e-04 tok/s=125051 wall=0.3s
[i]2026-05-16 07:49:42 [chiron]: [step     50] loss=10.1959 ema=10.2960 best=10.1959@50 acc=0.0020 ||g||=1.608 scale=0.622 lr=3.00e-04 tok/s=125196 wall=0.3s
[i]2026-05-16 07:49:43 [chiron]: [step     60] loss=9.9005 ema=10.1205 best=9.9005@60 acc=0.0000 ||g||=1.073 scale=0.932 lr=3.00e-04 tok/s=125709 wall=0.3s
[i]2026-05-16 07:49:43 [chiron]: [step     70] loss=10.0492 ema=10.0001 best=9.7450@67 acc=0.0000 ||g||=1.396 scale=0.716 lr=3.00e-04 tok/s=132517 wall=0.4s
[i]2026-05-16 07:49:43 [chiron]: [step     80] loss=9.8329 ema=9.9653 best=9.7450@67 acc=0.0039 ||g||=0.708 scale=1.000 lr=3.00e-04 tok/s=132627 wall=0.4s
[i]2026-05-16 07:49:43 [chiron]: [step     90] loss=9.8051 ema=9.8765 best=9.7225@89 acc=0.0039 ||g||=1.059 scale=0.944 lr=3.00e-04 tok/s=132498 wall=0.5s
[i]2026-05-16 07:49:43 [chiron]: [step    100] loss=9.6638 ema=9.7567 best=9.6045@99 acc=0.0020 ||g||=0.743 scale=1.000 lr=3.00e-04 tok/s=132555 wall=0.5s
[i]2026-05-16 07:49:43 [chiron]: [step    110] loss=9.6111 ema=9.6713 best=9.5121@109 acc=0.0020 ||g||=0.736 scale=1.000 lr=3.00e-04 tok/s=132522 wall=0.5s
[i]2026-05-16 07:49:43 [chiron]: [step    120] loss=9.5262 ema=9.6795 best=9.5121@109 acc=0.0000 ||g||=0.957 scale=1.000 lr=3.00e-04 tok/s=132539 wall=0.6s
[i]2026-05-16 07:49:43 [chiron]: [step    130] loss=9.2606 ema=9.5269 best=9.2606@130 acc=0.0059 ||g||=0.936 scale=1.000 lr=3.00e-04 tok/s=132587 wall=0.6s
[i]2026-05-16 07:49:43 [chiron]: [step    140] loss=9.5100 ema=9.3391 best=8.8366@137 acc=0.0000 ||g||=0.906 scale=1.000 lr=3.00e-04 tok/s=132599 wall=0.7s
[i]2026-05-16 07:49:43 [chiron]: [step    150] loss=9.5521 ema=9.4142 best=8.8366@137 acc=0.0000 ||g||=0.881 scale=1.000 lr=3.00e-04 tok/s=132522 wall=0.7s
[i]2026-05-16 07:49:43 [chiron]: [step    160] loss=9.2458 ema=9.4502 best=8.8366@137 acc=0.0000 ||g||=3.077 scale=0.325 lr=3.00e-04 tok/s=132020 wall=0.7s
[i]2026-05-16 07:49:43 [chiron]: [step    170] loss=9.6693 ema=9.4311 best=8.8366@137 acc=0.0039 ||g||=0.824 scale=1.000 lr=3.00e-04 tok/s=132609 wall=0.8s
[i]2026-05-16 07:49:43 [chiron]: [step    180] loss=9.5499 ema=9.5768 best=8.8366@137 acc=0.0020 ||g||=1.148 scale=0.871 lr=3.00e-04 tok/s=132429 wall=0.8s
[i]2026-05-16 07:49:43 [chiron]: [step    190] loss=9.3885 ema=9.5645 best=8.8366@137 acc=0.0020 ||g||=0.802 scale=1.000 lr=3.00e-04 tok/s=132524 wall=0.8s
[i]2026-05-16 07:49:43 [chiron]: [step    200] loss=9.4699 ema=9.4720 best=8.8366@137 acc=0.0137 ||g||=0.837 scale=1.000 lr=3.00e-04 tok/s=132600 wall=0.9s
[i]2026-05-16 07:49:43 [chiron]: [val val   ] nll=9.4816 bpb=3.4198 ppl=13116.53 acc1=0.0024 acc5=0.0190 acc10=0.0315 pos=[9.46/9.53/9.57/9.42/9.39/9.55/9.45/9.49] n_tok=8192 batches=8
[i]2026-05-16 07:49:43 [chiron]: [step    210] loss=9.4266 ema=9.3926 best=8.8366@137 acc=0.0000 ||g||=0.900 scale=1.000 lr=3.00e-04 tok/s=91830 wall=0.9s
[i]2026-05-16 07:49:43 [chiron]: [step    220] loss=10.2985 ema=9.7295 best=8.8366@137 acc=0.0000 ||g||=1.486 scale=0.673 lr=3.00e-04 tok/s=132575 wall=1.0s
[i]2026-05-16 07:49:43 [chiron]: [step    230] loss=9.9379 ema=9.9524 best=8.8366@137 acc=0.0000 ||g||=1.288 scale=0.776 lr=3.00e-04 tok/s=132555 wall=1.0s
[i]2026-05-16 07:49:43 [chiron]: [step    240] loss=9.3872 ema=9.7411 best=8.8366@137 acc=0.0059 ||g||=0.697 scale=1.000 lr=3.00e-04 tok/s=132463 wall=1.1s
[i]2026-05-16 07:49:43 [chiron]: [step    250] loss=9.5437 ema=9.5636 best=8.8366@137 acc=0.0039 ||g||=0.704 scale=1.000 lr=3.00e-04 tok/s=132496 wall=1.1s
[i]2026-05-16 07:49:43 [chiron]: [step    260] loss=9.2733 ema=9.5211 best=8.8366@137 acc=0.0039 ||g||=0.675 scale=1.000 lr=3.00e-04 tok/s=132506 wall=1.1s
[i]2026-05-16 07:49:43 [chiron]: [step    270] loss=9.4815 ema=9.4661 best=8.8366@137 acc=0.0020 ||g||=0.634 scale=1.000 lr=3.00e-04 tok/s=132642 wall=1.2s
[i]2026-05-16 07:49:43 [chiron]: [step    280] loss=9.7813 ema=9.6562 best=8.8366@137 acc=0.0020 ||g||=1.105 scale=0.905 lr=3.00e-04 tok/s=132600 wall=1.2s
[i]2026-05-16 07:49:43 [chiron]: [step    290] loss=9.5957 ema=9.4930 best=8.8366@137 acc=0.0020 ||g||=1.458 scale=0.686 lr=3.00e-04 tok/s=132436 wall=1.3s
[i]2026-05-16 07:49:43 [chiron]: [step    300] loss=9.2428 ema=9.3937 best=8.8366@137 acc=0.0059 ||g||=0.769 scale=1.000 lr=3.00e-04 tok/s=132555 wall=1.3s
[i]2026-05-16 07:49:43 [chiron]: [step    310] loss=9.5683 ema=9.4044 best=8.8366@137 acc=0.0000 ||g||=1.717 scale=0.582 lr=3.00e-04 tok/s=132610 wall=1.3s
[i]2026-05-16 07:49:44 [chiron]: [step    320] loss=9.3976 ema=9.3915 best=8.8366@137 acc=0.0059 ||g||=0.828 scale=1.000 lr=3.00e-04 tok/s=132479 wall=1.4s
[i]2026-05-16 07:49:44 [chiron]: [step    330] loss=9.4364 ema=9.4498 best=8.8366@137 acc=0.0020 ||g||=0.607 scale=1.000 lr=3.00e-04 tok/s=132570 wall=1.4s
[i]2026-05-16 07:49:44 [chiron]: [step    340] loss=9.4865 ema=9.5432 best=8.8366@137 acc=0.0039 ||g||=0.840 scale=1.000 lr=3.00e-04 tok/s=132562 wall=1.4s
[i]2026-05-16 07:49:44 [chiron]: [step    350] loss=9.5276 ema=9.4876 best=8.8366@137 acc=0.0020 ||g||=0.642 scale=1.000 lr=3.00e-04 tok/s=132518 wall=1.5s
[i]2026-05-16 07:49:44 [chiron]: [step    360] loss=9.4769 ema=9.3720 best=8.8366@137 acc=0.0000 ||g||=1.230 scale=0.813 lr=3.00e-04 tok/s=132570 wall=1.5s
[i]2026-05-16 07:49:44 [chiron]: [step    370] loss=9.7675 ema=9.5560 best=8.8366@137 acc=0.0020 ||g||=0.962 scale=1.000 lr=3.00e-04 tok/s=132467 wall=1.6s
[i]2026-05-16 07:49:44 [chiron]: [step    380] loss=9.6796 ema=9.5695 best=8.8366@137 acc=0.0020 ||g||=0.896 scale=1.000 lr=3.00e-04 tok/s=132506 wall=1.6s
[i]2026-05-16 07:49:44 [chiron]: [step    390] loss=9.5499 ema=9.4886 best=8.8366@137 acc=0.0039 ||g||=0.678 scale=1.000 lr=3.00e-04 tok/s=132534 wall=1.6s
[i]2026-05-16 07:49:44 [chiron]: [step    400] loss=9.3704 ema=9.4439 best=8.8366@137 acc=0.0000 ||g||=0.814 scale=1.000 lr=3.00e-04 tok/s=132420 wall=1.7s
[i]2026-05-16 07:49:44 [chiron]: [val val   ] nll=9.3551 bpb=3.3742 ppl=11557.99 acc1=0.0112 acc5=0.0205 acc10=0.0386 pos=[9.46/9.34/9.42/9.39/9.34/9.33/9.28/9.30] n_tok=8192 batches=8
[i]2026-05-16 07:49:44 [chiron]: [step    410] loss=9.4249 ema=9.3811 best=8.8366@137 acc=0.0000 ||g||=0.646 scale=1.000 lr=3.00e-04 tok/s=91590 wall=1.7s
[i]2026-05-16 07:49:44 [chiron]: [step    420] loss=9.3034 ema=9.4116 best=8.8366@137 acc=0.0059 ||g||=0.993 scale=1.000 lr=3.00e-04 tok/s=132519 wall=1.8s
[i]2026-05-16 07:49:44 [chiron]: [step    430] loss=9.5473 ema=9.4397 best=8.8366@137 acc=0.0000 ||g||=0.926 scale=1.000 lr=3.00e-04 tok/s=132442 wall=1.8s
[i]2026-05-16 07:49:44 [chiron]: [step    440] loss=9.7533 ema=9.5004 best=8.8366@137 acc=0.0000 ||g||=1.117 scale=0.895 lr=3.00e-04 tok/s=132643 wall=1.8s
[i]2026-05-16 07:49:44 [chiron]: [step    450] loss=9.9576 ema=9.7075 best=8.8366@137 acc=0.0000 ||g||=1.265 scale=0.791 lr=3.00e-04 tok/s=132570 wall=1.9s
[i]2026-05-16 07:49:44 [chiron]: [step    460] loss=9.4607 ema=9.6657 best=8.8366@137 acc=0.0000 ||g||=1.181 scale=0.846 lr=3.00e-04 tok/s=132524 wall=1.9s
[i]2026-05-16 07:49:44 [chiron]: [step    470] loss=9.2522 ema=9.4709 best=8.8366@137 acc=0.0000 ||g||=1.031 scale=0.970 lr=3.00e-04 tok/s=132630 wall=2.0s
[i]2026-05-16 07:49:44 [chiron]: [step    480] loss=8.9803 ema=9.1960 best=8.8366@137 acc=0.0156 ||g||=1.002 scale=0.998 lr=3.00e-04 tok/s=132494 wall=2.0s
[i]2026-05-16 07:49:44 [chiron]: [step    490] loss=8.7109 ema=8.9347 best=8.6883@488 acc=0.0020 ||g||=1.240 scale=0.807 lr=3.00e-04 tok/s=132468 wall=2.0s
[i]2026-05-16 07:49:44 [chiron]: [step    500] loss=8.5531 ema=8.6534 best=8.3847@498 acc=0.0020 ||g||=1.095 scale=0.914 lr=3.00e-04 tok/s=132596 wall=2.1s
[i]2026-05-16 07:49:44 [chiron]: [step    510] loss=9.7703 ema=9.0083 best=8.2255@505 acc=0.0000 ||g||=0.887 scale=1.000 lr=3.00e-04 tok/s=132527 wall=2.1s
[i]2026-05-16 07:49:44 [chiron]: [step    520] loss=9.2680 ema=9.3699 best=8.2255@505 acc=0.0020 ||g||=1.113 scale=0.899 lr=3.00e-04 tok/s=132555 wall=2.2s
[i]2026-05-16 07:49:44 [chiron]: [step    530] loss=9.0909 ema=9.3205 best=8.2255@505 acc=0.0059 ||g||=1.193 scale=0.838 lr=3.00e-04 tok/s=132566 wall=2.2s
[i]2026-05-16 07:49:44 [chiron]: [step    540] loss=9.1602 ema=9.0240 best=8.2255@505 acc=0.0020 ||g||=1.081 scale=0.925 lr=3.00e-04 tok/s=132522 wall=2.2s
[i]2026-05-16 07:49:44 [chiron]: [step    550] loss=8.3683 ema=8.7719 best=8.2255@505 acc=0.0039 ||g||=1.100 scale=0.909 lr=3.00e-04 tok/s=132592 wall=2.3s
[i]2026-05-16 07:49:44 [chiron]: [step    560] loss=7.7965 ema=8.5023 best=7.7965@560 acc=0.0098 ||g||=1.589 scale=0.629 lr=3.00e-04 tok/s=132503 wall=2.3s
[i]2026-05-16 07:49:45 [chiron]: [step    570] loss=7.5416 ema=8.1983 best=7.5416@570 acc=0.0020 ||g||=1.627 scale=0.614 lr=3.00e-04 tok/s=131398 wall=2.4s
[i]2026-05-16 07:49:45 [chiron]: [step    580] loss=8.0993 ema=7.9616 best=7.4138@575 acc=0.0078 ||g||=1.167 scale=0.857 lr=3.00e-04 tok/s=131966 wall=2.4s
[i]2026-05-16 07:49:45 [chiron]: [step    590] loss=9.2840 ema=8.8284 best=7.4138@575 acc=0.0000 ||g||=1.034 scale=0.967 lr=3.00e-04 tok/s=132098 wall=2.4s
[i]2026-05-16 07:49:45 [chiron]: [step    600] loss=9.6221 ema=9.4235 best=7.4138@575 acc=0.0039 ||g||=1.015 scale=0.985 lr=3.00e-04 tok/s=132205 wall=2.5s
[i]2026-05-16 07:49:45 [chiron]: [val val   ] nll=9.7538 bpb=3.5179 ppl=17219.30 acc1=0.0017 acc5=0.0056 acc10=0.0081 pos=[9.80/9.71/9.60/9.84/9.82/9.74/9.80/9.72] n_tok=8192 batches=8
[i]2026-05-16 07:49:45 [chiron]: [step    610] loss=9.1959 ema=9.4207 best=7.4138@575 acc=0.0117 ||g||=1.362 scale=0.734 lr=3.00e-04 tok/s=91554 wall=2.5s
[i]2026-05-16 07:49:45 [chiron]: [step    620] loss=10.2151 ema=9.7965 best=7.4138@575 acc=0.0000 ||g||=1.984 scale=0.504 lr=3.00e-04 tok/s=132158 wall=2.6s
[i]2026-05-16 07:49:45 [chiron]: [step    630] loss=9.1676 ema=9.5792 best=7.4138@575 acc=0.0078 ||g||=0.730 scale=1.000 lr=3.00e-04 tok/s=132157 wall=2.6s
[i]2026-05-16 07:49:45 [chiron]: [step    640] loss=9.5570 ema=9.5317 best=7.4138@575 acc=0.0000 ||g||=0.744 scale=1.000 lr=3.00e-04 tok/s=132188 wall=2.6s
[i]2026-05-16 07:49:45 [chiron]: [step    650] loss=9.4426 ema=9.4883 best=7.4138@575 acc=0.0039 ||g||=0.779 scale=1.000 lr=3.00e-04 tok/s=132194 wall=2.7s
[i]2026-05-16 07:49:45 [chiron]: [step    660] loss=9.3352 ema=9.4844 best=7.4138@575 acc=0.0000 ||g||=0.787 scale=1.000 lr=3.00e-04 tok/s=131260 wall=2.7s
[i]2026-05-16 07:49:45 [chiron]: [step    670] loss=9.6634 ema=9.3059 best=7.4138@575 acc=0.0039 ||g||=0.870 scale=1.000 lr=3.00e-04 tok/s=132177 wall=2.8s
[i]2026-05-16 07:49:45 [chiron]: [step    680] loss=9.9765 ema=9.7454 best=7.4138@575 acc=0.0000 ||g||=1.176 scale=0.851 lr=3.00e-04 tok/s=132097 wall=2.8s
[i]2026-05-16 07:49:45 [chiron]: [step    690] loss=9.3067 ema=9.6341 best=7.4138@575 acc=0.0000 ||g||=0.991 scale=1.000 lr=3.00e-04 tok/s=132166 wall=2.8s
[i]2026-05-16 07:49:45 [chiron]: [step    700] loss=9.5540 ema=9.5081 best=7.4138@575 acc=0.0039 ||g||=1.022 scale=0.979 lr=3.00e-04 tok/s=132175 wall=2.9s
[i]2026-05-16 07:49:45 [chiron]: [step    710] loss=9.4473 ema=9.5435 best=7.4138@575 acc=0.0020 ||g||=0.906 scale=1.000 lr=3.00e-04 tok/s=132187 wall=2.9s
[i]2026-05-16 07:49:45 [chiron]: [step    720] loss=8.7257 ema=9.2671 best=7.4138@575 acc=0.0000 ||g||=1.315 scale=0.761 lr=3.00e-04 tok/s=132300 wall=2.9s
[i]2026-05-16 07:49:45 [chiron]: [step    730] loss=9.9212 ema=9.3764 best=7.4138@575 acc=0.0000 ||g||=1.253 scale=0.798 lr=3.00e-04 tok/s=132184 wall=3.0s
[i]2026-05-16 07:49:45 [chiron]: [step    740] loss=8.3273 ema=9.4064 best=7.4138@575 acc=0.0000 ||g||=3.118 scale=0.321 lr=3.00e-04 tok/s=132112 wall=3.0s
[i]2026-05-16 07:49:45 [chiron]: [step    750] loss=8.7006 ema=8.9727 best=7.4138@575 acc=0.0000 ||g||=2.075 scale=0.482 lr=3.00e-04 tok/s=132173 wall=3.1s
[i]2026-05-16 07:49:45 [chiron]: [step    760] loss=8.1703 ema=8.3593 best=7.4138@575 acc=0.0059 ||g||=2.274 scale=0.440 lr=3.00e-04 tok/s=132157 wall=3.1s
[i]2026-05-16 07:49:45 [chiron]: [step    770] loss=7.8218 ema=7.9861 best=7.4138@575 acc=0.0938 ||g||=1.996 scale=0.501 lr=3.00e-04 tok/s=132218 wall=3.1s
[i]2026-05-16 07:49:45 [chiron]: [step    780] loss=6.8287 ema=7.5973 best=6.8287@780 acc=0.0898 ||g||=2.720 scale=0.368 lr=3.00e-04 tok/s=132291 wall=3.2s
[i]2026-05-16 07:49:45 [chiron]: [step    790] loss=6.1955 ema=6.8017 best=5.8692@788 acc=0.1152 ||g||=3.025 scale=0.331 lr=3.00e-04 tok/s=132240 wall=3.2s
[i]2026-05-16 07:49:45 [chiron]: [step    800] loss=6.8536 ema=6.5204 best=5.7463@797 acc=0.0820 ||g||=1.665 scale=0.601 lr=3.00e-04 tok/s=132077 wall=3.3s
[i]2026-05-16 07:49:45 [chiron]: [val val   ] nll=10.0876 bpb=3.6383 ppl=24042.50 acc1=0.0002 acc5=0.0024 acc10=0.0042 pos=[10.15/10.08/9.83/10.02/10.22/9.95/10.13/10.33] n_tok=8192 batches=8
[i]2026-05-16 07:49:45 [chiron]: [step    810] loss=9.2369 ema=7.3546 best=5.7463@797 acc=0.0000 ||g||=1.093 scale=0.915 lr=3.00e-04 tok/s=91623 wall=3.3s
[i]2026-05-16 07:49:46 [chiron]: [step    820] loss=9.8632 ema=8.4618 best=5.7463@797 acc=0.0000 ||g||=1.020 scale=0.980 lr=3.00e-04 tok/s=132106 wall=3.4s
[i]2026-05-16 07:49:46 [chiron]: [step    830] loss=9.8786 ema=9.2872 best=5.7463@797 acc=0.0000 ||g||=0.990 scale=1.000 lr=3.00e-04 tok/s=132105 wall=3.4s
[i]2026-05-16 07:49:46 [chiron]: [step    840] loss=9.9584 ema=9.6929 best=5.7463@797 acc=0.0000 ||g||=0.981 scale=1.000 lr=3.00e-04 tok/s=132109 wall=3.4s
[i]2026-05-16 07:49:46 [chiron]: [step    850] loss=9.6547 ema=9.5973 best=5.7463@797 acc=0.0000 ||g||=0.930 scale=1.000 lr=3.00e-04 tok/s=132158 wall=3.5s
[i]2026-05-16 07:49:46 [chiron]: [step    860] loss=9.4705 ema=9.2827 best=5.7463@797 acc=0.0000 ||g||=1.127 scale=0.887 lr=3.00e-04 tok/s=132213 wall=3.5s
[i]2026-05-16 07:49:46 [chiron]: [step    870] loss=9.5675 ema=9.5387 best=5.7463@797 acc=0.0000 ||g||=1.192 scale=0.839 lr=3.00e-04 tok/s=132210 wall=3.5s
[i]2026-05-16 07:49:46 [chiron]: [step    880] loss=9.7140 ema=9.5170 best=5.7463@797 acc=0.0000 ||g||=0.934 scale=1.000 lr=3.00e-04 tok/s=132101 wall=3.6s
[i]2026-05-16 07:49:46 [chiron]: [step    890] loss=9.1663 ema=9.3976 best=5.7463@797 acc=0.0000 ||g||=0.827 scale=1.000 lr=3.00e-04 tok/s=132137 wall=3.6s
[i]2026-05-16 07:49:46 [chiron]: [step    900] loss=9.4491 ema=9.4441 best=5.7463@797 acc=0.0117 ||g||=0.930 scale=1.000 lr=3.00e-04 tok/s=132302 wall=3.7s
[i]2026-05-16 07:49:46 [chiron]: [step    910] loss=9.7659 ema=9.6205 best=5.7463@797 acc=0.0039 ||g||=1.169 scale=0.855 lr=3.00e-04 tok/s=132178 wall=3.7s
[i]2026-05-16 07:49:46 [chiron]: [step    920] loss=9.3783 ema=9.5213 best=5.7463@797 acc=0.0000 ||g||=0.855 scale=1.000 lr=3.00e-04 tok/s=131580 wall=3.7s
[i]2026-05-16 07:49:46 [chiron]: [step    930] loss=9.3761 ema=9.4428 best=5.7463@797 acc=0.0000 ||g||=0.843 scale=1.000 lr=3.00e-04 tok/s=132134 wall=3.8s
[i]2026-05-16 07:49:46 [chiron]: [step    940] loss=9.3998 ema=9.4047 best=5.7463@797 acc=0.0000 ||g||=0.733 scale=1.000 lr=3.00e-04 tok/s=132164 wall=3.8s
[i]2026-05-16 07:49:46 [chiron]: [step    950] loss=9.0806 ema=9.2984 best=5.7463@797 acc=0.0020 ||g||=1.237 scale=0.808 lr=3.00e-04 tok/s=132141 wall=3.9s
[i]2026-05-16 07:49:46 [chiron]: [step    960] loss=9.3609 ema=9.2432 best=5.7463@797 acc=0.0059 ||g||=0.748 scale=1.000 lr=3.00e-04 tok/s=132222 wall=3.9s
[i]2026-05-16 07:49:46 [chiron]: [step    970] loss=9.4033 ema=9.3596 best=5.7463@797 acc=0.0039 ||g||=0.631 scale=1.000 lr=3.00e-04 tok/s=132118 wall=3.9s
[i]2026-05-16 07:49:46 [chiron]: [step    980] loss=9.4625 ema=9.2927 best=5.7463@797 acc=0.0117 ||g||=0.851 scale=1.000 lr=3.00e-04 tok/s=132243 wall=4.0s
[i]2026-05-16 07:49:46 [chiron]: [step    990] loss=9.3705 ema=9.2852 best=5.7463@797 acc=0.0000 ||g||=1.263 scale=0.792 lr=3.00e-04 tok/s=132311 wall=4.0s
[i]2026-05-16 07:49:46 [chiron]: [step   1000] loss=9.2584 ema=9.2451 best=5.7463@797 acc=0.0078 ||g||=0.714 scale=1.000 lr=3.00e-04 tok/s=131601 wall=4.1s
[i]2026-05-16 07:49:46 [chiron]: [val val   ] nll=9.4030 bpb=3.3914 ppl=12124.49 acc1=0.0037 acc5=0.0186 acc10=0.0305 pos=[9.39/9.51/9.38/9.40/9.41/9.40/9.44/9.30] n_tok=8192 batches=8
[i]2026-05-16 07:49:46 [chiron]: [step   1010] loss=9.2717 ema=9.1854 best=5.7463@797 acc=0.0078 ||g||=0.618 scale=1.000 lr=3.00e-04 tok/s=91621 wall=4.1s
[i]2026-05-16 07:49:46 [chiron]: [step   1020] loss=9.2732 ema=9.2661 best=5.7463@797 acc=0.0117 ||g||=0.784 scale=1.000 lr=3.00e-04 tok/s=132172 wall=4.1s
[i]2026-05-16 07:49:46 [chiron]: [step   1030] loss=9.3706 ema=9.4273 best=5.7463@797 acc=0.0020 ||g||=0.636 scale=1.000 lr=3.00e-04 tok/s=132154 wall=4.2s
[i]2026-05-16 07:49:46 [chiron]: [step   1040] loss=9.3270 ema=9.3096 best=5.7463@797 acc=0.0039 ||g||=0.731 scale=1.000 lr=3.00e-04 tok/s=132204 wall=4.2s
[i]2026-05-16 07:49:46 [chiron]: [step   1050] loss=9.1080 ema=9.3365 best=5.7463@797 acc=0.0117 ||g||=0.895 scale=1.000 lr=3.00e-04 tok/s=132122 wall=4.3s
[i]2026-05-16 07:49:46 [chiron]: [step   1060] loss=9.8400 ema=9.3702 best=5.7463@797 acc=0.0000 ||g||=1.214 scale=0.824 lr=3.00e-04 tok/s=132190 wall=4.3s
[i]2026-05-16 07:49:47 [chiron]: [step   1070] loss=9.1595 ema=9.4040 best=5.7463@797 acc=0.0020 ||g||=0.963 scale=1.000 lr=3.00e-04 tok/s=132166 wall=4.3s
[i]2026-05-16 07:49:47 [chiron]: [step   1080] loss=9.2658 ema=9.2694 best=5.7463@797 acc=0.0020 ||g||=0.861 scale=1.000 lr=3.00e-04 tok/s=132138 wall=4.4s
[i]2026-05-16 07:49:47 [chiron]: [step   1090] loss=9.6146 ema=9.3688 best=5.7463@797 acc=0.0020 ||g||=0.772 scale=1.000 lr=3.00e-04 tok/s=132183 wall=4.4s
[i]2026-05-16 07:49:47 [chiron]: [step   1100] loss=9.4657 ema=9.3885 best=5.7463@797 acc=0.0000 ||g||=0.925 scale=1.000 lr=3.00e-04 tok/s=132226 wall=4.5s
[i]2026-05-16 07:49:47 [chiron]: [step   1110] loss=9.5542 ema=9.3177 best=5.7463@797 acc=0.0020 ||g||=1.018 scale=0.982 lr=3.00e-04 tok/s=132201 wall=4.5s
[i]2026-05-16 07:49:47 [chiron]: [step   1120] loss=9.3665 ema=9.2438 best=5.7463@797 acc=0.0039 ||g||=0.840 scale=1.000 lr=3.00e-04 tok/s=132204 wall=4.5s
[i]2026-05-16 07:49:47 [chiron]: [step   1130] loss=9.2203 ema=9.3713 best=5.7463@797 acc=0.0000 ||g||=0.891 scale=1.000 lr=3.00e-04 tok/s=132243 wall=4.6s
[i]2026-05-16 07:49:47 [chiron]: [step   1140] loss=9.7829 ema=9.2370 best=5.7463@797 acc=0.0039 ||g||=1.066 scale=0.938 lr=3.00e-04 tok/s=132178 wall=4.6s
[i]2026-05-16 07:49:47 [chiron]: [step   1150] loss=9.3836 ema=9.4044 best=5.7463@797 acc=0.0000 ||g||=0.843 scale=1.000 lr=3.00e-04 tok/s=132144 wall=4.7s
[i]2026-05-16 07:49:47 [chiron]: [step   1160] loss=9.1814 ema=9.3532 best=5.7463@797 acc=0.0000 ||g||=0.738 scale=1.000 lr=3.00e-04 tok/s=132173 wall=4.7s
[i]2026-05-16 07:49:47 [chiron]: [step   1170] loss=9.4153 ema=9.4378 best=5.7463@797 acc=0.0000 ||g||=0.883 scale=1.000 lr=3.00e-04 tok/s=131610 wall=4.7s
[i]2026-05-16 07:49:47 [chiron]: [step   1180] loss=9.1461 ema=9.2879 best=5.7463@797 acc=0.0020 ||g||=0.656 scale=1.000 lr=3.00e-04 tok/s=132075 wall=4.8s
[i]2026-05-16 07:49:47 [chiron]: [step   1190] loss=9.3537 ema=9.3434 best=5.7463@797 acc=0.0098 ||g||=0.679 scale=1.000 lr=3.00e-04 tok/s=132071 wall=4.8s
[i]2026-05-16 07:49:47 [chiron]: [step   1200] loss=9.2106 ema=9.2178 best=5.7463@797 acc=0.0039 ||g||=0.680 scale=1.000 lr=3.00e-04 tok/s=132307 wall=4.8s
[i]2026-05-16 07:49:47 [chiron]: [val val   ] nll=9.3474 bpb=3.3714 ppl=11469.25 acc1=0.0034 acc5=0.0168 acc10=0.0266 pos=[9.37/9.17/9.33/9.36/9.41/9.42/9.24/9.49] n_tok=8192 batches=8
[i]2026-05-16 07:49:47 [chiron]: [step   1210] loss=9.1795 ema=9.2533 best=5.7463@797 acc=0.0039 ||g||=0.914 scale=1.000 lr=3.00e-04 tok/s=91656 wall=4.9s
[i]2026-05-16 07:49:47 [chiron]: [step   1220] loss=9.3923 ema=9.3457 best=5.7463@797 acc=0.0020 ||g||=0.697 scale=1.000 lr=3.00e-04 tok/s=132121 wall=4.9s
[i]2026-05-16 07:49:47 [chiron]: [step   1230] loss=8.7831 ema=9.1113 best=5.7463@797 acc=0.0059 ||g||=1.195 scale=0.837 lr=3.00e-04 tok/s=132151 wall=5.0s
[i]2026-05-16 07:49:47 [chiron]: [step   1240] loss=9.2515 ema=9.2545 best=5.7463@797 acc=0.0000 ||g||=0.725 scale=1.000 lr=3.00e-04 tok/s=132121 wall=5.0s
[i]2026-05-16 07:49:47 [chiron]: [step   1250] loss=9.4734 ema=9.3888 best=5.7463@797 acc=0.0000 ||g||=1.095 scale=0.913 lr=3.00e-04 tok/s=131399 wall=5.1s
[i]2026-05-16 07:49:47 [chiron]: [step   1260] loss=9.2031 ema=9.3534 best=5.7463@797 acc=0.0000 ||g||=0.842 scale=1.000 lr=3.00e-04 tok/s=132273 wall=5.1s
[i]2026-05-16 07:49:47 [chiron]: [step   1270] loss=9.2675 ema=9.3287 best=5.7463@797 acc=0.0000 ||g||=0.640 scale=1.000 lr=3.00e-04 tok/s=132572 wall=5.1s
[i]2026-05-16 07:49:47 [chiron]: [step   1280] loss=9.1632 ema=9.3248 best=5.7463@797 acc=0.0000 ||g||=1.384 scale=0.723 lr=3.00e-04 tok/s=132630 wall=5.2s
[i]2026-05-16 07:49:47 [chiron]: [step   1290] loss=9.2592 ema=9.3161 best=5.7463@797 acc=0.0000 ||g||=0.723 scale=1.000 lr=3.00e-04 tok/s=132508 wall=5.2s
[i]2026-05-16 07:49:47 [chiron]: [step   1300] loss=9.6219 ema=9.3917 best=5.7463@797 acc=0.0137 ||g||=1.333 scale=0.750 lr=3.00e-04 tok/s=132569 wall=5.2s
[i]2026-05-16 07:49:47 [chiron]: [step   1310] loss=9.2930 ema=9.3721 best=5.7463@797 acc=0.0039 ||g||=0.616 scale=1.000 lr=3.00e-04 tok/s=132632 wall=5.3s
[i]2026-05-16 07:49:47 [chiron]: [step   1320] loss=9.2193 ema=9.3304 best=5.7463@797 acc=0.0000 ||g||=0.695 scale=1.000 lr=3.00e-04 tok/s=132498 wall=5.3s
[i]2026-05-16 07:49:48 [chiron]: [step   1330] loss=9.2996 ema=9.3400 best=5.7463@797 acc=0.0000 ||g||=0.580 scale=1.000 lr=3.00e-04 tok/s=132593 wall=5.4s
[i]2026-05-16 07:49:48 [chiron]: [step   1340] loss=9.4584 ema=9.3433 best=5.7463@797 acc=0.0020 ||g||=0.724 scale=1.000 lr=3.00e-04 tok/s=132522 wall=5.4s
[i]2026-05-16 07:49:48 [chiron]: [step   1350] loss=9.4585 ema=9.4311 best=5.7463@797 acc=0.0020 ||g||=0.795 scale=1.000 lr=3.00e-04 tok/s=132607 wall=5.4s
[i]2026-05-16 07:49:48 [chiron]: [step   1360] loss=9.0794 ema=9.2051 best=5.7463@797 acc=0.0098 ||g||=0.641 scale=1.000 lr=3.00e-04 tok/s=132581 wall=5.5s
[i]2026-05-16 07:49:48 [chiron]: [step   1370] loss=9.3235 ema=9.3676 best=5.7463@797 acc=0.0000 ||g||=1.214 scale=0.824 lr=3.00e-04 tok/s=132601 wall=5.5s
[i]2026-05-16 07:49:48 [chiron]: [step   1380] loss=9.3945 ema=9.3857 best=5.7463@797 acc=0.0000 ||g||=0.879 scale=1.000 lr=3.00e-04 tok/s=132607 wall=5.6s
[i]2026-05-16 07:49:48 [chiron]: [step   1390] loss=8.7497 ema=9.2082 best=5.7463@797 acc=0.0156 ||g||=1.474 scale=0.679 lr=3.00e-04 tok/s=132583 wall=5.6s
[i]2026-05-16 07:49:48 [chiron]: [step   1400] loss=8.6624 ema=8.7937 best=5.7463@797 acc=0.0820 ||g||=1.118 scale=0.895 lr=3.00e-04 tok/s=132476 wall=5.6s
[i]2026-05-16 07:49:48 [chiron]: [val val   ] nll=9.3393 bpb=3.3684 ppl=11376.42 acc1=0.0073 acc5=0.0159 acc10=0.0342 pos=[9.27/9.50/9.49/9.35/9.28/9.34/9.22/9.26] n_tok=8192 batches=8
[i]2026-05-16 07:49:48 [chiron]: [step   1410] loss=9.8086 ema=9.2413 best=5.7463@797 acc=0.0000 ||g||=1.067 scale=0.937 lr=3.00e-04 tok/s=91860 wall=5.7s
[i]2026-05-16 07:49:48 [chiron]: [step   1420] loss=9.4142 ema=9.3587 best=5.7463@797 acc=0.0000 ||g||=0.812 scale=1.000 lr=3.00e-04 tok/s=132006 wall=5.7s
[i]2026-05-16 07:49:48 [chiron]: [step   1430] loss=9.5893 ema=9.3992 best=5.7463@797 acc=0.0000 ||g||=0.862 scale=1.000 lr=3.00e-04 tok/s=132454 wall=5.8s
[i]2026-05-16 07:49:48 [chiron]: [step   1440] loss=9.2014 ema=9.3566 best=5.7463@797 acc=0.0000 ||g||=0.771 scale=1.000 lr=3.00e-04 tok/s=132531 wall=5.8s
[i]2026-05-16 07:49:48 [chiron]: [step   1450] loss=9.3127 ema=9.1947 best=5.7463@797 acc=0.0078 ||g||=0.966 scale=1.000 lr=3.00e-04 tok/s=132564 wall=5.8s
[i]2026-05-16 07:49:48 [chiron]: [step   1460] loss=9.4887 ema=9.2825 best=5.7463@797 acc=0.0000 ||g||=0.733 scale=1.000 lr=3.00e-04 tok/s=132481 wall=5.9s
[i]2026-05-16 07:49:48 [chiron]: [step   1470] loss=9.0761 ema=9.1985 best=5.7463@797 acc=0.0000 ||g||=0.909 scale=1.000 lr=3.00e-04 tok/s=132491 wall=5.9s
[i]2026-05-16 07:49:48 [chiron]: [step   1480] loss=9.3098 ema=9.2638 best=5.7463@797 acc=0.0000 ||g||=0.705 scale=1.000 lr=3.00e-04 tok/s=132502 wall=6.0s
[i]2026-05-16 07:49:48 [chiron]: [step   1490] loss=9.1336 ema=9.2316 best=5.7463@797 acc=0.0098 ||g||=0.749 scale=1.000 lr=3.00e-04 tok/s=132615 wall=6.0s
[i]2026-05-16 07:49:48 [chiron]: [step   1500] loss=9.3722 ema=9.2907 best=5.7463@797 acc=0.0000 ||g||=0.814 scale=1.000 lr=3.00e-04 tok/s=132546 wall=6.0s
[i]2026-05-16 07:49:48 [chiron]: [step   1510] loss=9.5931 ema=9.2818 best=5.7463@797 acc=0.0000 ||g||=0.763 scale=1.000 lr=3.00e-04 tok/s=132474 wall=6.1s
[i]2026-05-16 07:49:48 [chiron]: [step   1520] loss=9.3044 ema=9.4044 best=5.7463@797 acc=0.0000 ||g||=1.119 scale=0.894 lr=3.00e-04 tok/s=132587 wall=6.1s
[i]2026-05-16 07:49:48 [chiron]: [step   1530] loss=9.1126 ema=9.2760 best=5.7463@797 acc=0.0000 ||g||=0.582 scale=1.000 lr=3.00e-04 tok/s=132493 wall=6.2s
[i]2026-05-16 07:49:48 [chiron]: [step   1540] loss=9.1385 ema=9.2690 best=5.7463@797 acc=0.0020 ||g||=10.947 scale=0.091 lr=3.00e-04 tok/s=132560 wall=6.2s
[i]2026-05-16 07:49:48 [chiron]: [step   1550] loss=8.5010 ema=8.8834 best=5.7463@797 acc=0.0176 ||g||=1.515 scale=0.660 lr=3.00e-04 tok/s=132587 wall=6.2s
[i]2026-05-16 07:49:48 [chiron]: [step   1560] loss=8.3450 ema=8.5522 best=5.7463@797 acc=0.0195 ||g||=1.358 scale=0.736 lr=3.00e-04 tok/s=132601 wall=6.3s
[i]2026-05-16 07:49:48 [chiron]: [step   1570] loss=7.6662 ema=8.1518 best=5.7463@797 acc=0.0273 ||g||=1.538 scale=0.650 lr=3.00e-04 tok/s=132583 wall=6.3s
[i]2026-05-16 07:49:49 [chiron]: [step   1580] loss=9.2607 ema=8.8943 best=5.7463@797 acc=0.0039 ||g||=0.694 scale=1.000 lr=3.00e-04 tok/s=132499 wall=6.3s
[i]2026-05-16 07:49:49 [chiron]: [step   1590] loss=9.2331 ema=9.1156 best=5.7463@797 acc=0.0000 ||g||=0.722 scale=1.000 lr=3.00e-04 tok/s=132488 wall=6.4s
[i]2026-05-16 07:49:49 [chiron]: [step   1600] loss=9.3286 ema=9.2249 best=5.7463@797 acc=0.0059 ||g||=0.801 scale=1.000 lr=3.00e-04 tok/s=132599 wall=6.4s
[i]2026-05-16 07:49:49 [chiron]: [val val   ] nll=9.2692 bpb=3.3432 ppl=10606.24 acc1=0.0034 acc5=0.0103 acc10=0.0195 pos=[9.28/9.28/9.23/9.32/9.26/9.21/9.28/9.28] n_tok=8192 batches=8
[i]2026-05-16 07:49:49 [chiron]: [step   1610] loss=9.4640 ema=9.3037 best=5.7463@797 acc=0.0078 ||g||=1.741 scale=0.574 lr=3.00e-04 tok/s=91800 wall=6.5s
[i]2026-05-16 07:49:49 [chiron]: [step   1620] loss=9.5744 ema=9.4295 best=5.7463@797 acc=0.0020 ||g||=1.269 scale=0.788 lr=3.00e-04 tok/s=132504 wall=6.5s
[i]2026-05-16 07:49:49 [chiron]: [step   1630] loss=9.1062 ema=9.1775 best=5.7463@797 acc=0.0020 ||g||=1.085 scale=0.922 lr=3.00e-04 tok/s=132575 wall=6.6s
[i]2026-05-16 07:49:49 [chiron]: [step   1640] loss=9.3705 ema=9.0962 best=5.7463@797 acc=0.0020 ||g||=0.896 scale=1.000 lr=3.00e-04 tok/s=132504 wall=6.6s
[i]2026-05-16 07:49:49 [chiron]: [step   1650] loss=9.5945 ema=9.4286 best=5.7463@797 acc=0.0000 ||g||=1.390 scale=0.719 lr=3.00e-04 tok/s=132427 wall=6.6s
[i]2026-05-16 07:49:49 [chiron]: [step   1660] loss=9.5876 ema=9.5182 best=5.7463@797 acc=0.0059 ||g||=1.249 scale=0.800 lr=3.00e-04 tok/s=132506 wall=6.7s
[i]2026-05-16 07:49:49 [chiron]: [step   1670] loss=9.1071 ema=9.4046 best=5.7463@797 acc=0.0020 ||g||=1.029 scale=0.972 lr=3.00e-04 tok/s=132563 wall=6.7s
[i]2026-05-16 07:49:49 [chiron]: [step   1680] loss=9.3048 ema=9.3741 best=5.7463@797 acc=0.0000 ||g||=0.807 scale=1.000 lr=3.00e-04 tok/s=132067 wall=6.8s
[i]2026-05-16 07:49:49 [chiron]: [step   1690] loss=9.3740 ema=9.3543 best=5.7463@797 acc=0.0000 ||g||=0.715 scale=1.000 lr=3.00e-04 tok/s=132510 wall=6.8s
[i]2026-05-16 07:49:49 [chiron]: [step   1700] loss=9.3827 ema=9.3712 best=5.7463@797 acc=0.0000 ||g||=0.787 scale=1.000 lr=3.00e-04 tok/s=132531 wall=6.8s
[i]2026-05-16 07:49:49 [chiron]: [step   1710] loss=9.2533 ema=9.3114 best=5.7463@797 acc=0.0098 ||g||=0.678 scale=1.000 lr=3.00e-04 tok/s=132516 wall=6.9s
[i]2026-05-16 07:49:49 [chiron]: [step   1720] loss=8.9595 ema=9.3935 best=5.7463@797 acc=0.0195 ||g||=1.392 scale=0.719 lr=3.00e-04 tok/s=132432 wall=6.9s
[i]2026-05-16 07:49:49 [chiron]: [step   1730] loss=8.9169 ema=9.1428 best=5.7463@797 acc=0.0312 ||g||=0.959 scale=1.000 lr=3.00e-04 tok/s=132496 wall=6.9s
[i]2026-05-16 07:49:49 [chiron]: [step   1740] loss=9.5672 ema=9.3561 best=5.7463@797 acc=0.0273 ||g||=1.042 scale=0.960 lr=3.00e-04 tok/s=132590 wall=7.0s
[i]2026-05-16 07:49:49 [chiron]: [step   1750] loss=9.3502 ema=9.3416 best=5.7463@797 acc=0.0000 ||g||=0.672 scale=1.000 lr=3.00e-04 tok/s=132533 wall=7.0s
[i]2026-05-16 07:49:49 [chiron]: [step   1760] loss=9.3339 ema=9.3358 best=5.7463@797 acc=0.0039 ||g||=0.645 scale=1.000 lr=3.00e-04 tok/s=132461 wall=7.1s
[i]2026-05-16 07:49:49 [chiron]: [step   1770] loss=9.2646 ema=9.3736 best=5.7463@797 acc=0.0020 ||g||=0.968 scale=1.000 lr=3.00e-04 tok/s=132497 wall=7.1s
[i]2026-05-16 07:49:49 [chiron]: [step   1780] loss=9.4534 ema=8.9105 best=5.7463@797 acc=0.0000 ||g||=0.836 scale=1.000 lr=3.00e-04 tok/s=132523 wall=7.1s
[i]2026-05-16 07:49:49 [chiron]: [step   1790] loss=9.2537 ema=9.1285 best=5.7463@797 acc=0.0000 ||g||=0.662 scale=1.000 lr=3.00e-04 tok/s=132557 wall=7.2s
[i]2026-05-16 07:49:49 [chiron]: [step   1800] loss=8.6730 ema=9.0485 best=5.7463@797 acc=0.0059 ||g||=1.713 scale=0.584 lr=3.00e-04 tok/s=132549 wall=7.2s
[i]2026-05-16 07:49:49 [chiron]: [val val   ] nll=9.3601 bpb=3.3760 ppl=11616.04 acc1=0.0020 acc5=0.0127 acc10=0.0198 pos=[9.43/9.40/9.27/9.37/9.28/9.31/9.37/9.44] n_tok=8192 batches=8
[i]2026-05-16 07:49:49 [chiron]: [step   1810] loss=8.0912 ema=8.5093 best=5.7463@797 acc=0.0371 ||g||=1.970 scale=0.508 lr=3.00e-04 tok/s=91807 wall=7.3s
[i]2026-05-16 07:49:49 [chiron]: [step   1820] loss=8.2494 ema=8.3710 best=5.7463@797 acc=0.0039 ||g||=1.286 scale=0.777 lr=3.00e-04 tok/s=132455 wall=7.3s
[i]2026-05-16 07:49:50 [chiron]: [step   1830] loss=7.4191 ema=8.2437 best=5.7463@797 acc=0.1016 ||g||=2.846 scale=0.351 lr=3.00e-04 tok/s=132540 wall=7.3s
[i]2026-05-16 07:49:50 [chiron]: [step   1840] loss=8.6556 ema=8.4953 best=5.7463@797 acc=0.0078 ||g||=3.795 scale=0.263 lr=3.00e-04 tok/s=132449 wall=7.4s
[i]2026-05-16 07:49:50 [chiron]: [step   1850] loss=9.6292 ema=8.9964 best=5.7463@797 acc=0.0000 ||g||=0.990 scale=1.000 lr=3.00e-04 tok/s=132596 wall=7.4s
[i]2026-05-16 07:49:50 [chiron]: [step   1860] loss=9.3680 ema=9.2216 best=5.7463@797 acc=0.0117 ||g||=0.991 scale=1.000 lr=3.00e-04 tok/s=132552 wall=7.5s
[i]2026-05-16 07:49:50 [chiron]: [step   1870] loss=9.3982 ema=9.2547 best=5.7463@797 acc=0.0000 ||g||=1.524 scale=0.656 lr=3.00e-04 tok/s=132522 wall=7.5s
[i]2026-05-16 07:49:50 [chiron]: [step   1880] loss=8.9267 ema=9.1498 best=5.7463@797 acc=0.0293 ||g||=1.802 scale=0.555 lr=3.00e-04 tok/s=132571 wall=7.5s
[i]2026-05-16 07:49:50 [chiron]: [step   1890] loss=9.1195 ema=9.1473 best=5.7463@797 acc=0.0000 ||g||=2.590 scale=0.386 lr=3.00e-04 tok/s=132534 wall=7.6s
[i]2026-05-16 07:49:50 [chiron]: [step   1900] loss=9.1202 ema=9.0352 best=5.7463@797 acc=0.0000 ||g||=0.959 scale=1.000 lr=3.00e-04 tok/s=132593 wall=7.6s
[i]2026-05-16 07:49:50 [chiron]: [step   1910] loss=9.2737 ema=9.2747 best=5.7463@797 acc=0.0000 ||g||=1.676 scale=0.597 lr=3.00e-04 tok/s=132432 wall=7.7s
[i]2026-05-16 07:49:50 [chiron]: [step   1920] loss=9.4590 ema=9.2580 best=5.7463@797 acc=0.0000 ||g||=0.981 scale=1.000 lr=3.00e-04 tok/s=132534 wall=7.7s
[i]2026-05-16 07:49:50 [chiron]: [step   1930] loss=8.5148 ema=9.0197 best=5.7463@797 acc=0.0020 ||g||=1.766 scale=0.566 lr=3.00e-04 tok/s=131847 wall=7.7s
[i]2026-05-16 07:49:50 [chiron]: [step   1940] loss=9.4800 ema=9.1484 best=5.7463@797 acc=0.0000 ||g||=0.787 scale=1.000 lr=3.00e-04 tok/s=132419 wall=7.8s
[i]2026-05-16 07:49:50 [chiron]: [step   1950] loss=9.4133 ema=9.3248 best=5.7463@797 acc=0.0059 ||g||=1.497 scale=0.668 lr=3.00e-04 tok/s=130565 wall=7.8s
[i]2026-05-16 07:49:50 [chiron]: [step   1960] loss=9.4695 ema=9.3559 best=5.7463@797 acc=0.0000 ||g||=1.095 scale=0.913 lr=3.00e-04 tok/s=131968 wall=7.9s
[i]2026-05-16 07:49:50 [chiron]: [step   1970] loss=9.1471 ema=9.3064 best=5.7463@797 acc=0.0039 ||g||=0.590 scale=1.000 lr=3.00e-04 tok/s=132149 wall=7.9s
[i]2026-05-16 07:49:50 [chiron]: [step   1980] loss=9.4045 ema=9.3294 best=5.7463@797 acc=0.0020 ||g||=0.775 scale=1.000 lr=3.00e-04 tok/s=132112 wall=7.9s
[i]2026-05-16 07:49:50 [chiron]: [step   1990] loss=9.4083 ema=9.2574 best=5.7463@797 acc=0.0000 ||g||=1.542 scale=0.649 lr=3.00e-04 tok/s=132171 wall=8.0s
[i]2026-05-16 07:49:50 [chiron]: [step   2000] loss=9.2393 ema=9.2891 best=5.7463@797 acc=0.0020 ||g||=0.715 scale=1.000 lr=3.00e-04 tok/s=132071 wall=8.0s
[i]2026-05-16 07:49:50 [chiron]: [val val   ] nll=9.1053 bpb=3.2840 ppl=9002.67 acc1=0.0061 acc5=0.0259 acc10=0.0388 pos=[8.89/9.13/9.13/9.09/9.09/9.38/9.07/9.07] n_tok=8192 batches=8
[i]2026-05-16 07:49:50 [chiron]: [chiron-train] done: steps=2000 total_tokens=1024000 wall=8.0s
