[glades-cuda] Using device 0: NVIDIA GeForce RTX 4080 SUPER (SM 8.9, 15936 MB, 80 SMs)
[i]2026-05-15 23:14:38 [chiron]: [chiron-train] device: NVIDIA GeForce RTX 4080 SUPER (sm_8.9), 15.6 GB VRAM
[i]2026-05-15 23:14:38 [chiron]: [val] enabled: every 50 steps, 4 batches (16384 tokens/batch), buckets=8, bytes/tok=4.00
[i]2026-05-15 23:14:55 [chiron]: [scfa-bf16-inner] BF16 inner scratches overlay scfa_qpar: ~68.00 MB used of 128.00 MB (zero extra VRAM)
[i]2026-05-15 23:14:55 [chiron]: [scfa-bf16-outer] outer projection GEMMs routed through cublasGemmEx FAST_16BF (BF16-TC, FP32 in/out); 9 GEMMs/layer × L=24 = 216 GEMMs/step at shape (k=1024, m=2048, T=16384)
[i]2026-05-15 23:14:55 [chiron]: [scfa-fuse-streams] fused element-wise stream ops active: fwd qperp=q-qpar and p±=sign·(ypar+yperp); bwd qperp=q-qpar, p±=sign·(ypar+yperp), ypar=sign·dp. L=24 layers × 2 dirs = 48 fused fwd ops + 72 fused bwd ops/step
[i]2026-05-15 23:14:55 [chiron]: [scfa] allocated SCFA state: B=[T=16384 × k=1024]=64.00 MB (shared), D=[m=2048 × w+1=9] × L=24 (+dD)=3.38 MB, compression 16×, conv half-width 8
[i]2026-05-15 23:14:55 [chiron]: [scfa] design attention speedup at T=16384, k=1024: 14.8× (O(T²) → O(Tk + k² + Tw))
[i]2026-05-15 23:14:55 [chiron]: [sfa-train] training enabled: lr=1e-05 ortho_every=10 extra VRAM ≈ 819.73 MB (grad + Adam state + backward scratches)
[i]2026-05-15 23:14:55 [chiron]: [sfa] paradigm #250 layer-swap allocated: swap_layer=6 T=16384 d_s=8 d_h=2048 r=4 W=128 sinks=8 |E|=2219904 λ=0.01 iters=30 step=1 proj=identity solver=atomic → 308.24 MB total
[i]2026-05-15 23:14:55 [chiron]: [chiron-train] VRAM usage after allocation: 14.33 / 15.56 GB (7.9% free)
[i]2026-05-15 23:14:55 [chiron]: [load_full] CHRF v=4 with bf16 weights on disk
[i]2026-05-15 23:14:57 [chiron]: [chiron-train] loaded full state from /home/robert/dev/glades-ml/research/runs/2026-05-15-flagship-postfix-T16384-30k/chiron_1B_T16384.step30000 (resume step=30000, T=16384 L=24 α=0.000, slcLast=-1, faceStep=0)
[i]2026-05-15 23:14:57 [chiron]: [chiron-train] T=16384 m=2048 dModel=4096 L=24 nH=16 dH=256 V=32000  params=870.94M  (3322.4 MB FP32)
[i]2026-05-15 23:14:57 [chiron]: [chiron-train] lr=0.00e+00 wd=1.00e-02 seed=1337 max_steps=30201 adam=int8 attn=bf16-tiled bf16_grads=1 bf16_weights=1 local_attn_W=0 warmup=0 grad_clip=0.05 accum=1 (effective batch=16384 tokens)
[i]2026-05-15 23:14:57 [chiron]: [bf16-logits] tied-readout logits GEMMs routed through cublasGemmEx FAST_16BF (BF16-TC, FP32 in/out); 3 GEMMs/step at shape (T=16384, V=32000, m=2048) = 2147.48 GFLOP each
[i]2026-05-15 23:14:57 [chiron]: [scfa-reln-opt] reln memory-bandwidth optimizations active: (1) in-place chiron_reln_forward / chiron_reln_inverse (eliminates 48 post-reln memcpys/step at T·m=33554432 FP32 each); (2) fused chiron_reln_axpy_into_q kernel for per-layer-fuse path (eliminates 48 p_norm round-trips/step).  Bit-identical FP32 modulo sub-ULP FMA-ordering.  Zero new VRAM.
[i]2026-05-15 23:14:57 [chiron]: [bf16-logits-storage] readout triple (logits, probs, dlogits) materialized as BF16 (T*V*2 = 0.98 GB each); FP32 triple would be 5.86 GB.  Added BF16 mirrors: W.E_bf cache (V*m = 125 MB, refreshed per step) and q_L_bf scratch (T*m = 64 MB, cast per step).  Net VRAM saved: 2.75 GB.  Math FP32 in registers, BF16 on load/store; NLL impact expected negligible (probs floor at 1e-12 after BF16→FP32 cast matches FP32 kernel).
[i]2026-05-15 23:14:57 [chiron]: [fuse-attn-reln] ACTIVE: at layer L-1, q ← q + p BEFORE the existing reln; final LN normalizes the fused signal (task #31).  Wq/Wk/Wv/Wo gradients flow through bounded LayerNorm; stable at L ≤ 24 but breaks at L ≥ 48.
[W]2026-05-15 23:14:57 [chiron]: [resume] --no-resume-warmup: skipping iter-182 SLC re-arm; LR continues from natural cosine schedule.  Watch ‖g‖ in first 1000 steps for drift signs.
[i]2026-05-15 23:15:08 [chiron]: [step  30010] loss=4.7120 ema=5.4092 best=4.2799@30001 acc=0.1193 ||g||=0.890 scale=0.056 lr=0.00e+00 tok/s=14531 wall=11.3s
[i]2026-05-15 23:15:20 [chiron]: [step  30020] loss=4.2480 ema=5.7362 best=4.2480@30020 acc=0.1193 ||g||=0.967 scale=0.052 lr=0.00e+00 tok/s=14661 wall=22.5s
[i]2026-05-15 23:15:31 [chiron]: [step  30030] loss=8.7889 ema=6.2721 best=4.2480@30020 acc=0.0136 ||g||=1.786 scale=0.028 lr=0.00e+00 tok/s=14658 wall=33.6s
[i]2026-05-15 23:15:42 [chiron]: [step  30040] loss=4.4232 ema=5.2612 best=4.2480@30020 acc=0.1209 ||g||=0.739 scale=0.068 lr=0.00e+00 tok/s=14663 wall=44.8s
[i]2026-05-15 23:15:53 [chiron]: [step  30050] loss=4.5832 ema=5.4219 best=4.2411@30048 acc=0.1147 ||g||=1.060 scale=0.047 lr=0.00e+00 tok/s=14662 wall=56.0s
[i]2026-05-15 23:15:54 [chiron]: [val val   ] nll=6.1862 bpb=2.2312 ppl=486.00 acc1=0.0888 acc5=0.2997 acc10=0.4286 pos=[6.32/6.25/6.17/6.13/6.06/6.22/6.17/6.17] n_tok=4194304 batches=4
[i]2026-05-15 23:16:06 [chiron]: [step  30060] loss=5.3287 ema=5.6756 best=4.2411@30048 acc=0.1072 ||g||=3.904 scale=0.013 lr=0.00e+00 tok/s=13018 wall=68.6s
[i]2026-05-15 23:16:17 [chiron]: [step  30070] loss=4.4738 ema=5.3107 best=4.2411@30048 acc=0.1144 ||g||=0.674 scale=0.074 lr=0.00e+00 tok/s=14650 wall=79.7s
[i]2026-05-15 23:16:28 [chiron]: [step  30080] loss=4.3159 ema=5.2008 best=4.2411@30048 acc=0.1248 ||g||=1.667 scale=0.030 lr=0.00e+00 tok/s=14658 wall=90.9s
[i]2026-05-15 23:16:39 [chiron]: [step  30090] loss=4.3187 ema=5.6018 best=4.2411@30048 acc=0.1187 ||g||=1.096 scale=0.046 lr=0.00e+00 tok/s=14659 wall=102.1s
[i]2026-05-15 23:16:50 [chiron]: [step  30100] loss=4.3648 ema=5.8981 best=4.2411@30048 acc=0.1163 ||g||=0.823 scale=0.061 lr=0.00e+00 tok/s=14644 wall=113.3s
[i]2026-05-15 23:16:52 [chiron]: [val val   ] nll=5.4357 bpb=1.9605 ppl=229.45 acc1=0.1021 acc5=0.3653 acc10=0.5166 pos=[5.56/5.31/5.25/5.39/5.56/5.56/5.33/5.53] n_tok=4194304 batches=4
[i]2026-05-15 23:17:03 [chiron]: [step  30110] loss=7.7112 ema=6.0466 best=4.2411@30048 acc=0.0456 ||g||=1.034 scale=0.048 lr=0.00e+00 tok/s=12994 wall=125.9s
[i]2026-05-15 23:17:14 [chiron]: [step  30120] loss=7.2076 ema=6.0949 best=4.2411@30048 acc=0.0756 ||g||=5.881 scale=0.009 lr=0.00e+00 tok/s=14635 wall=137.1s
[i]2026-05-15 23:17:25 [chiron]: [step  30130] loss=4.4264 ema=5.8275 best=4.2306@30125 acc=0.1210 ||g||=0.715 scale=0.070 lr=0.00e+00 tok/s=14634 wall=148.3s
[i]2026-05-15 23:17:37 [chiron]: [step  30140] loss=7.8545 ema=6.5628 best=4.2306@30125 acc=0.0429 ||g||=1.045 scale=0.048 lr=0.00e+00 tok/s=14633 wall=159.5s
[i]2026-05-15 23:17:48 [chiron]: [step  30150] loss=4.9645 ema=6.2348 best=4.2306@30125 acc=0.1088 ||g||=8.934 scale=0.006 lr=0.00e+00 tok/s=14633 wall=170.7s
[i]2026-05-15 23:17:49 [chiron]: [val val   ] nll=6.6948 bpb=2.4146 ppl=808.19 acc1=0.0774 acc5=0.2538 acc10=0.3575 pos=[6.80/6.63/6.78/6.59/6.51/6.66/6.67/6.91] n_tok=4194304 batches=4
[i]2026-05-15 23:18:00 [chiron]: [step  30160] loss=6.5766 ema=6.4255 best=4.2285@30155 acc=0.0829 ||g||=2.903 scale=0.017 lr=0.00e+00 tok/s=12996 wall=183.3s
[i]2026-05-15 23:18:12 [chiron]: [step  30170] loss=4.3466 ema=6.0513 best=4.2285@30155 acc=0.1184 ||g||=0.845 scale=0.059 lr=0.00e+00 tok/s=14630 wall=194.5s
[i]2026-05-15 23:18:23 [chiron]: [step  30180] loss=4.3675 ema=5.7431 best=4.2285@30155 acc=0.1332 ||g||=4.136 scale=0.012 lr=0.00e+00 tok/s=14636 wall=205.7s
[i]2026-05-15 23:18:34 [chiron]: [step  30190] loss=4.6154 ema=5.5561 best=4.2285@30155 acc=0.1189 ||g||=1.266 scale=0.040 lr=0.00e+00 tok/s=14632 wall=216.9s
[i]2026-05-15 23:18:45 [chiron]: [step  30200] loss=4.3940 ema=5.9209 best=4.2285@30155 acc=0.1225 ||g||=1.849 scale=0.027 lr=0.00e+00 tok/s=14634 wall=228.1s
[i]2026-05-15 23:18:47 [chiron]: [val val   ] nll=5.6012 bpb=2.0202 ppl=270.75 acc1=0.1061 acc5=0.3706 acc10=0.5251 pos=[5.71/5.46/5.53/5.62/5.62/5.56/5.57/5.75] n_tok=4194304 batches=4
[i]2026-05-15 23:18:48 [chiron]: [chiron-train] done: steps=30201 total_tokens=3293184 wall=230.6s
