
============================================================
VESTA raw-momentum mode at dModel=512, 50 epochs
Tests: AdamW reference + VESTA-sign + VESTA-raw at multiple lp
============================================================
Config: dModel=512 dFF=1024 layers=4 epochs=50 LR=1.0e-02

variant                 n     trainNLL              testNLL               wall(s)   
-------                 ---   --------------------  --------------------  ----------
AdamW baseline          3      1.1156 +/- 0.1569     1.8979 +/- 0.0635     11.8 +/- 0.3  
VESTA+sign lp=0.2       3      2.5387 +/- 0.2485     2.8547 +/- 0.3658     54.3 +/- 0.2  
VESTA-raw lp=0.5        3      2.7173 +/- 0.0669     2.8498 +/- 0.0341     53.3 +/- 0.1  
VESTA-raw lp=1.0        3      1.7943 +/- 0.0578     2.1875 +/- 0.0196     53.1 +/- 0.2  
VESTA-raw lp=2.0        3      1.3218 +/- 0.0122     1.7947 +/- 0.0227     53.3 +/- 0.2  
VESTA-raw lp=5.0        3      1.0268 +/- 0.0110     1.6951 +/- 0.0355     53.1 +/- 0.2  
VESTA-raw lp=10.0       3      0.8777 +/- 0.0059     1.6834 +/- 0.0488     53.2 +/- 0.2  
VESTA-raw lp=20.0       3      0.7706 +/- 0.0049     1.7099 +/- 0.0444     53.2 +/- 0.2  

Best VESTA-raw: lp = 10.0, testNLL = 1.6834 +/- 0.0488
Delta vs AdamW: -0.2145 nats

========================
| Unit Tests Completed |
========================
